<!doctype html public "-//w3c//dtd html 4.0 transitional//en">
<html><head>
<title>Static Call Graph - [.\Objects\pmsm_foc_hall_sensor.axf]</title></head>
<body><HR>
<H1>Static Call Graph for image .\Objects\pmsm_foc_hall_sensor.axf</H1><HR>
<BR><P>#&#060CALLGRAPH&#062# ARM Linker, 6240002: Last Updated: Thu Sep 17 10:53:41 2026
<BR><P>
<H3>Maximum Stack Usage =        400 bytes + Unknown(Cycles, Untraceable Function Pointers)</H3><H3>
Call chain for Maximum Stack Depth:</H3>
SysTick_Handler &rArr; ESC_State_Task &rArr; motor_parameter_id_process &rArr; param_id_process &rArr; __hardfp_log &rArr; __kernel_poly &rArr; __aeabi_dmul &rArr; _double_epilogue &rArr; _double_round
<P>
<H3>
Mutually Recursive functions
</H3> <LI><a href="#[5f]">ACC_IRQHandler</a>&nbsp;&nbsp;&nbsp;&rArr;&nbsp;&nbsp;&nbsp;<a href="#[5f]">ACC_IRQHandler</a><BR>
 <LI><a href="#[4]">BusFault_Handler</a>&nbsp;&nbsp;&nbsp;&rArr;&nbsp;&nbsp;&nbsp;<a href="#[4]">BusFault_Handler</a><BR>
 <LI><a href="#[2]">HardFault_Handler</a>&nbsp;&nbsp;&nbsp;&rArr;&nbsp;&nbsp;&nbsp;<a href="#[2]">HardFault_Handler</a><BR>
 <LI><a href="#[3]">MemManage_Handler</a>&nbsp;&nbsp;&nbsp;&rArr;&nbsp;&nbsp;&nbsp;<a href="#[3]">MemManage_Handler</a><BR>
 <LI><a href="#[5]">UsageFault_Handler</a>&nbsp;&nbsp;&nbsp;&rArr;&nbsp;&nbsp;&nbsp;<a href="#[5]">UsageFault_Handler</a><BR>
</UL>
<P>
<H3>
Function Pointers
</H3><UL>
 <LI><a href="#[5f]">ACC_IRQHandler</a> from startup_at32f45x.o(.text) referenced from startup_at32f45x.o(RESET)
 <LI><a href="#[1c]">ADC1_2_IRQHandler</a> from mc_isr.o(.text.ADC1_2_IRQHandler) referenced from startup_at32f45x.o(RESET)
 <LI><a href="#[56]">AES_IRQHandler</a> from startup_at32f45x.o(.text) referenced from startup_at32f45x.o(RESET)
 <LI><a href="#[4]">BusFault_Handler</a> from at32f45x_int.o(.text.BusFault_Handler) referenced from startup_at32f45x.o(RESET)
 <LI><a href="#[20]">CAN1_ERR_IRQHandler</a> from startup_at32f45x.o(.text) referenced from startup_at32f45x.o(RESET)
 <LI><a href="#[1e]">CAN1_RX_IRQHandler</a> from startup_at32f45x.o(.text) referenced from startup_at32f45x.o(RESET)
 <LI><a href="#[1f]">CAN1_STAT_IRQHandler</a> from startup_at32f45x.o(.text) referenced from startup_at32f45x.o(RESET)
 <LI><a href="#[1d]">CAN1_TX_IRQHandler</a> from startup_at32f45x.o(.text) referenced from startup_at32f45x.o(RESET)
 <LI><a href="#[4b]">CAN2_ERR_IRQHandler</a> from startup_at32f45x.o(.text) referenced from startup_at32f45x.o(RESET)
 <LI><a href="#[49]">CAN2_RX_IRQHandler</a> from startup_at32f45x.o(.text) referenced from startup_at32f45x.o(RESET)
 <LI><a href="#[4a]">CAN2_STAT_IRQHandler</a> from startup_at32f45x.o(.text) referenced from startup_at32f45x.o(RESET)
 <LI><a href="#[48]">CAN2_TX_IRQHandler</a> from startup_at32f45x.o(.text) referenced from startup_at32f45x.o(RESET)
 <LI><a href="#[55]">CAN3_ERR_IRQHandler</a> from startup_at32f45x.o(.text) referenced from startup_at32f45x.o(RESET)
 <LI><a href="#[53]">CAN3_RX_IRQHandler</a> from startup_at32f45x.o(.text) referenced from startup_at32f45x.o(RESET)
 <LI><a href="#[54]">CAN3_STAT_IRQHandler</a> from startup_at32f45x.o(.text) referenced from startup_at32f45x.o(RESET)
 <LI><a href="#[52]">CAN3_TX_IRQHandler</a> from startup_at32f45x.o(.text) referenced from startup_at32f45x.o(RESET)
 <LI><a href="#[f]">CRM_IRQHandler</a> from startup_at32f45x.o(.text) referenced from startup_at32f45x.o(RESET)
 <LI><a href="#[15]">DMA1_Channel1_IRQHandler</a> from startup_at32f45x.o(.text) referenced from startup_at32f45x.o(RESET)
 <LI><a href="#[16]">DMA1_Channel2_IRQHandler</a> from startup_at32f45x.o(.text) referenced from startup_at32f45x.o(RESET)
 <LI><a href="#[17]">DMA1_Channel3_IRQHandler</a> from startup_at32f45x.o(.text) referenced from startup_at32f45x.o(RESET)
 <LI><a href="#[18]">DMA1_Channel4_IRQHandler</a> from startup_at32f45x.o(.text) referenced from startup_at32f45x.o(RESET)
 <LI><a href="#[19]">DMA1_Channel5_IRQHandler</a> from startup_at32f45x.o(.text) referenced from startup_at32f45x.o(RESET)
 <LI><a href="#[1a]">DMA1_Channel6_IRQHandler</a> from startup_at32f45x.o(.text) referenced from startup_at32f45x.o(RESET)
 <LI><a href="#[1b]">DMA1_Channel7_IRQHandler</a> from startup_at32f45x.o(.text) referenced from startup_at32f45x.o(RESET)
 <LI><a href="#[41]">DMA2_Channel1_IRQHandler</a> from startup_at32f45x.o(.text) referenced from startup_at32f45x.o(RESET)
 <LI><a href="#[42]">DMA2_Channel2_IRQHandler</a> from startup_at32f45x.o(.text) referenced from startup_at32f45x.o(RESET)
 <LI><a href="#[43]">DMA2_Channel3_IRQHandler</a> from startup_at32f45x.o(.text) referenced from startup_at32f45x.o(RESET)
 <LI><a href="#[44]">DMA2_Channel4_IRQHandler</a> from startup_at32f45x.o(.text) referenced from startup_at32f45x.o(RESET)
 <LI><a href="#[45]">DMA2_Channel5_IRQHandler</a> from startup_at32f45x.o(.text) referenced from startup_at32f45x.o(RESET)
 <LI><a href="#[4d]">DMA2_Channel6_IRQHandler</a> from startup_at32f45x.o(.text) referenced from startup_at32f45x.o(RESET)
 <LI><a href="#[4e]">DMA2_Channel7_IRQHandler</a> from startup_at32f45x.o(.text) referenced from startup_at32f45x.o(RESET)
 <LI><a href="#[5e]">DMAMUX_IRQHandler</a> from startup_at32f45x.o(.text) referenced from startup_at32f45x.o(RESET)
 <LI><a href="#[7]">DebugMon_Handler</a> from at32f45x_int.o(.text.DebugMon_Handler) referenced from startup_at32f45x.o(RESET)
 <LI><a href="#[46]">EMAC_IRQHandler</a> from startup_at32f45x.o(.text) referenced from startup_at32f45x.o(RESET)
 <LI><a href="#[47]">EMAC_WKUP_IRQHandler</a> from startup_at32f45x.o(.text) referenced from startup_at32f45x.o(RESET)
 <LI><a href="#[33]">ERTCAlarm_IRQHandler</a> from startup_at32f45x.o(.text) referenced from startup_at32f45x.o(RESET)
 <LI><a href="#[d]">ERTC_WKUP_IRQHandler</a> from startup_at32f45x.o(.text) referenced from startup_at32f45x.o(RESET)
 <LI><a href="#[10]">EXINT0_IRQHandler</a> from startup_at32f45x.o(.text) referenced from startup_at32f45x.o(RESET)
 <LI><a href="#[32]">EXINT15_10_IRQHandler</a> from mc_isr.o(.text.EXINT15_10_IRQHandler) referenced from startup_at32f45x.o(RESET)
 <LI><a href="#[11]">EXINT1_IRQHandler</a> from startup_at32f45x.o(.text) referenced from startup_at32f45x.o(RESET)
 <LI><a href="#[12]">EXINT2_IRQHandler</a> from startup_at32f45x.o(.text) referenced from startup_at32f45x.o(RESET)
 <LI><a href="#[13]">EXINT3_IRQHandler</a> from startup_at32f45x.o(.text) referenced from startup_at32f45x.o(RESET)
 <LI><a href="#[14]">EXINT4_IRQHandler</a> from startup_at32f45x.o(.text) referenced from startup_at32f45x.o(RESET)
 <LI><a href="#[21]">EXINT9_5_IRQHandler</a> from startup_at32f45x.o(.text) referenced from startup_at32f45x.o(RESET)
 <LI><a href="#[e]">FLASH_IRQHandler</a> from startup_at32f45x.o(.text) referenced from startup_at32f45x.o(RESET)
 <LI><a href="#[58]">FPU_IRQHandler</a> from startup_at32f45x.o(.text) referenced from startup_at32f45x.o(RESET)
 <LI><a href="#[2]">HardFault_Handler</a> from at32f45x_int.o(.text.HardFault_Handler) referenced from startup_at32f45x.o(RESET)
 <LI><a href="#[2a]">I2C1_ERR_IRQHandler</a> from startup_at32f45x.o(.text) referenced from startup_at32f45x.o(RESET)
 <LI><a href="#[29]">I2C1_EVT_IRQHandler</a> from startup_at32f45x.o(.text) referenced from startup_at32f45x.o(RESET)
 <LI><a href="#[2c]">I2C2_ERR_IRQHandler</a> from startup_at32f45x.o(.text) referenced from startup_at32f45x.o(RESET)
 <LI><a href="#[2b]">I2C2_EVT_IRQHandler</a> from startup_at32f45x.o(.text) referenced from startup_at32f45x.o(RESET)
 <LI><a href="#[51]">I2C3_ERR_IRQHandler</a> from startup_at32f45x.o(.text) referenced from startup_at32f45x.o(RESET)
 <LI><a href="#[50]">I2C3_EVT_IRQHandler</a> from startup_at32f45x.o(.text) referenced from startup_at32f45x.o(RESET)
 <LI><a href="#[5c]">I2SF5_IRQHandler</a> from startup_at32f45x.o(.text) referenced from startup_at32f45x.o(RESET)
 <LI><a href="#[3]">MemManage_Handler</a> from at32f45x_int.o(.text.MemManage_Handler) referenced from startup_at32f45x.o(RESET)
 <LI><a href="#[1]">NMI_Handler</a> from at32f45x_int.o(.text.NMI_Handler) referenced from startup_at32f45x.o(RESET)
 <LI><a href="#[4c]">OTGFS1_IRQHandler</a> from startup_at32f45x.o(.text) referenced from startup_at32f45x.o(RESET)
 <LI><a href="#[34]">OTGFS1_WKUP_IRQHandler</a> from startup_at32f45x.o(.text) referenced from startup_at32f45x.o(RESET)
 <LI><a href="#[b]">PVM_IRQHandler</a> from startup_at32f45x.o(.text) referenced from startup_at32f45x.o(RESET)
 <LI><a href="#[8]">PendSV_Handler</a> from at32f45x_int.o(.text.PendSV_Handler) referenced from startup_at32f45x.o(RESET)
 <LI><a href="#[5d]">QSPI1_IRQHandler</a> from startup_at32f45x.o(.text) referenced from startup_at32f45x.o(RESET)
 <LI><a href="#[0]">Reset_Handler</a> from startup_at32f45x.o(.text) referenced from startup_at32f45x.o(RESET)
 <LI><a href="#[3a]">SDIO1_IRQHandler</a> from startup_at32f45x.o(.text) referenced from startup_at32f45x.o(RESET)
 <LI><a href="#[2d]">SPI1_IRQHandler</a> from startup_at32f45x.o(.text) referenced from startup_at32f45x.o(RESET)
 <LI><a href="#[2e]">SPI2_I2S2EXT_IRQHandler</a> from startup_at32f45x.o(.text) referenced from startup_at32f45x.o(RESET)
 <LI><a href="#[3c]">SPI3_I2S3EXT_IRQHandler</a> from startup_at32f45x.o(.text) referenced from startup_at32f45x.o(RESET)
 <LI><a href="#[5b]">SPI4_IRQHandler</a> from startup_at32f45x.o(.text) referenced from startup_at32f45x.o(RESET)
 <LI><a href="#[6]">SVC_Handler</a> from at32f45x_int.o(.text.SVC_Handler) referenced from startup_at32f45x.o(RESET)
 <LI><a href="#[9]">SysTick_Handler</a> from mc_isr.o(.text.SysTick_Handler) referenced from startup_at32f45x.o(RESET)
 <LI><a href="#[61]">SystemInit</a> from system_at32f45x.o(.text.SystemInit) referenced from startup_at32f45x.o(.text)
 <LI><a href="#[c]">TAMP_STAMP_IRQHandler</a> from startup_at32f45x.o(.text) referenced from startup_at32f45x.o(RESET)
 <LI><a href="#[22]">TMR1_BRK_TMR9_IRQHandler</a> from mc_isr.o(.text.TMR1_BRK_TMR9_IRQHandler) referenced from startup_at32f45x.o(RESET)
 <LI><a href="#[25]">TMR1_CH_IRQHandler</a> from startup_at32f45x.o(.text) referenced from startup_at32f45x.o(RESET)
 <LI><a href="#[23]">TMR1_OVF_TMR10_IRQHandler</a> from mc_isr.o(.text.TMR1_OVF_TMR10_IRQHandler) referenced from startup_at32f45x.o(RESET)
 <LI><a href="#[24]">TMR1_TRG_HALL_TMR11_IRQHandler</a> from startup_at32f45x.o(.text) referenced from startup_at32f45x.o(RESET)
 <LI><a href="#[26]">TMR2_GLOBAL_IRQHandler</a> from startup_at32f45x.o(.text) referenced from startup_at32f45x.o(RESET)
 <LI><a href="#[27]">TMR3_GLOBAL_IRQHandler</a> from mc_isr.o(.text.TMR3_GLOBAL_IRQHandler) referenced from startup_at32f45x.o(RESET)
 <LI><a href="#[28]">TMR4_GLOBAL_IRQHandler</a> from startup_at32f45x.o(.text) referenced from startup_at32f45x.o(RESET)
 <LI><a href="#[3b]">TMR5_GLOBAL_IRQHandler</a> from startup_at32f45x.o(.text) referenced from startup_at32f45x.o(RESET)
 <LI><a href="#[3f]">TMR6_DAC_GLOBAL_IRQHandler</a> from startup_at32f45x.o(.text) referenced from startup_at32f45x.o(RESET)
 <LI><a href="#[40]">TMR7_GLOBAL_IRQHandler</a> from mc_isr.o(.text.TMR7_GLOBAL_IRQHandler) referenced from startup_at32f45x.o(RESET)
 <LI><a href="#[35]">TMR8_BRK_TMR12_IRQHandler</a> from startup_at32f45x.o(.text) referenced from startup_at32f45x.o(RESET)
 <LI><a href="#[38]">TMR8_CH_IRQHandler</a> from startup_at32f45x.o(.text) referenced from startup_at32f45x.o(RESET)
 <LI><a href="#[36]">TMR8_OVF_TMR13_IRQHandler</a> from startup_at32f45x.o(.text) referenced from startup_at32f45x.o(RESET)
 <LI><a href="#[37]">TMR8_TRG_HALL_TMR14_IRQHandler</a> from startup_at32f45x.o(.text) referenced from startup_at32f45x.o(RESET)
 <LI><a href="#[57]">TRNG_IRQHandler</a> from startup_at32f45x.o(.text) referenced from startup_at32f45x.o(RESET)
 <LI><a href="#[2f]">USART1_IRQHandler</a> from mc_comm_uart.o(.text.USART1_IRQHandler) referenced from startup_at32f45x.o(RESET)
 <LI><a href="#[30]">USART2_IRQHandler</a> from startup_at32f45x.o(.text) referenced from startup_at32f45x.o(RESET)
 <LI><a href="#[31]">USART3_IRQHandler</a> from startup_at32f45x.o(.text) referenced from startup_at32f45x.o(RESET)
 <LI><a href="#[3d]">USART4_IRQHandler</a> from startup_at32f45x.o(.text) referenced from startup_at32f45x.o(RESET)
 <LI><a href="#[3e]">USART5_IRQHandler</a> from startup_at32f45x.o(.text) referenced from startup_at32f45x.o(RESET)
 <LI><a href="#[4f]">USART6_IRQHandler</a> from startup_at32f45x.o(.text) referenced from startup_at32f45x.o(RESET)
 <LI><a href="#[59]">USART7_IRQHandler</a> from startup_at32f45x.o(.text) referenced from startup_at32f45x.o(RESET)
 <LI><a href="#[5a]">USART8_IRQHandler</a> from startup_at32f45x.o(.text) referenced from startup_at32f45x.o(RESET)
 <LI><a href="#[5]">UsageFault_Handler</a> from at32f45x_int.o(.text.UsageFault_Handler) referenced from startup_at32f45x.o(RESET)
 <LI><a href="#[a]">WWDT_IRQHandler</a> from startup_at32f45x.o(.text) referenced from startup_at32f45x.o(RESET)
 <LI><a href="#[39]">XMC_IRQHandler</a> from startup_at32f45x.o(.text) referenced from startup_at32f45x.o(RESET)
 <LI><a href="#[62]">__main</a> from entry.o(.ARM.Collect$$$$00000000) referenced from startup_at32f45x.o(.text)
 <LI><a href="#[60]">main</a> from main.o(.text.main) referenced from entry9a.o(.ARM.Collect$$$$0000000B)
</UL>
<P>
<H3>
Global Symbols
</H3>
<P><STRONG><a name="[62]"></a>__main</STRONG> (Thumb, 0 bytes, Stack size unknown bytes, entry.o(.ARM.Collect$$$$00000000))
<BR>[Address Reference Count : 1]<UL><LI> startup_at32f45x.o(.text)
</UL>
<P><STRONG><a name="[14c]"></a>_main_stk</STRONG> (Thumb, 0 bytes, Stack size unknown bytes, entry2.o(.ARM.Collect$$$$00000001))

<P><STRONG><a name="[63]"></a>_main_scatterload</STRONG> (Thumb, 0 bytes, Stack size unknown bytes, entry5.o(.ARM.Collect$$$$00000004))
<BR><BR>[Calls]<UL><LI><a href="#[64]">&gt;&gt;</a>&nbsp;&nbsp;&nbsp;__scatterload
</UL>

<P><STRONG><a name="[7a]"></a>__main_after_scatterload</STRONG> (Thumb, 0 bytes, Stack size unknown bytes, entry5.o(.ARM.Collect$$$$00000004))
<BR><BR>[Called By]<UL><LI><a href="#[64]">&gt;&gt;</a>&nbsp;&nbsp;&nbsp;__scatterload
</UL>

<P><STRONG><a name="[14d]"></a>_main_clock</STRONG> (Thumb, 0 bytes, Stack size unknown bytes, entry7b.o(.ARM.Collect$$$$00000008))

<P><STRONG><a name="[14e]"></a>_main_cpp_init</STRONG> (Thumb, 0 bytes, Stack size unknown bytes, entry8b.o(.ARM.Collect$$$$0000000A))

<P><STRONG><a name="[14f]"></a>_main_init</STRONG> (Thumb, 0 bytes, Stack size unknown bytes, entry9a.o(.ARM.Collect$$$$0000000B))

<P><STRONG><a name="[150]"></a>__rt_final_cpp</STRONG> (Thumb, 0 bytes, Stack size unknown bytes, entry10a.o(.ARM.Collect$$$$0000000D))

<P><STRONG><a name="[151]"></a>__rt_final_exit</STRONG> (Thumb, 0 bytes, Stack size unknown bytes, entry11a.o(.ARM.Collect$$$$0000000F))

<P><STRONG><a name="[0]"></a>Reset_Handler</STRONG> (Thumb, 8 bytes, Stack size 0 bytes, startup_at32f45x.o(.text))
<BR>[Address Reference Count : 1]<UL><LI> startup_at32f45x.o(RESET)
</UL>
<P><STRONG><a name="[5f]"></a>ACC_IRQHandler</STRONG> (Thumb, 0 bytes, Stack size 0 bytes, startup_at32f45x.o(.text))
<BR><BR>[Calls]<UL><LI><a href="#[5f]">&gt;&gt;</a>&nbsp;&nbsp;&nbsp;ACC_IRQHandler
</UL>
<BR>[Called By]<UL><LI><a href="#[5f]">&gt;&gt;</a>&nbsp;&nbsp;&nbsp;ACC_IRQHandler
</UL>
<BR>[Address Reference Count : 1]<UL><LI> startup_at32f45x.o(RESET)
</UL>
<P><STRONG><a name="[56]"></a>AES_IRQHandler</STRONG> (Thumb, 0 bytes, Stack size 0 bytes, startup_at32f45x.o(.text))
<BR>[Address Reference Count : 1]<UL><LI> startup_at32f45x.o(RESET)
</UL>
<P><STRONG><a name="[20]"></a>CAN1_ERR_IRQHandler</STRONG> (Thumb, 0 bytes, Stack size 0 bytes, startup_at32f45x.o(.text))
<BR>[Address Reference Count : 1]<UL><LI> startup_at32f45x.o(RESET)
</UL>
<P><STRONG><a name="[1e]"></a>CAN1_RX_IRQHandler</STRONG> (Thumb, 0 bytes, Stack size 0 bytes, startup_at32f45x.o(.text))
<BR>[Address Reference Count : 1]<UL><LI> startup_at32f45x.o(RESET)
</UL>
<P><STRONG><a name="[1f]"></a>CAN1_STAT_IRQHandler</STRONG> (Thumb, 0 bytes, Stack size 0 bytes, startup_at32f45x.o(.text))
<BR>[Address Reference Count : 1]<UL><LI> startup_at32f45x.o(RESET)
</UL>
<P><STRONG><a name="[1d]"></a>CAN1_TX_IRQHandler</STRONG> (Thumb, 0 bytes, Stack size 0 bytes, startup_at32f45x.o(.text))
<BR>[Address Reference Count : 1]<UL><LI> startup_at32f45x.o(RESET)
</UL>
<P><STRONG><a name="[4b]"></a>CAN2_ERR_IRQHandler</STRONG> (Thumb, 0 bytes, Stack size 0 bytes, startup_at32f45x.o(.text))
<BR>[Address Reference Count : 1]<UL><LI> startup_at32f45x.o(RESET)
</UL>
<P><STRONG><a name="[49]"></a>CAN2_RX_IRQHandler</STRONG> (Thumb, 0 bytes, Stack size 0 bytes, startup_at32f45x.o(.text))
<BR>[Address Reference Count : 1]<UL><LI> startup_at32f45x.o(RESET)
</UL>
<P><STRONG><a name="[4a]"></a>CAN2_STAT_IRQHandler</STRONG> (Thumb, 0 bytes, Stack size 0 bytes, startup_at32f45x.o(.text))
<BR>[Address Reference Count : 1]<UL><LI> startup_at32f45x.o(RESET)
</UL>
<P><STRONG><a name="[48]"></a>CAN2_TX_IRQHandler</STRONG> (Thumb, 0 bytes, Stack size 0 bytes, startup_at32f45x.o(.text))
<BR>[Address Reference Count : 1]<UL><LI> startup_at32f45x.o(RESET)
</UL>
<P><STRONG><a name="[55]"></a>CAN3_ERR_IRQHandler</STRONG> (Thumb, 0 bytes, Stack size 0 bytes, startup_at32f45x.o(.text))
<BR>[Address Reference Count : 1]<UL><LI> startup_at32f45x.o(RESET)
</UL>
<P><STRONG><a name="[53]"></a>CAN3_RX_IRQHandler</STRONG> (Thumb, 0 bytes, Stack size 0 bytes, startup_at32f45x.o(.text))
<BR>[Address Reference Count : 1]<UL><LI> startup_at32f45x.o(RESET)
</UL>
<P><STRONG><a name="[54]"></a>CAN3_STAT_IRQHandler</STRONG> (Thumb, 0 bytes, Stack size 0 bytes, startup_at32f45x.o(.text))
<BR>[Address Reference Count : 1]<UL><LI> startup_at32f45x.o(RESET)
</UL>
<P><STRONG><a name="[52]"></a>CAN3_TX_IRQHandler</STRONG> (Thumb, 0 bytes, Stack size 0 bytes, startup_at32f45x.o(.text))
<BR>[Address Reference Count : 1]<UL><LI> startup_at32f45x.o(RESET)
</UL>
<P><STRONG><a name="[f]"></a>CRM_IRQHandler</STRONG> (Thumb, 0 bytes, Stack size 0 bytes, startup_at32f45x.o(.text))
<BR>[Address Reference Count : 1]<UL><LI> startup_at32f45x.o(RESET)
</UL>
<P><STRONG><a name="[15]"></a>DMA1_Channel1_IRQHandler</STRONG> (Thumb, 0 bytes, Stack size 0 bytes, startup_at32f45x.o(.text))
<BR>[Address Reference Count : 1]<UL><LI> startup_at32f45x.o(RESET)
</UL>
<P><STRONG><a name="[16]"></a>DMA1_Channel2_IRQHandler</STRONG> (Thumb, 0 bytes, Stack size 0 bytes, startup_at32f45x.o(.text))
<BR>[Address Reference Count : 1]<UL><LI> startup_at32f45x.o(RESET)
</UL>
<P><STRONG><a name="[17]"></a>DMA1_Channel3_IRQHandler</STRONG> (Thumb, 0 bytes, Stack size 0 bytes, startup_at32f45x.o(.text))
<BR>[Address Reference Count : 1]<UL><LI> startup_at32f45x.o(RESET)
</UL>
<P><STRONG><a name="[18]"></a>DMA1_Channel4_IRQHandler</STRONG> (Thumb, 0 bytes, Stack size 0 bytes, startup_at32f45x.o(.text))
<BR>[Address Reference Count : 1]<UL><LI> startup_at32f45x.o(RESET)
</UL>
<P><STRONG><a name="[19]"></a>DMA1_Channel5_IRQHandler</STRONG> (Thumb, 0 bytes, Stack size 0 bytes, startup_at32f45x.o(.text))
<BR>[Address Reference Count : 1]<UL><LI> startup_at32f45x.o(RESET)
</UL>
<P><STRONG><a name="[1a]"></a>DMA1_Channel6_IRQHandler</STRONG> (Thumb, 0 bytes, Stack size 0 bytes, startup_at32f45x.o(.text))
<BR>[Address Reference Count : 1]<UL><LI> startup_at32f45x.o(RESET)
</UL>
<P><STRONG><a name="[1b]"></a>DMA1_Channel7_IRQHandler</STRONG> (Thumb, 0 bytes, Stack size 0 bytes, startup_at32f45x.o(.text))
<BR>[Address Reference Count : 1]<UL><LI> startup_at32f45x.o(RESET)
</UL>
<P><STRONG><a name="[41]"></a>DMA2_Channel1_IRQHandler</STRONG> (Thumb, 0 bytes, Stack size 0 bytes, startup_at32f45x.o(.text))
<BR>[Address Reference Count : 1]<UL><LI> startup_at32f45x.o(RESET)
</UL>
<P><STRONG><a name="[42]"></a>DMA2_Channel2_IRQHandler</STRONG> (Thumb, 0 bytes, Stack size 0 bytes, startup_at32f45x.o(.text))
<BR>[Address Reference Count : 1]<UL><LI> startup_at32f45x.o(RESET)
</UL>
<P><STRONG><a name="[43]"></a>DMA2_Channel3_IRQHandler</STRONG> (Thumb, 0 bytes, Stack size 0 bytes, startup_at32f45x.o(.text))
<BR>[Address Reference Count : 1]<UL><LI> startup_at32f45x.o(RESET)
</UL>
<P><STRONG><a name="[44]"></a>DMA2_Channel4_IRQHandler</STRONG> (Thumb, 0 bytes, Stack size 0 bytes, startup_at32f45x.o(.text))
<BR>[Address Reference Count : 1]<UL><LI> startup_at32f45x.o(RESET)
</UL>
<P><STRONG><a name="[45]"></a>DMA2_Channel5_IRQHandler</STRONG> (Thumb, 0 bytes, Stack size 0 bytes, startup_at32f45x.o(.text))
<BR>[Address Reference Count : 1]<UL><LI> startup_at32f45x.o(RESET)
</UL>
<P><STRONG><a name="[4d]"></a>DMA2_Channel6_IRQHandler</STRONG> (Thumb, 0 bytes, Stack size 0 bytes, startup_at32f45x.o(.text))
<BR>[Address Reference Count : 1]<UL><LI> startup_at32f45x.o(RESET)
</UL>
<P><STRONG><a name="[4e]"></a>DMA2_Channel7_IRQHandler</STRONG> (Thumb, 0 bytes, Stack size 0 bytes, startup_at32f45x.o(.text))
<BR>[Address Reference Count : 1]<UL><LI> startup_at32f45x.o(RESET)
</UL>
<P><STRONG><a name="[5e]"></a>DMAMUX_IRQHandler</STRONG> (Thumb, 0 bytes, Stack size 0 bytes, startup_at32f45x.o(.text))
<BR>[Address Reference Count : 1]<UL><LI> startup_at32f45x.o(RESET)
</UL>
<P><STRONG><a name="[46]"></a>EMAC_IRQHandler</STRONG> (Thumb, 0 bytes, Stack size 0 bytes, startup_at32f45x.o(.text))
<BR>[Address Reference Count : 1]<UL><LI> startup_at32f45x.o(RESET)
</UL>
<P><STRONG><a name="[47]"></a>EMAC_WKUP_IRQHandler</STRONG> (Thumb, 0 bytes, Stack size 0 bytes, startup_at32f45x.o(.text))
<BR>[Address Reference Count : 1]<UL><LI> startup_at32f45x.o(RESET)
</UL>
<P><STRONG><a name="[33]"></a>ERTCAlarm_IRQHandler</STRONG> (Thumb, 0 bytes, Stack size 0 bytes, startup_at32f45x.o(.text))
<BR>[Address Reference Count : 1]<UL><LI> startup_at32f45x.o(RESET)
</UL>
<P><STRONG><a name="[d]"></a>ERTC_WKUP_IRQHandler</STRONG> (Thumb, 0 bytes, Stack size 0 bytes, startup_at32f45x.o(.text))
<BR>[Address Reference Count : 1]<UL><LI> startup_at32f45x.o(RESET)
</UL>
<P><STRONG><a name="[10]"></a>EXINT0_IRQHandler</STRONG> (Thumb, 0 bytes, Stack size 0 bytes, startup_at32f45x.o(.text))
<BR>[Address Reference Count : 1]<UL><LI> startup_at32f45x.o(RESET)
</UL>
<P><STRONG><a name="[11]"></a>EXINT1_IRQHandler</STRONG> (Thumb, 0 bytes, Stack size 0 bytes, startup_at32f45x.o(.text))
<BR>[Address Reference Count : 1]<UL><LI> startup_at32f45x.o(RESET)
</UL>
<P><STRONG><a name="[12]"></a>EXINT2_IRQHandler</STRONG> (Thumb, 0 bytes, Stack size 0 bytes, startup_at32f45x.o(.text))
<BR>[Address Reference Count : 1]<UL><LI> startup_at32f45x.o(RESET)
</UL>
<P><STRONG><a name="[13]"></a>EXINT3_IRQHandler</STRONG> (Thumb, 0 bytes, Stack size 0 bytes, startup_at32f45x.o(.text))
<BR>[Address Reference Count : 1]<UL><LI> startup_at32f45x.o(RESET)
</UL>
<P><STRONG><a name="[14]"></a>EXINT4_IRQHandler</STRONG> (Thumb, 0 bytes, Stack size 0 bytes, startup_at32f45x.o(.text))
<BR>[Address Reference Count : 1]<UL><LI> startup_at32f45x.o(RESET)
</UL>
<P><STRONG><a name="[21]"></a>EXINT9_5_IRQHandler</STRONG> (Thumb, 0 bytes, Stack size 0 bytes, startup_at32f45x.o(.text))
<BR>[Address Reference Count : 1]<UL><LI> startup_at32f45x.o(RESET)
</UL>
<P><STRONG><a name="[e]"></a>FLASH_IRQHandler</STRONG> (Thumb, 0 bytes, Stack size 0 bytes, startup_at32f45x.o(.text))
<BR>[Address Reference Count : 1]<UL><LI> startup_at32f45x.o(RESET)
</UL>
<P><STRONG><a name="[58]"></a>FPU_IRQHandler</STRONG> (Thumb, 0 bytes, Stack size 0 bytes, startup_at32f45x.o(.text))
<BR>[Address Reference Count : 1]<UL><LI> startup_at32f45x.o(RESET)
</UL>
<P><STRONG><a name="[2a]"></a>I2C1_ERR_IRQHandler</STRONG> (Thumb, 0 bytes, Stack size 0 bytes, startup_at32f45x.o(.text))
<BR>[Address Reference Count : 1]<UL><LI> startup_at32f45x.o(RESET)
</UL>
<P><STRONG><a name="[29]"></a>I2C1_EVT_IRQHandler</STRONG> (Thumb, 0 bytes, Stack size 0 bytes, startup_at32f45x.o(.text))
<BR>[Address Reference Count : 1]<UL><LI> startup_at32f45x.o(RESET)
</UL>
<P><STRONG><a name="[2c]"></a>I2C2_ERR_IRQHandler</STRONG> (Thumb, 0 bytes, Stack size 0 bytes, startup_at32f45x.o(.text))
<BR>[Address Reference Count : 1]<UL><LI> startup_at32f45x.o(RESET)
</UL>
<P><STRONG><a name="[2b]"></a>I2C2_EVT_IRQHandler</STRONG> (Thumb, 0 bytes, Stack size 0 bytes, startup_at32f45x.o(.text))
<BR>[Address Reference Count : 1]<UL><LI> startup_at32f45x.o(RESET)
</UL>
<P><STRONG><a name="[51]"></a>I2C3_ERR_IRQHandler</STRONG> (Thumb, 0 bytes, Stack size 0 bytes, startup_at32f45x.o(.text))
<BR>[Address Reference Count : 1]<UL><LI> startup_at32f45x.o(RESET)
</UL>
<P><STRONG><a name="[50]"></a>I2C3_EVT_IRQHandler</STRONG> (Thumb, 0 bytes, Stack size 0 bytes, startup_at32f45x.o(.text))
<BR>[Address Reference Count : 1]<UL><LI> startup_at32f45x.o(RESET)
</UL>
<P><STRONG><a name="[5c]"></a>I2SF5_IRQHandler</STRONG> (Thumb, 0 bytes, Stack size 0 bytes, startup_at32f45x.o(.text))
<BR>[Address Reference Count : 1]<UL><LI> startup_at32f45x.o(RESET)
</UL>
<P><STRONG><a name="[4c]"></a>OTGFS1_IRQHandler</STRONG> (Thumb, 0 bytes, Stack size 0 bytes, startup_at32f45x.o(.text))
<BR>[Address Reference Count : 1]<UL><LI> startup_at32f45x.o(RESET)
</UL>
<P><STRONG><a name="[34]"></a>OTGFS1_WKUP_IRQHandler</STRONG> (Thumb, 0 bytes, Stack size 0 bytes, startup_at32f45x.o(.text))
<BR>[Address Reference Count : 1]<UL><LI> startup_at32f45x.o(RESET)
</UL>
<P><STRONG><a name="[b]"></a>PVM_IRQHandler</STRONG> (Thumb, 0 bytes, Stack size 0 bytes, startup_at32f45x.o(.text))
<BR>[Address Reference Count : 1]<UL><LI> startup_at32f45x.o(RESET)
</UL>
<P><STRONG><a name="[5d]"></a>QSPI1_IRQHandler</STRONG> (Thumb, 0 bytes, Stack size 0 bytes, startup_at32f45x.o(.text))
<BR>[Address Reference Count : 1]<UL><LI> startup_at32f45x.o(RESET)
</UL>
<P><STRONG><a name="[3a]"></a>SDIO1_IRQHandler</STRONG> (Thumb, 0 bytes, Stack size 0 bytes, startup_at32f45x.o(.text))
<BR>[Address Reference Count : 1]<UL><LI> startup_at32f45x.o(RESET)
</UL>
<P><STRONG><a name="[2d]"></a>SPI1_IRQHandler</STRONG> (Thumb, 0 bytes, Stack size 0 bytes, startup_at32f45x.o(.text))
<BR>[Address Reference Count : 1]<UL><LI> startup_at32f45x.o(RESET)
</UL>
<P><STRONG><a name="[2e]"></a>SPI2_I2S2EXT_IRQHandler</STRONG> (Thumb, 0 bytes, Stack size 0 bytes, startup_at32f45x.o(.text))
<BR>[Address Reference Count : 1]<UL><LI> startup_at32f45x.o(RESET)
</UL>
<P><STRONG><a name="[3c]"></a>SPI3_I2S3EXT_IRQHandler</STRONG> (Thumb, 0 bytes, Stack size 0 bytes, startup_at32f45x.o(.text))
<BR>[Address Reference Count : 1]<UL><LI> startup_at32f45x.o(RESET)
</UL>
<P><STRONG><a name="[5b]"></a>SPI4_IRQHandler</STRONG> (Thumb, 0 bytes, Stack size 0 bytes, startup_at32f45x.o(.text))
<BR>[Address Reference Count : 1]<UL><LI> startup_at32f45x.o(RESET)
</UL>
<P><STRONG><a name="[c]"></a>TAMP_STAMP_IRQHandler</STRONG> (Thumb, 0 bytes, Stack size 0 bytes, startup_at32f45x.o(.text))
<BR>[Address Reference Count : 1]<UL><LI> startup_at32f45x.o(RESET)
</UL>
<P><STRONG><a name="[25]"></a>TMR1_CH_IRQHandler</STRONG> (Thumb, 0 bytes, Stack size 0 bytes, startup_at32f45x.o(.text))
<BR>[Address Reference Count : 1]<UL><LI> startup_at32f45x.o(RESET)
</UL>
<P><STRONG><a name="[24]"></a>TMR1_TRG_HALL_TMR11_IRQHandler</STRONG> (Thumb, 0 bytes, Stack size 0 bytes, startup_at32f45x.o(.text))
<BR>[Address Reference Count : 1]<UL><LI> startup_at32f45x.o(RESET)
</UL>
<P><STRONG><a name="[26]"></a>TMR2_GLOBAL_IRQHandler</STRONG> (Thumb, 0 bytes, Stack size 0 bytes, startup_at32f45x.o(.text))
<BR>[Address Reference Count : 1]<UL><LI> startup_at32f45x.o(RESET)
</UL>
<P><STRONG><a name="[28]"></a>TMR4_GLOBAL_IRQHandler</STRONG> (Thumb, 0 bytes, Stack size 0 bytes, startup_at32f45x.o(.text))
<BR>[Address Reference Count : 1]<UL><LI> startup_at32f45x.o(RESET)
</UL>
<P><STRONG><a name="[3b]"></a>TMR5_GLOBAL_IRQHandler</STRONG> (Thumb, 0 bytes, Stack size 0 bytes, startup_at32f45x.o(.text))
<BR>[Address Reference Count : 1]<UL><LI> startup_at32f45x.o(RESET)
</UL>
<P><STRONG><a name="[3f]"></a>TMR6_DAC_GLOBAL_IRQHandler</STRONG> (Thumb, 0 bytes, Stack size 0 bytes, startup_at32f45x.o(.text))
<BR>[Address Reference Count : 1]<UL><LI> startup_at32f45x.o(RESET)
</UL>
<P><STRONG><a name="[35]"></a>TMR8_BRK_TMR12_IRQHandler</STRONG> (Thumb, 0 bytes, Stack size 0 bytes, startup_at32f45x.o(.text))
<BR>[Address Reference Count : 1]<UL><LI> startup_at32f45x.o(RESET)
</UL>
<P><STRONG><a name="[38]"></a>TMR8_CH_IRQHandler</STRONG> (Thumb, 0 bytes, Stack size 0 bytes, startup_at32f45x.o(.text))
<BR>[Address Reference Count : 1]<UL><LI> startup_at32f45x.o(RESET)
</UL>
<P><STRONG><a name="[36]"></a>TMR8_OVF_TMR13_IRQHandler</STRONG> (Thumb, 0 bytes, Stack size 0 bytes, startup_at32f45x.o(.text))
<BR>[Address Reference Count : 1]<UL><LI> startup_at32f45x.o(RESET)
</UL>
<P><STRONG><a name="[37]"></a>TMR8_TRG_HALL_TMR14_IRQHandler</STRONG> (Thumb, 0 bytes, Stack size 0 bytes, startup_at32f45x.o(.text))
<BR>[Address Reference Count : 1]<UL><LI> startup_at32f45x.o(RESET)
</UL>
<P><STRONG><a name="[57]"></a>TRNG_IRQHandler</STRONG> (Thumb, 0 bytes, Stack size 0 bytes, startup_at32f45x.o(.text))
<BR>[Address Reference Count : 1]<UL><LI> startup_at32f45x.o(RESET)
</UL>
<P><STRONG><a name="[30]"></a>USART2_IRQHandler</STRONG> (Thumb, 0 bytes, Stack size 0 bytes, startup_at32f45x.o(.text))
<BR>[Address Reference Count : 1]<UL><LI> startup_at32f45x.o(RESET)
</UL>
<P><STRONG><a name="[31]"></a>USART3_IRQHandler</STRONG> (Thumb, 0 bytes, Stack size 0 bytes, startup_at32f45x.o(.text))
<BR>[Address Reference Count : 1]<UL><LI> startup_at32f45x.o(RESET)
</UL>
<P><STRONG><a name="[3d]"></a>USART4_IRQHandler</STRONG> (Thumb, 0 bytes, Stack size 0 bytes, startup_at32f45x.o(.text))
<BR>[Address Reference Count : 1]<UL><LI> startup_at32f45x.o(RESET)
</UL>
<P><STRONG><a name="[3e]"></a>USART5_IRQHandler</STRONG> (Thumb, 0 bytes, Stack size 0 bytes, startup_at32f45x.o(.text))
<BR>[Address Reference Count : 1]<UL><LI> startup_at32f45x.o(RESET)
</UL>
<P><STRONG><a name="[4f]"></a>USART6_IRQHandler</STRONG> (Thumb, 0 bytes, Stack size 0 bytes, startup_at32f45x.o(.text))
<BR>[Address Reference Count : 1]<UL><LI> startup_at32f45x.o(RESET)
</UL>
<P><STRONG><a name="[59]"></a>USART7_IRQHandler</STRONG> (Thumb, 0 bytes, Stack size 0 bytes, startup_at32f45x.o(.text))
<BR>[Address Reference Count : 1]<UL><LI> startup_at32f45x.o(RESET)
</UL>
<P><STRONG><a name="[5a]"></a>USART8_IRQHandler</STRONG> (Thumb, 0 bytes, Stack size 0 bytes, startup_at32f45x.o(.text))
<BR>[Address Reference Count : 1]<UL><LI> startup_at32f45x.o(RESET)
</UL>
<P><STRONG><a name="[a]"></a>WWDT_IRQHandler</STRONG> (Thumb, 0 bytes, Stack size 0 bytes, startup_at32f45x.o(.text))
<BR>[Address Reference Count : 1]<UL><LI> startup_at32f45x.o(RESET)
</UL>
<P><STRONG><a name="[39]"></a>XMC_IRQHandler</STRONG> (Thumb, 0 bytes, Stack size 0 bytes, startup_at32f45x.o(.text))
<BR>[Address Reference Count : 1]<UL><LI> startup_at32f45x.o(RESET)
</UL>
<P><STRONG><a name="[13d]"></a>__aeabi_memcpy</STRONG> (Thumb, 36 bytes, Stack size 0 bytes, memcpya.o(.text))
<BR><BR>[Called By]<UL><LI><a href="#[b1]">&gt;&gt;</a>&nbsp;&nbsp;&nbsp;ui_save_monitor_data
<LI><a href="#[b7]">&gt;&gt;</a>&nbsp;&nbsp;&nbsp;ui_rx_receive_handler
</UL>

<P><STRONG><a name="[152]"></a>__aeabi_memcpy4</STRONG> (Thumb, 0 bytes, Stack size 0 bytes, memcpya.o(.text), UNUSED)

<P><STRONG><a name="[153]"></a>__aeabi_memcpy8</STRONG> (Thumb, 0 bytes, Stack size 0 bytes, memcpya.o(.text), UNUSED)

<P><STRONG><a name="[66]"></a>__aeabi_memset</STRONG> (Thumb, 14 bytes, Stack size 0 bytes, memseta.o(.text), UNUSED)
<BR><BR>[Called By]<UL><LI><a href="#[67]">&gt;&gt;</a>&nbsp;&nbsp;&nbsp;_memset$wrapper
<LI><a href="#[65]">&gt;&gt;</a>&nbsp;&nbsp;&nbsp;__aeabi_memclr
</UL>

<P><STRONG><a name="[154]"></a>__aeabi_memset4</STRONG> (Thumb, 0 bytes, Stack size 0 bytes, memseta.o(.text), UNUSED)

<P><STRONG><a name="[155]"></a>__aeabi_memset8</STRONG> (Thumb, 0 bytes, Stack size 0 bytes, memseta.o(.text), UNUSED)

<P><STRONG><a name="[65]"></a>__aeabi_memclr</STRONG> (Thumb, 4 bytes, Stack size 0 bytes, memseta.o(.text), UNUSED)
<BR><BR>[Calls]<UL><LI><a href="#[66]">&gt;&gt;</a>&nbsp;&nbsp;&nbsp;__aeabi_memset
</UL>

<P><STRONG><a name="[13e]"></a>__aeabi_memclr4</STRONG> (Thumb, 0 bytes, Stack size 0 bytes, memseta.o(.text))
<BR><BR>[Called By]<UL><LI><a href="#[98]">&gt;&gt;</a>&nbsp;&nbsp;&nbsp;write_flash_cmd
</UL>

<P><STRONG><a name="[156]"></a>__aeabi_memclr8</STRONG> (Thumb, 0 bytes, Stack size 0 bytes, memseta.o(.text), UNUSED)

<P><STRONG><a name="[67]"></a>_memset$wrapper</STRONG> (Thumb, 18 bytes, Stack size 8 bytes, memseta.o(.text), UNUSED)
<BR><BR>[Calls]<UL><LI><a href="#[66]">&gt;&gt;</a>&nbsp;&nbsp;&nbsp;__aeabi_memset
</UL>

<P><STRONG><a name="[68]"></a>calloc</STRONG> (Thumb, 28 bytes, Stack size 8 bytes, calloc.o(.text))
<BR><BR>[Stack]<UL><LI>Max Depth = 28<LI>Call Chain = calloc &rArr; malloc
</UL>
<BR>[Calls]<UL><LI><a href="#[69]">&gt;&gt;</a>&nbsp;&nbsp;&nbsp;malloc
</UL>
<BR>[Called By]<UL><LI><a href="#[11a]">&gt;&gt;</a>&nbsp;&nbsp;&nbsp;moving_average_shift_init
<LI><a href="#[119]">&gt;&gt;</a>&nbsp;&nbsp;&nbsp;moving_average
</UL>

<P><STRONG><a name="[6a]"></a>__aeabi_dadd</STRONG> (Thumb, 322 bytes, Stack size 48 bytes, dadd.o(.text))
<BR><BR>[Stack]<UL><LI>Max Depth = 88<LI>Call Chain = __aeabi_dadd &rArr; _double_epilogue &rArr; _double_round
</UL>
<BR>[Calls]<UL><LI><a href="#[6c]">&gt;&gt;</a>&nbsp;&nbsp;&nbsp;__aeabi_lasr
<LI><a href="#[6b]">&gt;&gt;</a>&nbsp;&nbsp;&nbsp;__aeabi_llsl
<LI><a href="#[6e]">&gt;&gt;</a>&nbsp;&nbsp;&nbsp;_double_round
<LI><a href="#[6d]">&gt;&gt;</a>&nbsp;&nbsp;&nbsp;_double_epilogue
</UL>
<BR>[Called By]<UL><LI><a href="#[dd]">&gt;&gt;</a>&nbsp;&nbsp;&nbsp;__hardfp_round
<LI><a href="#[dc]">&gt;&gt;</a>&nbsp;&nbsp;&nbsp;__hardfp_log2
<LI><a href="#[11f]">&gt;&gt;</a>&nbsp;&nbsp;&nbsp;__hardfp_log
<LI><a href="#[70]">&gt;&gt;</a>&nbsp;&nbsp;&nbsp;__aeabi_drsub
<LI><a href="#[118]">&gt;&gt;</a>&nbsp;&nbsp;&nbsp;param_id_process
<LI><a href="#[6f]">&gt;&gt;</a>&nbsp;&nbsp;&nbsp;__aeabi_dsub
<LI><a href="#[147]">&gt;&gt;</a>&nbsp;&nbsp;&nbsp;__kernel_poly
<LI><a href="#[144]">&gt;&gt;</a>&nbsp;&nbsp;&nbsp;__mathlib_dbl_infnan
</UL>

<P><STRONG><a name="[6f]"></a>__aeabi_dsub</STRONG> (Thumb, 6 bytes, Stack size 0 bytes, dadd.o(.text))
<BR><BR>[Stack]<UL><LI>Max Depth = 88<LI>Call Chain = __aeabi_dsub &rArr; __aeabi_dadd &rArr; _double_epilogue &rArr; _double_round
</UL>
<BR>[Calls]<UL><LI><a href="#[6a]">&gt;&gt;</a>&nbsp;&nbsp;&nbsp;__aeabi_dadd
</UL>
<BR>[Called By]<UL><LI><a href="#[dd]">&gt;&gt;</a>&nbsp;&nbsp;&nbsp;__hardfp_round
<LI><a href="#[11f]">&gt;&gt;</a>&nbsp;&nbsp;&nbsp;__hardfp_log
<LI><a href="#[8b]">&gt;&gt;</a>&nbsp;&nbsp;&nbsp;current_auto_tuning
<LI><a href="#[118]">&gt;&gt;</a>&nbsp;&nbsp;&nbsp;param_id_process
</UL>

<P><STRONG><a name="[70]"></a>__aeabi_drsub</STRONG> (Thumb, 6 bytes, Stack size 0 bytes, dadd.o(.text))
<BR><BR>[Stack]<UL><LI>Max Depth = 88<LI>Call Chain = __aeabi_drsub &rArr; __aeabi_dadd &rArr; _double_epilogue &rArr; _double_round
</UL>
<BR>[Calls]<UL><LI><a href="#[6a]">&gt;&gt;</a>&nbsp;&nbsp;&nbsp;__aeabi_dadd
</UL>
<BR>[Called By]<UL><LI><a href="#[11f]">&gt;&gt;</a>&nbsp;&nbsp;&nbsp;__hardfp_log
</UL>

<P><STRONG><a name="[71]"></a>__aeabi_dmul</STRONG> (Thumb, 228 bytes, Stack size 48 bytes, dmul.o(.text))
<BR><BR>[Stack]<UL><LI>Max Depth = 88<LI>Call Chain = __aeabi_dmul &rArr; _double_epilogue &rArr; _double_round
</UL>
<BR>[Calls]<UL><LI><a href="#[6d]">&gt;&gt;</a>&nbsp;&nbsp;&nbsp;_double_epilogue
</UL>
<BR>[Called By]<UL><LI><a href="#[a4]">&gt;&gt;</a>&nbsp;&nbsp;&nbsp;param_identify
<LI><a href="#[dc]">&gt;&gt;</a>&nbsp;&nbsp;&nbsp;__hardfp_log2
<LI><a href="#[11f]">&gt;&gt;</a>&nbsp;&nbsp;&nbsp;__hardfp_log
<LI><a href="#[8b]">&gt;&gt;</a>&nbsp;&nbsp;&nbsp;current_auto_tuning
<LI><a href="#[118]">&gt;&gt;</a>&nbsp;&nbsp;&nbsp;param_id_process
<LI><a href="#[147]">&gt;&gt;</a>&nbsp;&nbsp;&nbsp;__kernel_poly
<LI><a href="#[149]">&gt;&gt;</a>&nbsp;&nbsp;&nbsp;frexp
<LI><a href="#[142]">&gt;&gt;</a>&nbsp;&nbsp;&nbsp;__mathlib_dbl_underflow
<LI><a href="#[143]">&gt;&gt;</a>&nbsp;&nbsp;&nbsp;__mathlib_dbl_overflow
</UL>

<P><STRONG><a name="[72]"></a>__aeabi_ddiv</STRONG> (Thumb, 222 bytes, Stack size 32 bytes, ddiv.o(.text))
<BR><BR>[Stack]<UL><LI>Max Depth = 40<LI>Call Chain = __aeabi_ddiv &rArr; _double_round
</UL>
<BR>[Calls]<UL><LI><a href="#[6e]">&gt;&gt;</a>&nbsp;&nbsp;&nbsp;_double_round
</UL>
<BR>[Called By]<UL><LI><a href="#[dc]">&gt;&gt;</a>&nbsp;&nbsp;&nbsp;__hardfp_log2
<LI><a href="#[11f]">&gt;&gt;</a>&nbsp;&nbsp;&nbsp;__hardfp_log
<LI><a href="#[8b]">&gt;&gt;</a>&nbsp;&nbsp;&nbsp;current_auto_tuning
<LI><a href="#[118]">&gt;&gt;</a>&nbsp;&nbsp;&nbsp;param_id_process
<LI><a href="#[145]">&gt;&gt;</a>&nbsp;&nbsp;&nbsp;__mathlib_dbl_invalid
<LI><a href="#[146]">&gt;&gt;</a>&nbsp;&nbsp;&nbsp;__mathlib_dbl_divzero
</UL>

<P><STRONG><a name="[120]"></a>__aeabi_dcmplt</STRONG> (Thumb, 54 bytes, Stack size 12 bytes, dcmplt.o(.text))
<BR><BR>[Stack]<UL><LI>Max Depth = 12<LI>Call Chain = __aeabi_dcmplt
</UL>
<BR>[Called By]<UL><LI><a href="#[a4]">&gt;&gt;</a>&nbsp;&nbsp;&nbsp;param_identify
</UL>

<P><STRONG><a name="[11e]"></a>__aeabi_dcmpgt</STRONG> (Thumb, 54 bytes, Stack size 12 bytes, dcmpgt.o(.text))
<BR><BR>[Stack]<UL><LI>Max Depth = 12<LI>Call Chain = __aeabi_dcmpgt
</UL>
<BR>[Called By]<UL><LI><a href="#[118]">&gt;&gt;</a>&nbsp;&nbsp;&nbsp;param_id_process
</UL>

<P><STRONG><a name="[73]"></a>__aeabi_i2d</STRONG> (Thumb, 34 bytes, Stack size 16 bytes, dflti.o(.text))
<BR><BR>[Stack]<UL><LI>Max Depth = 56<LI>Call Chain = __aeabi_i2d &rArr; _double_epilogue &rArr; _double_round
</UL>
<BR>[Calls]<UL><LI><a href="#[6d]">&gt;&gt;</a>&nbsp;&nbsp;&nbsp;_double_epilogue
</UL>
<BR>[Called By]<UL><LI><a href="#[a4]">&gt;&gt;</a>&nbsp;&nbsp;&nbsp;param_identify
<LI><a href="#[dc]">&gt;&gt;</a>&nbsp;&nbsp;&nbsp;__hardfp_log2
<LI><a href="#[11f]">&gt;&gt;</a>&nbsp;&nbsp;&nbsp;__hardfp_log
<LI><a href="#[8b]">&gt;&gt;</a>&nbsp;&nbsp;&nbsp;current_auto_tuning
<LI><a href="#[118]">&gt;&gt;</a>&nbsp;&nbsp;&nbsp;param_id_process
</UL>

<P><STRONG><a name="[74]"></a>__aeabi_ui2d</STRONG> (Thumb, 26 bytes, Stack size 16 bytes, dfltui.o(.text))
<BR><BR>[Stack]<UL><LI>Max Depth = 56<LI>Call Chain = __aeabi_ui2d &rArr; _double_epilogue &rArr; _double_round
</UL>
<BR>[Calls]<UL><LI><a href="#[6d]">&gt;&gt;</a>&nbsp;&nbsp;&nbsp;_double_epilogue
</UL>
<BR>[Called By]<UL><LI><a href="#[8b]">&gt;&gt;</a>&nbsp;&nbsp;&nbsp;current_auto_tuning
<LI><a href="#[11a]">&gt;&gt;</a>&nbsp;&nbsp;&nbsp;moving_average_shift_init
</UL>

<P><STRONG><a name="[75]"></a>__aeabi_d2iz</STRONG> (Thumb, 62 bytes, Stack size 16 bytes, dfixi.o(.text))
<BR><BR>[Stack]<UL><LI>Max Depth = 16<LI>Call Chain = __aeabi_d2iz
</UL>
<BR>[Calls]<UL><LI><a href="#[76]">&gt;&gt;</a>&nbsp;&nbsp;&nbsp;__aeabi_llsr
</UL>
<BR>[Called By]<UL><LI><a href="#[8b]">&gt;&gt;</a>&nbsp;&nbsp;&nbsp;current_auto_tuning
<LI><a href="#[11a]">&gt;&gt;</a>&nbsp;&nbsp;&nbsp;moving_average_shift_init
</UL>

<P><STRONG><a name="[db]"></a>__aeabi_f2d</STRONG> (Thumb, 38 bytes, Stack size 0 bytes, f2d.o(.text))
<BR><BR>[Called By]<UL><LI><a href="#[8b]">&gt;&gt;</a>&nbsp;&nbsp;&nbsp;current_auto_tuning
<LI><a href="#[118]">&gt;&gt;</a>&nbsp;&nbsp;&nbsp;param_id_process
</UL>

<P><STRONG><a name="[77]"></a>__aeabi_d2f</STRONG> (Thumb, 56 bytes, Stack size 8 bytes, d2f.o(.text))
<BR><BR>[Stack]<UL><LI>Max Depth = 8<LI>Call Chain = __aeabi_d2f
</UL>
<BR>[Calls]<UL><LI><a href="#[78]">&gt;&gt;</a>&nbsp;&nbsp;&nbsp;_float_round
</UL>
<BR>[Called By]<UL><LI><a href="#[8b]">&gt;&gt;</a>&nbsp;&nbsp;&nbsp;current_auto_tuning
<LI><a href="#[118]">&gt;&gt;</a>&nbsp;&nbsp;&nbsp;param_id_process
</UL>

<P><STRONG><a name="[6b]"></a>__aeabi_llsl</STRONG> (Thumb, 30 bytes, Stack size 0 bytes, llshl.o(.text))
<BR><BR>[Called By]<UL><LI><a href="#[79]">&gt;&gt;</a>&nbsp;&nbsp;&nbsp;_drnd
<LI><a href="#[6a]">&gt;&gt;</a>&nbsp;&nbsp;&nbsp;__aeabi_dadd
<LI><a href="#[6d]">&gt;&gt;</a>&nbsp;&nbsp;&nbsp;_double_epilogue
</UL>

<P><STRONG><a name="[157]"></a>_ll_shift_l</STRONG> (Thumb, 0 bytes, Stack size 0 bytes, llshl.o(.text), UNUSED)

<P><STRONG><a name="[76]"></a>__aeabi_llsr</STRONG> (Thumb, 32 bytes, Stack size 0 bytes, llushr.o(.text))
<BR><BR>[Called By]<UL><LI><a href="#[79]">&gt;&gt;</a>&nbsp;&nbsp;&nbsp;_drnd
<LI><a href="#[75]">&gt;&gt;</a>&nbsp;&nbsp;&nbsp;__aeabi_d2iz
<LI><a href="#[6d]">&gt;&gt;</a>&nbsp;&nbsp;&nbsp;_double_epilogue
</UL>

<P><STRONG><a name="[158]"></a>_ll_ushift_r</STRONG> (Thumb, 0 bytes, Stack size 0 bytes, llushr.o(.text), UNUSED)

<P><STRONG><a name="[6c]"></a>__aeabi_lasr</STRONG> (Thumb, 36 bytes, Stack size 0 bytes, llsshr.o(.text))
<BR><BR>[Called By]<UL><LI><a href="#[6a]">&gt;&gt;</a>&nbsp;&nbsp;&nbsp;__aeabi_dadd
</UL>

<P><STRONG><a name="[159]"></a>_ll_sshift_r</STRONG> (Thumb, 0 bytes, Stack size 0 bytes, llsshr.o(.text), UNUSED)

<P><STRONG><a name="[15a]"></a>__I$use$fp</STRONG> (Thumb, 0 bytes, Stack size 0 bytes, iusefp.o(.text), UNUSED)

<P><STRONG><a name="[78]"></a>_float_round</STRONG> (Thumb, 18 bytes, Stack size 0 bytes, fepilogue.o(.text))
<BR><BR>[Called By]<UL><LI><a href="#[77]">&gt;&gt;</a>&nbsp;&nbsp;&nbsp;__aeabi_d2f
</UL>

<P><STRONG><a name="[15b]"></a>_float_epilogue</STRONG> (Thumb, 92 bytes, Stack size 4 bytes, fepilogue.o(.text), UNUSED)

<P><STRONG><a name="[6e]"></a>_double_round</STRONG> (Thumb, 30 bytes, Stack size 8 bytes, depilogue.o(.text))
<BR><BR>[Stack]<UL><LI>Max Depth = 8<LI>Call Chain = _double_round
</UL>
<BR>[Called By]<UL><LI><a href="#[79]">&gt;&gt;</a>&nbsp;&nbsp;&nbsp;_drnd
<LI><a href="#[72]">&gt;&gt;</a>&nbsp;&nbsp;&nbsp;__aeabi_ddiv
<LI><a href="#[6a]">&gt;&gt;</a>&nbsp;&nbsp;&nbsp;__aeabi_dadd
<LI><a href="#[6d]">&gt;&gt;</a>&nbsp;&nbsp;&nbsp;_double_epilogue
</UL>

<P><STRONG><a name="[6d]"></a>_double_epilogue</STRONG> (Thumb, 156 bytes, Stack size 32 bytes, depilogue.o(.text))
<BR><BR>[Stack]<UL><LI>Max Depth = 40<LI>Call Chain = _double_epilogue &rArr; _double_round
</UL>
<BR>[Calls]<UL><LI><a href="#[76]">&gt;&gt;</a>&nbsp;&nbsp;&nbsp;__aeabi_llsr
<LI><a href="#[6b]">&gt;&gt;</a>&nbsp;&nbsp;&nbsp;__aeabi_llsl
<LI><a href="#[6e]">&gt;&gt;</a>&nbsp;&nbsp;&nbsp;_double_round
</UL>
<BR>[Called By]<UL><LI><a href="#[74]">&gt;&gt;</a>&nbsp;&nbsp;&nbsp;__aeabi_ui2d
<LI><a href="#[73]">&gt;&gt;</a>&nbsp;&nbsp;&nbsp;__aeabi_i2d
<LI><a href="#[71]">&gt;&gt;</a>&nbsp;&nbsp;&nbsp;__aeabi_dmul
<LI><a href="#[6a]">&gt;&gt;</a>&nbsp;&nbsp;&nbsp;__aeabi_dadd
</UL>

<P><STRONG><a name="[140]"></a>__ARM_scalbn</STRONG> (Thumb, 46 bytes, Stack size 16 bytes, dscalb.o(.text))
<BR><BR>[Stack]<UL><LI>Max Depth = 16<LI>Call Chain = __ARM_scalbn
</UL>
<BR>[Called By]<UL><LI><a href="#[11b]">&gt;&gt;</a>&nbsp;&nbsp;&nbsp;__hardfp_ldexp
</UL>

<P><STRONG><a name="[15c]"></a>scalbn</STRONG> (Thumb, 0 bytes, Stack size 16 bytes, dscalb.o(.text), UNUSED)

<P><STRONG><a name="[79]"></a>_drnd</STRONG> (Thumb, 132 bytes, Stack size 24 bytes, drnd.o(.text))
<BR><BR>[Stack]<UL><LI>Max Depth = 32<LI>Call Chain = _drnd &rArr; _double_round
</UL>
<BR>[Calls]<UL><LI><a href="#[76]">&gt;&gt;</a>&nbsp;&nbsp;&nbsp;__aeabi_llsr
<LI><a href="#[6b]">&gt;&gt;</a>&nbsp;&nbsp;&nbsp;__aeabi_llsl
<LI><a href="#[6e]">&gt;&gt;</a>&nbsp;&nbsp;&nbsp;_double_round
</UL>
<BR>[Called By]<UL><LI><a href="#[dd]">&gt;&gt;</a>&nbsp;&nbsp;&nbsp;__hardfp_round
</UL>

<P><STRONG><a name="[13f]"></a>__aeabi_cdcmpeq</STRONG> (Thumb, 0 bytes, Stack size 0 bytes, cdcmple.o(.text))
<BR><BR>[Called By]<UL><LI><a href="#[dc]">&gt;&gt;</a>&nbsp;&nbsp;&nbsp;__hardfp_log2
<LI><a href="#[11f]">&gt;&gt;</a>&nbsp;&nbsp;&nbsp;__hardfp_log
<LI><a href="#[11b]">&gt;&gt;</a>&nbsp;&nbsp;&nbsp;__hardfp_ldexp
</UL>

<P><STRONG><a name="[148]"></a>__aeabi_cdcmple</STRONG> (Thumb, 48 bytes, Stack size 0 bytes, cdcmple.o(.text))
<BR><BR>[Called By]<UL><LI><a href="#[dd]">&gt;&gt;</a>&nbsp;&nbsp;&nbsp;__hardfp_round
<LI><a href="#[dc]">&gt;&gt;</a>&nbsp;&nbsp;&nbsp;__hardfp_log2
</UL>

<P><STRONG><a name="[14b]"></a>__aeabi_cdrcmple</STRONG> (Thumb, 48 bytes, Stack size 0 bytes, cdrcmple.o(.text))
<BR><BR>[Called By]<UL><LI><a href="#[dd]">&gt;&gt;</a>&nbsp;&nbsp;&nbsp;__hardfp_round
</UL>

<P><STRONG><a name="[64]"></a>__scatterload</STRONG> (Thumb, 38 bytes, Stack size 0 bytes, init.o(.text))
<BR><BR>[Calls]<UL><LI><a href="#[7a]">&gt;&gt;</a>&nbsp;&nbsp;&nbsp;__main_after_scatterload
</UL>
<BR>[Called By]<UL><LI><a href="#[63]">&gt;&gt;</a>&nbsp;&nbsp;&nbsp;_main_scatterload
</UL>

<P><STRONG><a name="[15d]"></a>__scatterload_rt2</STRONG> (Thumb, 0 bytes, Stack size 0 bytes, init.o(.text), UNUSED)

<P><STRONG><a name="[15e]"></a>__decompress</STRONG> (Thumb, 0 bytes, Stack size unknown bytes, __dczerorl2.o(.text), UNUSED)

<P><STRONG><a name="[15f]"></a>__decompress1</STRONG> (Thumb, 86 bytes, Stack size unknown bytes, __dczerorl2.o(.text), UNUSED)

<P><STRONG><a name="[1c]"></a>ADC1_2_IRQHandler</STRONG> (Thumb, 118 bytes, Stack size 8 bytes, mc_isr.o(.text.ADC1_2_IRQHandler))
<BR><BR>[Stack]<UL><LI>Max Depth = 24<LI>Call Chain = ADC1_2_IRQHandler &rArr; current_read_foc_3shunt
</UL>
<BR>[Calls]<UL><LI><a href="#[7e]">&gt;&gt;</a>&nbsp;&nbsp;&nbsp;current_read_foc_3shunt
<LI><a href="#[7b]">&gt;&gt;</a>&nbsp;&nbsp;&nbsp;adc_interrupt_flag_get
<LI><a href="#[7c]">&gt;&gt;</a>&nbsp;&nbsp;&nbsp;adc_flag_clear
<LI><a href="#[7d]">&gt;&gt;</a>&nbsp;&nbsp;&nbsp;adc_flag_get
</UL>
<BR>[Address Reference Count : 1]<UL><LI> startup_at32f45x.o(RESET)
</UL>
<P><STRONG><a name="[4]"></a>BusFault_Handler</STRONG> (Thumb, 2 bytes, Stack size 0 bytes, at32f45x_int.o(.text.BusFault_Handler))
<BR><BR>[Calls]<UL><LI><a href="#[4]">&gt;&gt;</a>&nbsp;&nbsp;&nbsp;BusFault_Handler
</UL>
<BR>[Called By]<UL><LI><a href="#[4]">&gt;&gt;</a>&nbsp;&nbsp;&nbsp;BusFault_Handler
</UL>
<BR>[Address Reference Count : 1]<UL><LI> startup_at32f45x.o(RESET)
</UL>
<P><STRONG><a name="[7]"></a>DebugMon_Handler</STRONG> (Thumb, 2 bytes, Stack size 0 bytes, at32f45x_int.o(.text.DebugMon_Handler))
<BR>[Address Reference Count : 1]<UL><LI> startup_at32f45x.o(RESET)
</UL>
<P><STRONG><a name="[7f]"></a>ESC_State_Init</STRONG> (Thumb, 388 bytes, Stack size 8 bytes, mc_foc_esc_state_hall.o(.text.ESC_State_Init))
<BR><BR>[Stack]<UL><LI>Max Depth = 60<LI>Call Chain = ESC_State_Init &rArr; motor_parameter_ID_config &rArr; tmr_output_channel_config
</UL>
<BR>[Calls]<UL><LI><a href="#[84]">&gt;&gt;</a>&nbsp;&nbsp;&nbsp;motor_parameter_ID_config
<LI><a href="#[83]">&gt;&gt;</a>&nbsp;&nbsp;&nbsp;led_off
<LI><a href="#[82]">&gt;&gt;</a>&nbsp;&nbsp;&nbsp;led_on
<LI><a href="#[81]">&gt;&gt;</a>&nbsp;&nbsp;&nbsp;param_clear
<LI><a href="#[85]">&gt;&gt;</a>&nbsp;&nbsp;&nbsp;hall_ccw_ctrl_para
<LI><a href="#[86]">&gt;&gt;</a>&nbsp;&nbsp;&nbsp;hall_cw_ctrl_para
<LI><a href="#[87]">&gt;&gt;</a>&nbsp;&nbsp;&nbsp;charge_boot_cap
<LI><a href="#[80]">&gt;&gt;</a>&nbsp;&nbsp;&nbsp;pwm_switch_off
<LI><a href="#[88]">&gt;&gt;</a>&nbsp;&nbsp;&nbsp;pwm_switch_on
</UL>
<BR>[Called By]<UL><LI><a href="#[60]">&gt;&gt;</a>&nbsp;&nbsp;&nbsp;main
</UL>

<P><STRONG><a name="[89]"></a>ESC_State_Task</STRONG> (Thumb, 532 bytes, Stack size 16 bytes, mc_foc_esc_state_hall.o(.text.ESC_State_Task))
<BR><BR>[Stack]<UL><LI>Max Depth = 392<LI>Call Chain = ESC_State_Task &rArr; motor_parameter_id_process &rArr; param_id_process &rArr; __hardfp_log &rArr; __kernel_poly &rArr; __aeabi_dmul &rArr; _double_epilogue &rArr; _double_round
</UL>
<BR>[Calls]<UL><LI><a href="#[8b]">&gt;&gt;</a>&nbsp;&nbsp;&nbsp;current_auto_tuning
<LI><a href="#[8d]">&gt;&gt;</a>&nbsp;&nbsp;&nbsp;motor_parameter_id_process
<LI><a href="#[85]">&gt;&gt;</a>&nbsp;&nbsp;&nbsp;hall_ccw_ctrl_para
<LI><a href="#[86]">&gt;&gt;</a>&nbsp;&nbsp;&nbsp;hall_cw_ctrl_para
<LI><a href="#[8a]">&gt;&gt;</a>&nbsp;&nbsp;&nbsp;I_tune_manual
<LI><a href="#[8e]">&gt;&gt;</a>&nbsp;&nbsp;&nbsp;hall_learn_process
<LI><a href="#[8f]">&gt;&gt;</a>&nbsp;&nbsp;&nbsp;command_ramp
<LI><a href="#[8c]">&gt;&gt;</a>&nbsp;&nbsp;&nbsp;set_current_pid_param
</UL>
<BR>[Called By]<UL><LI><a href="#[9]">&gt;&gt;</a>&nbsp;&nbsp;&nbsp;SysTick_Handler
</UL>

<P><STRONG><a name="[32]"></a>EXINT15_10_IRQHandler</STRONG> (Thumb, 126 bytes, Stack size 8 bytes, mc_isr.o(.text.EXINT15_10_IRQHandler))
<BR><BR>[Stack]<UL><LI>Max Depth = 8<LI>Call Chain = EXINT15_10_IRQHandler
</UL>
<BR>[Calls]<UL><LI><a href="#[93]">&gt;&gt;</a>&nbsp;&nbsp;&nbsp;gpio_input_data_bit_read
<LI><a href="#[92]">&gt;&gt;</a>&nbsp;&nbsp;&nbsp;exint_flag_clear
<LI><a href="#[90]">&gt;&gt;</a>&nbsp;&nbsp;&nbsp;exint_flag_get
<LI><a href="#[91]">&gt;&gt;</a>&nbsp;&nbsp;&nbsp;mc_delay_ms
</UL>
<BR>[Address Reference Count : 1]<UL><LI> startup_at32f45x.o(RESET)
</UL>
<P><STRONG><a name="[2]"></a>HardFault_Handler</STRONG> (Thumb, 2 bytes, Stack size 0 bytes, at32f45x_int.o(.text.HardFault_Handler))
<BR><BR>[Calls]<UL><LI><a href="#[2]">&gt;&gt;</a>&nbsp;&nbsp;&nbsp;HardFault_Handler
</UL>
<BR>[Called By]<UL><LI><a href="#[2]">&gt;&gt;</a>&nbsp;&nbsp;&nbsp;HardFault_Handler
</UL>
<BR>[Address Reference Count : 1]<UL><LI> startup_at32f45x.o(RESET)
</UL>
<P><STRONG><a name="[94]"></a>I_offset_init</STRONG> (Thumb, 36 bytes, Stack size 16 bytes, motor_control_foc.o(.text.I_offset_init))
<BR><BR>[Stack]<UL><LI>Max Depth = 48<LI>Call Chain = I_offset_init &rArr; current_offset_init
</UL>
<BR>[Calls]<UL><LI><a href="#[7c]">&gt;&gt;</a>&nbsp;&nbsp;&nbsp;adc_flag_clear
<LI><a href="#[96]">&gt;&gt;</a>&nbsp;&nbsp;&nbsp;adc_interrupt_enable
<LI><a href="#[95]">&gt;&gt;</a>&nbsp;&nbsp;&nbsp;current_offset_init
</UL>
<BR>[Called By]<UL><LI><a href="#[60]">&gt;&gt;</a>&nbsp;&nbsp;&nbsp;main
</UL>

<P><STRONG><a name="[8a]"></a>I_tune_manual</STRONG> (Thumb, 120 bytes, Stack size 0 bytes, motor_control_foc.o(.text.I_tune_manual))
<BR><BR>[Called By]<UL><LI><a href="#[89]">&gt;&gt;</a>&nbsp;&nbsp;&nbsp;ESC_State_Task
</UL>

<P><STRONG><a name="[3]"></a>MemManage_Handler</STRONG> (Thumb, 2 bytes, Stack size 0 bytes, at32f45x_int.o(.text.MemManage_Handler))
<BR><BR>[Calls]<UL><LI><a href="#[3]">&gt;&gt;</a>&nbsp;&nbsp;&nbsp;MemManage_Handler
</UL>
<BR>[Called By]<UL><LI><a href="#[3]">&gt;&gt;</a>&nbsp;&nbsp;&nbsp;MemManage_Handler
</UL>
<BR>[Address Reference Count : 1]<UL><LI> startup_at32f45x.o(RESET)
</UL>
<P><STRONG><a name="[1]"></a>NMI_Handler</STRONG> (Thumb, 2 bytes, Stack size 0 bytes, at32f45x_int.o(.text.NMI_Handler))
<BR>[Address Reference Count : 1]<UL><LI> startup_at32f45x.o(RESET)
</UL>
<P><STRONG><a name="[8]"></a>PendSV_Handler</STRONG> (Thumb, 2 bytes, Stack size 0 bytes, at32f45x_int.o(.text.PendSV_Handler))
<BR>[Address Reference Count : 1]<UL><LI> startup_at32f45x.o(RESET)
</UL>
<P><STRONG><a name="[97]"></a>RCP_ExecCmd</STRONG> (Thumb, 1066 bytes, Stack size 8 bytes, user_interface_foc.o(.text.RCP_ExecCmd))
<BR><BR>[Stack]<UL><LI>Max Depth = 88<LI>Call Chain = RCP_ExecCmd &rArr; write_flash_cmd &rArr; flash_write_int
</UL>
<BR>[Calls]<UL><LI><a href="#[98]">&gt;&gt;</a>&nbsp;&nbsp;&nbsp;write_flash_cmd
</UL>
<BR>[Called By]<UL><LI><a href="#[9b]">&gt;&gt;</a>&nbsp;&nbsp;&nbsp;RCP_ReceivedFrameID
</UL>

<P><STRONG><a name="[99]"></a>RCP_GetReg</STRONG> (Thumb, 2176 bytes, Stack size 16 bytes, user_interface_foc.o(.text.RCP_GetReg))
<BR><BR>[Stack]<UL><LI>Max Depth = 64<LI>Call Chain = RCP_GetReg &rArr; TCP_SendFrame
</UL>
<BR>[Calls]<UL><LI><a href="#[9a]">&gt;&gt;</a>&nbsp;&nbsp;&nbsp;TCP_SendFrame
</UL>
<BR>[Called By]<UL><LI><a href="#[9b]">&gt;&gt;</a>&nbsp;&nbsp;&nbsp;RCP_ReceivedFrameID
</UL>

<P><STRONG><a name="[9b]"></a>RCP_ReceivedFrameID</STRONG> (Thumb, 668 bytes, Stack size 16 bytes, user_interface_foc.o(.text.RCP_ReceivedFrameID))
<BR><BR>[Stack]<UL><LI>Max Depth = 104<LI>Call Chain = RCP_ReceivedFrameID &rArr; RCP_ExecCmd &rArr; write_flash_cmd &rArr; flash_write_int
</UL>
<BR>[Calls]<UL><LI><a href="#[97]">&gt;&gt;</a>&nbsp;&nbsp;&nbsp;RCP_ExecCmd
<LI><a href="#[9d]">&gt;&gt;</a>&nbsp;&nbsp;&nbsp;RCP_SetReg
<LI><a href="#[99]">&gt;&gt;</a>&nbsp;&nbsp;&nbsp;RCP_GetReg
<LI><a href="#[9c]">&gt;&gt;</a>&nbsp;&nbsp;&nbsp;RCP_SetMonitorDataAdress
</UL>
<BR>[Called By]<UL><LI><a href="#[b7]">&gt;&gt;</a>&nbsp;&nbsp;&nbsp;ui_rx_receive_handler
</UL>

<P><STRONG><a name="[9c]"></a>RCP_SetMonitorDataAdress</STRONG> (Thumb, 970 bytes, Stack size 8 bytes, user_interface_foc.o(.text.RCP_SetMonitorDataAdress))
<BR><BR>[Stack]<UL><LI>Max Depth = 8<LI>Call Chain = RCP_SetMonitorDataAdress
</UL>
<BR>[Called By]<UL><LI><a href="#[9b]">&gt;&gt;</a>&nbsp;&nbsp;&nbsp;RCP_ReceivedFrameID
</UL>

<P><STRONG><a name="[9d]"></a>RCP_SetReg</STRONG> (Thumb, 1950 bytes, Stack size 16 bytes, user_interface_foc.o(.text.RCP_SetReg))
<BR><BR>[Stack]<UL><LI>Max Depth = 64<LI>Call Chain = RCP_SetReg &rArr; TCP_SendFrame
</UL>
<BR>[Calls]<UL><LI><a href="#[9a]">&gt;&gt;</a>&nbsp;&nbsp;&nbsp;TCP_SendFrame
</UL>
<BR>[Called By]<UL><LI><a href="#[9b]">&gt;&gt;</a>&nbsp;&nbsp;&nbsp;RCP_ReceivedFrameID
</UL>

<P><STRONG><a name="[10f]"></a>RECOGNIZE_ID</STRONG> (Thumb, 64 bytes, Stack size 0 bytes, mc_foc_kernal.o(.text.RECOGNIZE_ID))
<BR><BR>[Called By]<UL><LI><a href="#[10c]">&gt;&gt;</a>&nbsp;&nbsp;&nbsp;mc_param_init
</UL>

<P><STRONG><a name="[10e]"></a>RECOGNIZE_PID</STRONG> (Thumb, 40 bytes, Stack size 0 bytes, mc_foc_kernal.o(.text.RECOGNIZE_PID))
<BR><BR>[Called By]<UL><LI><a href="#[10c]">&gt;&gt;</a>&nbsp;&nbsp;&nbsp;mc_param_init
</UL>

<P><STRONG><a name="[6]"></a>SVC_Handler</STRONG> (Thumb, 2 bytes, Stack size 0 bytes, at32f45x_int.o(.text.SVC_Handler))
<BR>[Address Reference Count : 1]<UL><LI> startup_at32f45x.o(RESET)
</UL>
<P><STRONG><a name="[9]"></a>SysTick_Handler</STRONG> (Thumb, 312 bytes, Stack size 8 bytes, mc_isr.o(.text.SysTick_Handler))
<BR><BR>[Stack]<UL><LI>Max Depth = 400<LI>Call Chain = SysTick_Handler &rArr; ESC_State_Task &rArr; motor_parameter_id_process &rArr; param_id_process &rArr; __hardfp_log &rArr; __kernel_poly &rArr; __aeabi_dmul &rArr; _double_epilogue &rArr; _double_round
</UL>
<BR>[Calls]<UL><LI><a href="#[89]">&gt;&gt;</a>&nbsp;&nbsp;&nbsp;ESC_State_Task
<LI><a href="#[9f]">&gt;&gt;</a>&nbsp;&nbsp;&nbsp;external_input_handler
<LI><a href="#[9e]">&gt;&gt;</a>&nbsp;&nbsp;&nbsp;moving_average_shift
</UL>
<BR>[Address Reference Count : 1]<UL><LI> startup_at32f45x.o(RESET)
</UL>
<P><STRONG><a name="[61]"></a>SystemInit</STRONG> (Thumb, 120 bytes, Stack size 16 bytes, system_at32f45x.o(.text.SystemInit))
<BR><BR>[Stack]<UL><LI>Max Depth = 16<LI>Call Chain = SystemInit
</UL>
<BR>[Calls]<UL><LI><a href="#[a0]">&gt;&gt;</a>&nbsp;&nbsp;&nbsp;crm_auto_step_mode_enable
</UL>
<BR>[Address Reference Count : 1]<UL><LI> startup_at32f45x.o(.text)
</UL>
<P><STRONG><a name="[9a]"></a>TCP_SendFrame</STRONG> (Thumb, 352 bytes, Stack size 48 bytes, user_interface_foc.o(.text.TCP_SendFrame))
<BR><BR>[Stack]<UL><LI>Max Depth = 48<LI>Call Chain = TCP_SendFrame
</UL>
<BR>[Called By]<UL><LI><a href="#[9d]">&gt;&gt;</a>&nbsp;&nbsp;&nbsp;RCP_SetReg
<LI><a href="#[99]">&gt;&gt;</a>&nbsp;&nbsp;&nbsp;RCP_GetReg
<LI><a href="#[2f]">&gt;&gt;</a>&nbsp;&nbsp;&nbsp;USART1_IRQHandler
</UL>

<P><STRONG><a name="[22]"></a>TMR1_BRK_TMR9_IRQHandler</STRONG> (Thumb, 60 bytes, Stack size 8 bytes, mc_isr.o(.text.TMR1_BRK_TMR9_IRQHandler))
<BR><BR>[Stack]<UL><LI>Max Depth = 8<LI>Call Chain = TMR1_BRK_TMR9_IRQHandler
</UL>
<BR>[Calls]<UL><LI><a href="#[a1]">&gt;&gt;</a>&nbsp;&nbsp;&nbsp;tmr_flag_get
<LI><a href="#[a2]">&gt;&gt;</a>&nbsp;&nbsp;&nbsp;tmr_flag_clear
</UL>
<BR>[Address Reference Count : 1]<UL><LI> startup_at32f45x.o(RESET)
</UL>
<P><STRONG><a name="[23]"></a>TMR1_OVF_TMR10_IRQHandler</STRONG> (Thumb, 586 bytes, Stack size 24 bytes, mc_isr.o(.text.TMR1_OVF_TMR10_IRQHandler))
<BR><BR>[Stack]<UL><LI>Max Depth = 136<LI>Call Chain = TMR1_OVF_TMR10_IRQHandler &rArr; param_identify &rArr; __aeabi_dmul &rArr; _double_epilogue &rArr; _double_round
</UL>
<BR>[Calls]<UL><LI><a href="#[b1]">&gt;&gt;</a>&nbsp;&nbsp;&nbsp;ui_save_monitor_data
<LI><a href="#[b0]">&gt;&gt;</a>&nbsp;&nbsp;&nbsp;pwm_duty_update
<LI><a href="#[af]">&gt;&gt;</a>&nbsp;&nbsp;&nbsp;svpwm_func
<LI><a href="#[ae]">&gt;&gt;</a>&nbsp;&nbsp;&nbsp;foc_inver_park_trans
<LI><a href="#[ad]">&gt;&gt;</a>&nbsp;&nbsp;&nbsp;foc_circle_limitation
<LI><a href="#[ac]">&gt;&gt;</a>&nbsp;&nbsp;&nbsp;foc_open_loop_ctrl
<LI><a href="#[ab]">&gt;&gt;</a>&nbsp;&nbsp;&nbsp;foc_vq_limitation
<LI><a href="#[aa]">&gt;&gt;</a>&nbsp;&nbsp;&nbsp;pid_controller_static_clamp
<LI><a href="#[a9]">&gt;&gt;</a>&nbsp;&nbsp;&nbsp;foc_park_trans
<LI><a href="#[a8]">&gt;&gt;</a>&nbsp;&nbsp;&nbsp;foc_clarke_trans
<LI><a href="#[a7]">&gt;&gt;</a>&nbsp;&nbsp;&nbsp;trig_functions
<LI><a href="#[a6]">&gt;&gt;</a>&nbsp;&nbsp;&nbsp;hall_rotor_angle_get
<LI><a href="#[a5]">&gt;&gt;</a>&nbsp;&nbsp;&nbsp;read_hall_state
<LI><a href="#[a4]">&gt;&gt;</a>&nbsp;&nbsp;&nbsp;param_identify
<LI><a href="#[a3]">&gt;&gt;</a>&nbsp;&nbsp;&nbsp;monitoring_signal_adc_trigger
<LI><a href="#[a1]">&gt;&gt;</a>&nbsp;&nbsp;&nbsp;tmr_flag_get
<LI><a href="#[a2]">&gt;&gt;</a>&nbsp;&nbsp;&nbsp;tmr_flag_clear
</UL>
<BR>[Address Reference Count : 1]<UL><LI> startup_at32f45x.o(RESET)
</UL>
<P><STRONG><a name="[27]"></a>TMR3_GLOBAL_IRQHandler</STRONG> (Thumb, 4 bytes, Stack size 0 bytes, mc_isr.o(.text.TMR3_GLOBAL_IRQHandler))
<BR><BR>[Stack]<UL><LI>Max Depth = 56<LI>Call Chain = TMR3_GLOBAL_IRQHandler &rArr; hall_isr_handler &rArr; read_hall_state
</UL>
<BR>[Calls]<UL><LI><a href="#[b2]">&gt;&gt;</a>&nbsp;&nbsp;&nbsp;hall_isr_handler
</UL>
<BR>[Address Reference Count : 1]<UL><LI> startup_at32f45x.o(RESET)
</UL>
<P><STRONG><a name="[40]"></a>TMR7_GLOBAL_IRQHandler</STRONG> (Thumb, 216 bytes, Stack size 8 bytes, mc_isr.o(.text.TMR7_GLOBAL_IRQHandler))
<BR><BR>[Stack]<UL><LI>Max Depth = 16<LI>Call Chain = TMR7_GLOBAL_IRQHandler &rArr; pid_controller_static_clamp
</UL>
<BR>[Calls]<UL><LI><a href="#[aa]">&gt;&gt;</a>&nbsp;&nbsp;&nbsp;pid_controller_static_clamp
<LI><a href="#[a1]">&gt;&gt;</a>&nbsp;&nbsp;&nbsp;tmr_flag_get
<LI><a href="#[a2]">&gt;&gt;</a>&nbsp;&nbsp;&nbsp;tmr_flag_clear
</UL>
<BR>[Address Reference Count : 1]<UL><LI> startup_at32f45x.o(RESET)
</UL>
<P><STRONG><a name="[2f]"></a>USART1_IRQHandler</STRONG> (Thumb, 150 bytes, Stack size 24 bytes, mc_comm_uart.o(.text.USART1_IRQHandler))
<BR><BR>[Stack]<UL><LI>Max Depth = 152<LI>Call Chain = USART1_IRQHandler &rArr; ui_rx_receive_handler &rArr; RCP_ReceivedFrameID &rArr; RCP_ExecCmd &rArr; write_flash_cmd &rArr; flash_write_int
</UL>
<BR>[Calls]<UL><LI><a href="#[b6]">&gt;&gt;</a>&nbsp;&nbsp;&nbsp;dma_data_number_get
<LI><a href="#[b8]">&gt;&gt;</a>&nbsp;&nbsp;&nbsp;dma_data_number_set
<LI><a href="#[b3]">&gt;&gt;</a>&nbsp;&nbsp;&nbsp;usart_flag_get
<LI><a href="#[b5]">&gt;&gt;</a>&nbsp;&nbsp;&nbsp;dma_channel_enable
<LI><a href="#[b4]">&gt;&gt;</a>&nbsp;&nbsp;&nbsp;usart_flag_clear
<LI><a href="#[9a]">&gt;&gt;</a>&nbsp;&nbsp;&nbsp;TCP_SendFrame
<LI><a href="#[b7]">&gt;&gt;</a>&nbsp;&nbsp;&nbsp;ui_rx_receive_handler
</UL>
<BR>[Address Reference Count : 1]<UL><LI> startup_at32f45x.o(RESET)
</UL>
<P><STRONG><a name="[5]"></a>UsageFault_Handler</STRONG> (Thumb, 2 bytes, Stack size 0 bytes, at32f45x_int.o(.text.UsageFault_Handler))
<BR><BR>[Calls]<UL><LI><a href="#[5]">&gt;&gt;</a>&nbsp;&nbsp;&nbsp;UsageFault_Handler
</UL>
<BR>[Called By]<UL><LI><a href="#[5]">&gt;&gt;</a>&nbsp;&nbsp;&nbsp;UsageFault_Handler
</UL>
<BR>[Address Reference Count : 1]<UL><LI> startup_at32f45x.o(RESET)
</UL>
<P><STRONG><a name="[c5]"></a>adc_base_config</STRONG> (Thumb, 68 bytes, Stack size 0 bytes, at32f45x_adc.o(.text.adc_base_config))
<BR><BR>[Called By]<UL><LI><a href="#[cf]">&gt;&gt;</a>&nbsp;&nbsp;&nbsp;adc_preempt_config
<LI><a href="#[b9]">&gt;&gt;</a>&nbsp;&nbsp;&nbsp;adc_ordinary_config
</UL>

<P><STRONG><a name="[c4]"></a>adc_base_default_para_init</STRONG> (Thumb, 8 bytes, Stack size 0 bytes, at32f45x_adc.o(.text.adc_base_default_para_init))
<BR><BR>[Called By]<UL><LI><a href="#[cf]">&gt;&gt;</a>&nbsp;&nbsp;&nbsp;adc_preempt_config
<LI><a href="#[b9]">&gt;&gt;</a>&nbsp;&nbsp;&nbsp;adc_ordinary_config
</UL>

<P><STRONG><a name="[cb]"></a>adc_calibration_init</STRONG> (Thumb, 10 bytes, Stack size 0 bytes, at32f45x_adc.o(.text.adc_calibration_init))
<BR><BR>[Called By]<UL><LI><a href="#[eb]">&gt;&gt;</a>&nbsp;&nbsp;&nbsp;get_int_vref_cal_ratio
<LI><a href="#[cf]">&gt;&gt;</a>&nbsp;&nbsp;&nbsp;adc_preempt_config
<LI><a href="#[b9]">&gt;&gt;</a>&nbsp;&nbsp;&nbsp;adc_ordinary_config
</UL>

<P><STRONG><a name="[cc]"></a>adc_calibration_init_status_get</STRONG> (Thumb, 8 bytes, Stack size 0 bytes, at32f45x_adc.o(.text.adc_calibration_init_status_get))
<BR><BR>[Called By]<UL><LI><a href="#[eb]">&gt;&gt;</a>&nbsp;&nbsp;&nbsp;get_int_vref_cal_ratio
<LI><a href="#[cf]">&gt;&gt;</a>&nbsp;&nbsp;&nbsp;adc_preempt_config
<LI><a href="#[b9]">&gt;&gt;</a>&nbsp;&nbsp;&nbsp;adc_ordinary_config
</UL>

<P><STRONG><a name="[cd]"></a>adc_calibration_start</STRONG> (Thumb, 10 bytes, Stack size 0 bytes, at32f45x_adc.o(.text.adc_calibration_start))
<BR><BR>[Called By]<UL><LI><a href="#[eb]">&gt;&gt;</a>&nbsp;&nbsp;&nbsp;get_int_vref_cal_ratio
<LI><a href="#[cf]">&gt;&gt;</a>&nbsp;&nbsp;&nbsp;adc_preempt_config
<LI><a href="#[b9]">&gt;&gt;</a>&nbsp;&nbsp;&nbsp;adc_ordinary_config
</UL>

<P><STRONG><a name="[ce]"></a>adc_calibration_status_get</STRONG> (Thumb, 8 bytes, Stack size 0 bytes, at32f45x_adc.o(.text.adc_calibration_status_get))
<BR><BR>[Called By]<UL><LI><a href="#[eb]">&gt;&gt;</a>&nbsp;&nbsp;&nbsp;get_int_vref_cal_ratio
<LI><a href="#[cf]">&gt;&gt;</a>&nbsp;&nbsp;&nbsp;adc_preempt_config
<LI><a href="#[b9]">&gt;&gt;</a>&nbsp;&nbsp;&nbsp;adc_ordinary_config
</UL>

<P><STRONG><a name="[bc]"></a>adc_common_config</STRONG> (Thumb, 146 bytes, Stack size 0 bytes, at32f45x_adc.o(.text.adc_common_config))
<BR><BR>[Called By]<UL><LI><a href="#[eb]">&gt;&gt;</a>&nbsp;&nbsp;&nbsp;get_int_vref_cal_ratio
<LI><a href="#[cf]">&gt;&gt;</a>&nbsp;&nbsp;&nbsp;adc_preempt_config
<LI><a href="#[b9]">&gt;&gt;</a>&nbsp;&nbsp;&nbsp;adc_ordinary_config
</UL>

<P><STRONG><a name="[bb]"></a>adc_common_default_para_init</STRONG> (Thumb, 10 bytes, Stack size 0 bytes, at32f45x_adc.o(.text.adc_common_default_para_init))
<BR><BR>[Called By]<UL><LI><a href="#[eb]">&gt;&gt;</a>&nbsp;&nbsp;&nbsp;get_int_vref_cal_ratio
<LI><a href="#[cf]">&gt;&gt;</a>&nbsp;&nbsp;&nbsp;adc_preempt_config
<LI><a href="#[b9]">&gt;&gt;</a>&nbsp;&nbsp;&nbsp;adc_ordinary_config
</UL>

<P><STRONG><a name="[c9]"></a>adc_dma_mode_enable</STRONG> (Thumb, 18 bytes, Stack size 0 bytes, at32f45x_adc.o(.text.adc_dma_mode_enable))
<BR><BR>[Called By]<UL><LI><a href="#[b9]">&gt;&gt;</a>&nbsp;&nbsp;&nbsp;adc_ordinary_config
</UL>

<P><STRONG><a name="[ca]"></a>adc_dma_request_repeat_enable</STRONG> (Thumb, 18 bytes, Stack size 0 bytes, at32f45x_adc.o(.text.adc_dma_request_repeat_enable))
<BR><BR>[Called By]<UL><LI><a href="#[b9]">&gt;&gt;</a>&nbsp;&nbsp;&nbsp;adc_ordinary_config
</UL>

<P><STRONG><a name="[bf]"></a>adc_enable</STRONG> (Thumb, 10 bytes, Stack size 0 bytes, at32f45x_adc.o(.text.adc_enable))
<BR><BR>[Called By]<UL><LI><a href="#[eb]">&gt;&gt;</a>&nbsp;&nbsp;&nbsp;get_int_vref_cal_ratio
<LI><a href="#[cf]">&gt;&gt;</a>&nbsp;&nbsp;&nbsp;adc_preempt_config
<LI><a href="#[b9]">&gt;&gt;</a>&nbsp;&nbsp;&nbsp;adc_ordinary_config
</UL>

<P><STRONG><a name="[7c]"></a>adc_flag_clear</STRONG> (Thumb, 6 bytes, Stack size 0 bytes, at32f45x_adc.o(.text.adc_flag_clear))
<BR><BR>[Called By]<UL><LI><a href="#[1c]">&gt;&gt;</a>&nbsp;&nbsp;&nbsp;ADC1_2_IRQHandler
<LI><a href="#[94]">&gt;&gt;</a>&nbsp;&nbsp;&nbsp;I_offset_init
<LI><a href="#[eb]">&gt;&gt;</a>&nbsp;&nbsp;&nbsp;get_int_vref_cal_ratio
<LI><a href="#[95]">&gt;&gt;</a>&nbsp;&nbsp;&nbsp;current_offset_init
</UL>

<P><STRONG><a name="[7d]"></a>adc_flag_get</STRONG> (Thumb, 10 bytes, Stack size 0 bytes, at32f45x_adc.o(.text.adc_flag_get))
<BR><BR>[Called By]<UL><LI><a href="#[1c]">&gt;&gt;</a>&nbsp;&nbsp;&nbsp;ADC1_2_IRQHandler
<LI><a href="#[eb]">&gt;&gt;</a>&nbsp;&nbsp;&nbsp;get_int_vref_cal_ratio
<LI><a href="#[cf]">&gt;&gt;</a>&nbsp;&nbsp;&nbsp;adc_preempt_config
<LI><a href="#[b9]">&gt;&gt;</a>&nbsp;&nbsp;&nbsp;adc_ordinary_config
<LI><a href="#[95]">&gt;&gt;</a>&nbsp;&nbsp;&nbsp;current_offset_init
</UL>

<P><STRONG><a name="[96]"></a>adc_interrupt_enable</STRONG> (Thumb, 26 bytes, Stack size 0 bytes, at32f45x_adc.o(.text.adc_interrupt_enable))
<BR><BR>[Called By]<UL><LI><a href="#[94]">&gt;&gt;</a>&nbsp;&nbsp;&nbsp;I_offset_init
<LI><a href="#[cf]">&gt;&gt;</a>&nbsp;&nbsp;&nbsp;adc_preempt_config
</UL>

<P><STRONG><a name="[7b]"></a>adc_interrupt_flag_get</STRONG> (Thumb, 136 bytes, Stack size 0 bytes, at32f45x_adc.o(.text.adc_interrupt_flag_get))
<BR><BR>[Called By]<UL><LI><a href="#[1c]">&gt;&gt;</a>&nbsp;&nbsp;&nbsp;ADC1_2_IRQHandler
</UL>

<P><STRONG><a name="[c7]"></a>adc_ordinary_channel_set</STRONG> (Thumb, 96 bytes, Stack size 16 bytes, at32f45x_adc.o(.text.adc_ordinary_channel_set))
<BR><BR>[Stack]<UL><LI>Max Depth = 16<LI>Call Chain = adc_ordinary_channel_set
</UL>
<BR>[Called By]<UL><LI><a href="#[b9]">&gt;&gt;</a>&nbsp;&nbsp;&nbsp;adc_ordinary_config
</UL>

<P><STRONG><a name="[b9]"></a>adc_ordinary_config</STRONG> (Thumb, 466 bytes, Stack size 64 bytes, mc_hwio.o(.text.adc_ordinary_config))
<BR><BR>[Stack]<UL><LI>Max Depth = 84<LI>Call Chain = adc_ordinary_config &rArr; gpio_init
</UL>
<BR>[Calls]<UL><LI><a href="#[ce]">&gt;&gt;</a>&nbsp;&nbsp;&nbsp;adc_calibration_status_get
<LI><a href="#[cd]">&gt;&gt;</a>&nbsp;&nbsp;&nbsp;adc_calibration_start
<LI><a href="#[cc]">&gt;&gt;</a>&nbsp;&nbsp;&nbsp;adc_calibration_init_status_get
<LI><a href="#[cb]">&gt;&gt;</a>&nbsp;&nbsp;&nbsp;adc_calibration_init
<LI><a href="#[7d]">&gt;&gt;</a>&nbsp;&nbsp;&nbsp;adc_flag_get
<LI><a href="#[ca]">&gt;&gt;</a>&nbsp;&nbsp;&nbsp;adc_dma_request_repeat_enable
<LI><a href="#[c9]">&gt;&gt;</a>&nbsp;&nbsp;&nbsp;adc_dma_mode_enable
<LI><a href="#[c8]">&gt;&gt;</a>&nbsp;&nbsp;&nbsp;adc_ordinary_conversion_trigger_set
<LI><a href="#[c7]">&gt;&gt;</a>&nbsp;&nbsp;&nbsp;adc_ordinary_channel_set
<LI><a href="#[c6]">&gt;&gt;</a>&nbsp;&nbsp;&nbsp;adc_resolution_set
<LI><a href="#[c5]">&gt;&gt;</a>&nbsp;&nbsp;&nbsp;adc_base_config
<LI><a href="#[c4]">&gt;&gt;</a>&nbsp;&nbsp;&nbsp;adc_base_default_para_init
<LI><a href="#[c3]">&gt;&gt;</a>&nbsp;&nbsp;&nbsp;dma_flexible_config
<LI><a href="#[c2]">&gt;&gt;</a>&nbsp;&nbsp;&nbsp;dma_init
<LI><a href="#[c1]">&gt;&gt;</a>&nbsp;&nbsp;&nbsp;dma_default_para_init
<LI><a href="#[c0]">&gt;&gt;</a>&nbsp;&nbsp;&nbsp;dma_reset
<LI><a href="#[b5]">&gt;&gt;</a>&nbsp;&nbsp;&nbsp;dma_channel_enable
<LI><a href="#[bf]">&gt;&gt;</a>&nbsp;&nbsp;&nbsp;adc_enable
<LI><a href="#[bc]">&gt;&gt;</a>&nbsp;&nbsp;&nbsp;adc_common_config
<LI><a href="#[bb]">&gt;&gt;</a>&nbsp;&nbsp;&nbsp;adc_common_default_para_init
<LI><a href="#[be]">&gt;&gt;</a>&nbsp;&nbsp;&nbsp;gpio_init
<LI><a href="#[bd]">&gt;&gt;</a>&nbsp;&nbsp;&nbsp;gpio_default_para_init
<LI><a href="#[ba]">&gt;&gt;</a>&nbsp;&nbsp;&nbsp;crm_periph_clock_enable
</UL>
<BR>[Called By]<UL><LI><a href="#[60]">&gt;&gt;</a>&nbsp;&nbsp;&nbsp;main
</UL>

<P><STRONG><a name="[c8]"></a>adc_ordinary_conversion_trigger_set</STRONG> (Thumb, 56 bytes, Stack size 0 bytes, at32f45x_adc.o(.text.adc_ordinary_conversion_trigger_set))
<BR><BR>[Called By]<UL><LI><a href="#[b9]">&gt;&gt;</a>&nbsp;&nbsp;&nbsp;adc_ordinary_config
</UL>

<P><STRONG><a name="[110]"></a>adc_ordinary_software_trigger_enable</STRONG> (Thumb, 18 bytes, Stack size 0 bytes, at32f45x_adc.o(.text.adc_ordinary_software_trigger_enable))
<BR><BR>[Called By]<UL><LI><a href="#[a3]">&gt;&gt;</a>&nbsp;&nbsp;&nbsp;monitoring_signal_adc_trigger
</UL>

<P><STRONG><a name="[d0]"></a>adc_preempt_channel_length_set</STRONG> (Thumb, 20 bytes, Stack size 0 bytes, at32f45x_adc.o(.text.adc_preempt_channel_length_set))
<BR><BR>[Called By]<UL><LI><a href="#[eb]">&gt;&gt;</a>&nbsp;&nbsp;&nbsp;get_int_vref_cal_ratio
<LI><a href="#[cf]">&gt;&gt;</a>&nbsp;&nbsp;&nbsp;adc_preempt_config
</UL>

<P><STRONG><a name="[d1]"></a>adc_preempt_channel_set</STRONG> (Thumb, 118 bytes, Stack size 16 bytes, at32f45x_adc.o(.text.adc_preempt_channel_set))
<BR><BR>[Stack]<UL><LI>Max Depth = 16<LI>Call Chain = adc_preempt_channel_set
</UL>
<BR>[Called By]<UL><LI><a href="#[eb]">&gt;&gt;</a>&nbsp;&nbsp;&nbsp;get_int_vref_cal_ratio
<LI><a href="#[cf]">&gt;&gt;</a>&nbsp;&nbsp;&nbsp;adc_preempt_config
</UL>

<P><STRONG><a name="[cf]"></a>adc_preempt_config</STRONG> (Thumb, 346 bytes, Stack size 48 bytes, mc_hwio.o(.text.adc_preempt_config))
<BR><BR>[Stack]<UL><LI>Max Depth = 68<LI>Call Chain = adc_preempt_config &rArr; gpio_init
</UL>
<BR>[Calls]<UL><LI><a href="#[96]">&gt;&gt;</a>&nbsp;&nbsp;&nbsp;adc_interrupt_enable
<LI><a href="#[d4]">&gt;&gt;</a>&nbsp;&nbsp;&nbsp;adc_voltage_monitor_threshold_value_set
<LI><a href="#[d3]">&gt;&gt;</a>&nbsp;&nbsp;&nbsp;adc_voltage_monitor_enable
<LI><a href="#[d2]">&gt;&gt;</a>&nbsp;&nbsp;&nbsp;adc_preempt_conversion_trigger_set
<LI><a href="#[d1]">&gt;&gt;</a>&nbsp;&nbsp;&nbsp;adc_preempt_channel_set
<LI><a href="#[d0]">&gt;&gt;</a>&nbsp;&nbsp;&nbsp;adc_preempt_channel_length_set
<LI><a href="#[ce]">&gt;&gt;</a>&nbsp;&nbsp;&nbsp;adc_calibration_status_get
<LI><a href="#[cd]">&gt;&gt;</a>&nbsp;&nbsp;&nbsp;adc_calibration_start
<LI><a href="#[cc]">&gt;&gt;</a>&nbsp;&nbsp;&nbsp;adc_calibration_init_status_get
<LI><a href="#[cb]">&gt;&gt;</a>&nbsp;&nbsp;&nbsp;adc_calibration_init
<LI><a href="#[7d]">&gt;&gt;</a>&nbsp;&nbsp;&nbsp;adc_flag_get
<LI><a href="#[c6]">&gt;&gt;</a>&nbsp;&nbsp;&nbsp;adc_resolution_set
<LI><a href="#[c5]">&gt;&gt;</a>&nbsp;&nbsp;&nbsp;adc_base_config
<LI><a href="#[c4]">&gt;&gt;</a>&nbsp;&nbsp;&nbsp;adc_base_default_para_init
<LI><a href="#[bf]">&gt;&gt;</a>&nbsp;&nbsp;&nbsp;adc_enable
<LI><a href="#[bc]">&gt;&gt;</a>&nbsp;&nbsp;&nbsp;adc_common_config
<LI><a href="#[bb]">&gt;&gt;</a>&nbsp;&nbsp;&nbsp;adc_common_default_para_init
<LI><a href="#[be]">&gt;&gt;</a>&nbsp;&nbsp;&nbsp;gpio_init
<LI><a href="#[bd]">&gt;&gt;</a>&nbsp;&nbsp;&nbsp;gpio_default_para_init
<LI><a href="#[ba]">&gt;&gt;</a>&nbsp;&nbsp;&nbsp;crm_periph_clock_enable
</UL>
<BR>[Called By]<UL><LI><a href="#[eb]">&gt;&gt;</a>&nbsp;&nbsp;&nbsp;get_int_vref_cal_ratio
<LI><a href="#[60]">&gt;&gt;</a>&nbsp;&nbsp;&nbsp;main
<LI><a href="#[8d]">&gt;&gt;</a>&nbsp;&nbsp;&nbsp;motor_parameter_id_process
</UL>

<P><STRONG><a name="[de]"></a>adc_preempt_conversion_data_get</STRONG> (Thumb, 20 bytes, Stack size 0 bytes, at32f45x_adc.o(.text.adc_preempt_conversion_data_get))
<BR><BR>[Called By]<UL><LI><a href="#[7e]">&gt;&gt;</a>&nbsp;&nbsp;&nbsp;current_read_foc_3shunt
<LI><a href="#[eb]">&gt;&gt;</a>&nbsp;&nbsp;&nbsp;get_int_vref_cal_ratio
<LI><a href="#[95]">&gt;&gt;</a>&nbsp;&nbsp;&nbsp;current_offset_init
</UL>

<P><STRONG><a name="[d2]"></a>adc_preempt_conversion_trigger_set</STRONG> (Thumb, 56 bytes, Stack size 0 bytes, at32f45x_adc.o(.text.adc_preempt_conversion_trigger_set))
<BR><BR>[Called By]<UL><LI><a href="#[eb]">&gt;&gt;</a>&nbsp;&nbsp;&nbsp;get_int_vref_cal_ratio
<LI><a href="#[cf]">&gt;&gt;</a>&nbsp;&nbsp;&nbsp;adc_preempt_config
</UL>

<P><STRONG><a name="[ec]"></a>adc_preempt_software_trigger_enable</STRONG> (Thumb, 26 bytes, Stack size 0 bytes, at32f45x_adc.o(.text.adc_preempt_software_trigger_enable))
<BR><BR>[Called By]<UL><LI><a href="#[eb]">&gt;&gt;</a>&nbsp;&nbsp;&nbsp;get_int_vref_cal_ratio
</UL>

<P><STRONG><a name="[c6]"></a>adc_resolution_set</STRONG> (Thumb, 18 bytes, Stack size 0 bytes, at32f45x_adc.o(.text.adc_resolution_set))
<BR><BR>[Called By]<UL><LI><a href="#[cf]">&gt;&gt;</a>&nbsp;&nbsp;&nbsp;adc_preempt_config
<LI><a href="#[b9]">&gt;&gt;</a>&nbsp;&nbsp;&nbsp;adc_ordinary_config
</UL>

<P><STRONG><a name="[d3]"></a>adc_voltage_monitor_enable</STRONG> (Thumb, 32 bytes, Stack size 0 bytes, at32f45x_adc.o(.text.adc_voltage_monitor_enable))
<BR><BR>[Called By]<UL><LI><a href="#[cf]">&gt;&gt;</a>&nbsp;&nbsp;&nbsp;adc_preempt_config
</UL>

<P><STRONG><a name="[d4]"></a>adc_voltage_monitor_threshold_value_set</STRONG> (Thumb, 28 bytes, Stack size 0 bytes, at32f45x_adc.o(.text.adc_voltage_monitor_threshold_value_set))
<BR><BR>[Called By]<UL><LI><a href="#[cf]">&gt;&gt;</a>&nbsp;&nbsp;&nbsp;adc_preempt_config
</UL>

<P><STRONG><a name="[135]"></a>arm_cos_q15</STRONG> (Thumb, 76 bytes, Stack size 0 bytes, fastmathfunctions.o(.text.arm_cos_q15))
<BR><BR>[Called By]<UL><LI><a href="#[a7]">&gt;&gt;</a>&nbsp;&nbsp;&nbsp;trig_functions
</UL>

<P><STRONG><a name="[134]"></a>arm_sin_q15</STRONG> (Thumb, 62 bytes, Stack size 0 bytes, fastmathfunctions.o(.text.arm_sin_q15))
<BR><BR>[Called By]<UL><LI><a href="#[a7]">&gt;&gt;</a>&nbsp;&nbsp;&nbsp;trig_functions
</UL>

<P><STRONG><a name="[d5]"></a>button_exint_init</STRONG> (Thumb, 180 bytes, Stack size 56 bytes, mc_hwio.o(.text.button_exint_init))
<BR><BR>[Stack]<UL><LI>Max Depth = 76<LI>Call Chain = button_exint_init &rArr; gpio_init
</UL>
<BR>[Calls]<UL><LI><a href="#[d8]">&gt;&gt;</a>&nbsp;&nbsp;&nbsp;exint_init
<LI><a href="#[d7]">&gt;&gt;</a>&nbsp;&nbsp;&nbsp;exint_default_para_init
<LI><a href="#[d6]">&gt;&gt;</a>&nbsp;&nbsp;&nbsp;scfg_exint_line_config
<LI><a href="#[be]">&gt;&gt;</a>&nbsp;&nbsp;&nbsp;gpio_init
<LI><a href="#[ba]">&gt;&gt;</a>&nbsp;&nbsp;&nbsp;crm_periph_clock_enable
</UL>
<BR>[Called By]<UL><LI><a href="#[60]">&gt;&gt;</a>&nbsp;&nbsp;&nbsp;main
</UL>

<P><STRONG><a name="[87]"></a>charge_boot_cap</STRONG> (Thumb, 60 bytes, Stack size 8 bytes, motor_control_foc.o(.text.charge_boot_cap))
<BR><BR>[Stack]<UL><LI>Max Depth = 8<LI>Call Chain = charge_boot_cap
</UL>
<BR>[Calls]<UL><LI><a href="#[d9]">&gt;&gt;</a>&nbsp;&nbsp;&nbsp;tmr_output_enable
<LI><a href="#[da]">&gt;&gt;</a>&nbsp;&nbsp;&nbsp;tmr_channel_value_set
<LI><a href="#[91]">&gt;&gt;</a>&nbsp;&nbsp;&nbsp;mc_delay_ms
</UL>
<BR>[Called By]<UL><LI><a href="#[7f]">&gt;&gt;</a>&nbsp;&nbsp;&nbsp;ESC_State_Init
</UL>

<P><STRONG><a name="[8f]"></a>command_ramp</STRONG> (Thumb, 60 bytes, Stack size 8 bytes, mc_pid_controller.o(.text.command_ramp))
<BR><BR>[Stack]<UL><LI>Max Depth = 8<LI>Call Chain = command_ramp
</UL>
<BR>[Called By]<UL><LI><a href="#[89]">&gt;&gt;</a>&nbsp;&nbsp;&nbsp;ESC_State_Task
</UL>

<P><STRONG><a name="[12a]"></a>crm_ahb_div_set</STRONG> (Thumb, 46 bytes, Stack size 0 bytes, at32f45x_crm.o(.text.crm_ahb_div_set))
<BR><BR>[Called By]<UL><LI><a href="#[100]">&gt;&gt;</a>&nbsp;&nbsp;&nbsp;system_clock_config
</UL>

<P><STRONG><a name="[12d]"></a>crm_apb1_div_set</STRONG> (Thumb, 26 bytes, Stack size 0 bytes, at32f45x_crm.o(.text.crm_apb1_div_set))
<BR><BR>[Called By]<UL><LI><a href="#[100]">&gt;&gt;</a>&nbsp;&nbsp;&nbsp;system_clock_config
</UL>

<P><STRONG><a name="[12c]"></a>crm_apb2_div_set</STRONG> (Thumb, 26 bytes, Stack size 0 bytes, at32f45x_crm.o(.text.crm_apb2_div_set))
<BR><BR>[Called By]<UL><LI><a href="#[100]">&gt;&gt;</a>&nbsp;&nbsp;&nbsp;system_clock_config
</UL>

<P><STRONG><a name="[12b]"></a>crm_apb3_div_set</STRONG> (Thumb, 26 bytes, Stack size 0 bytes, at32f45x_crm.o(.text.crm_apb3_div_set))
<BR><BR>[Called By]<UL><LI><a href="#[100]">&gt;&gt;</a>&nbsp;&nbsp;&nbsp;system_clock_config
</UL>

<P><STRONG><a name="[a0]"></a>crm_auto_step_mode_enable</STRONG> (Thumb, 24 bytes, Stack size 0 bytes, at32f45x_crm.o(.text.crm_auto_step_mode_enable))
<BR><BR>[Called By]<UL><LI><a href="#[100]">&gt;&gt;</a>&nbsp;&nbsp;&nbsp;system_clock_config
<LI><a href="#[61]">&gt;&gt;</a>&nbsp;&nbsp;&nbsp;SystemInit
</UL>

<P><STRONG><a name="[124]"></a>crm_clock_source_enable</STRONG> (Thumb, 122 bytes, Stack size 0 bytes, at32f45x_crm.o(.text.crm_clock_source_enable))
<BR><BR>[Called By]<UL><LI><a href="#[100]">&gt;&gt;</a>&nbsp;&nbsp;&nbsp;system_clock_config
</UL>

<P><STRONG><a name="[108]"></a>crm_clocks_freq_get</STRONG> (Thumb, 188 bytes, Stack size 8 bytes, at32f45x_crm.o(.text.crm_clocks_freq_get))
<BR><BR>[Stack]<UL><LI>Max Depth = 8<LI>Call Chain = crm_clocks_freq_get
</UL>
<BR>[Called By]<UL><LI><a href="#[136]">&gt;&gt;</a>&nbsp;&nbsp;&nbsp;usart_init
<LI><a href="#[60]">&gt;&gt;</a>&nbsp;&nbsp;&nbsp;main
</UL>

<P><STRONG><a name="[129]"></a>crm_flag_get</STRONG> (Thumb, 26 bytes, Stack size 0 bytes, at32f45x_crm.o(.text.crm_flag_get))
<BR><BR>[Called By]<UL><LI><a href="#[100]">&gt;&gt;</a>&nbsp;&nbsp;&nbsp;system_clock_config
</UL>

<P><STRONG><a name="[125]"></a>crm_hext_stable_wait</STRONG> (Thumb, 36 bytes, Stack size 0 bytes, at32f45x_crm.o(.text.crm_hext_stable_wait))
<BR><BR>[Called By]<UL><LI><a href="#[100]">&gt;&gt;</a>&nbsp;&nbsp;&nbsp;system_clock_config
</UL>

<P><STRONG><a name="[ba]"></a>crm_periph_clock_enable</STRONG> (Thumb, 40 bytes, Stack size 0 bytes, at32f45x_crm.o(.text.crm_periph_clock_enable))
<BR><BR>[Called By]<UL><LI><a href="#[ff]">&gt;&gt;</a>&nbsp;&nbsp;&nbsp;led_init
<LI><a href="#[109]">&gt;&gt;</a>&nbsp;&nbsp;&nbsp;uart_init
<LI><a href="#[107]">&gt;&gt;</a>&nbsp;&nbsp;&nbsp;mode_switch_init
<LI><a href="#[f3]">&gt;&gt;</a>&nbsp;&nbsp;&nbsp;hall_timer_init
<LI><a href="#[106]">&gt;&gt;</a>&nbsp;&nbsp;&nbsp;speed_timer_init
<LI><a href="#[105]">&gt;&gt;</a>&nbsp;&nbsp;&nbsp;tmr_pwm_init
<LI><a href="#[eb]">&gt;&gt;</a>&nbsp;&nbsp;&nbsp;get_int_vref_cal_ratio
<LI><a href="#[cf]">&gt;&gt;</a>&nbsp;&nbsp;&nbsp;adc_preempt_config
<LI><a href="#[b9]">&gt;&gt;</a>&nbsp;&nbsp;&nbsp;adc_ordinary_config
<LI><a href="#[d5]">&gt;&gt;</a>&nbsp;&nbsp;&nbsp;button_exint_init
<LI><a href="#[101]">&gt;&gt;</a>&nbsp;&nbsp;&nbsp;remap_exint_clock_enable_config
<LI><a href="#[100]">&gt;&gt;</a>&nbsp;&nbsp;&nbsp;system_clock_config
</UL>

<P><STRONG><a name="[126]"></a>crm_pll_config</STRONG> (Thumb, 76 bytes, Stack size 8 bytes, at32f45x_crm.o(.text.crm_pll_config))
<BR><BR>[Stack]<UL><LI>Max Depth = 8<LI>Call Chain = crm_pll_config
</UL>
<BR>[Called By]<UL><LI><a href="#[100]">&gt;&gt;</a>&nbsp;&nbsp;&nbsp;system_clock_config
</UL>

<P><STRONG><a name="[127]"></a>crm_pllu_div_set</STRONG> (Thumb, 26 bytes, Stack size 0 bytes, at32f45x_crm.o(.text.crm_pllu_div_set))
<BR><BR>[Called By]<UL><LI><a href="#[100]">&gt;&gt;</a>&nbsp;&nbsp;&nbsp;system_clock_config
</UL>

<P><STRONG><a name="[128]"></a>crm_pllu_output_set</STRONG> (Thumb, 26 bytes, Stack size 0 bytes, at32f45x_crm.o(.text.crm_pllu_output_set))
<BR><BR>[Called By]<UL><LI><a href="#[100]">&gt;&gt;</a>&nbsp;&nbsp;&nbsp;system_clock_config
</UL>

<P><STRONG><a name="[123]"></a>crm_reset</STRONG> (Thumb, 106 bytes, Stack size 0 bytes, at32f45x_crm.o(.text.crm_reset))
<BR><BR>[Called By]<UL><LI><a href="#[100]">&gt;&gt;</a>&nbsp;&nbsp;&nbsp;system_clock_config
</UL>

<P><STRONG><a name="[12e]"></a>crm_sysclk_switch</STRONG> (Thumb, 38 bytes, Stack size 0 bytes, at32f45x_crm.o(.text.crm_sysclk_switch))
<BR><BR>[Called By]<UL><LI><a href="#[100]">&gt;&gt;</a>&nbsp;&nbsp;&nbsp;system_clock_config
</UL>

<P><STRONG><a name="[12f]"></a>crm_sysclk_switch_status_get</STRONG> (Thumb, 16 bytes, Stack size 0 bytes, at32f45x_crm.o(.text.crm_sysclk_switch_status_get))
<BR><BR>[Called By]<UL><LI><a href="#[130]">&gt;&gt;</a>&nbsp;&nbsp;&nbsp;system_core_clock_update
<LI><a href="#[100]">&gt;&gt;</a>&nbsp;&nbsp;&nbsp;system_clock_config
</UL>

<P><STRONG><a name="[8b]"></a>current_auto_tuning</STRONG> (Thumb, 440 bytes, Stack size 72 bytes, motor_control_foc.o(.text.current_auto_tuning))
<BR><BR>[Stack]<UL><LI>Max Depth = 312<LI>Call Chain = current_auto_tuning &rArr; __hardfp_log2 &rArr; log &rArr; __hardfp_log &rArr; __kernel_poly &rArr; __aeabi_dmul &rArr; _double_epilogue &rArr; _double_round
</UL>
<BR>[Calls]<UL><LI><a href="#[dd]">&gt;&gt;</a>&nbsp;&nbsp;&nbsp;__hardfp_round
<LI><a href="#[dc]">&gt;&gt;</a>&nbsp;&nbsp;&nbsp;__hardfp_log2
<LI><a href="#[77]">&gt;&gt;</a>&nbsp;&nbsp;&nbsp;__aeabi_d2f
<LI><a href="#[db]">&gt;&gt;</a>&nbsp;&nbsp;&nbsp;__aeabi_f2d
<LI><a href="#[74]">&gt;&gt;</a>&nbsp;&nbsp;&nbsp;__aeabi_ui2d
<LI><a href="#[75]">&gt;&gt;</a>&nbsp;&nbsp;&nbsp;__aeabi_d2iz
<LI><a href="#[72]">&gt;&gt;</a>&nbsp;&nbsp;&nbsp;__aeabi_ddiv
<LI><a href="#[73]">&gt;&gt;</a>&nbsp;&nbsp;&nbsp;__aeabi_i2d
<LI><a href="#[6f]">&gt;&gt;</a>&nbsp;&nbsp;&nbsp;__aeabi_dsub
<LI><a href="#[71]">&gt;&gt;</a>&nbsp;&nbsp;&nbsp;__aeabi_dmul
</UL>
<BR>[Called By]<UL><LI><a href="#[89]">&gt;&gt;</a>&nbsp;&nbsp;&nbsp;ESC_State_Task
</UL>

<P><STRONG><a name="[95]"></a>current_offset_init</STRONG> (Thumb, 222 bytes, Stack size 32 bytes, mc_curr_fdbk.o(.text.current_offset_init))
[...]
</UL>

<P><STRONG><a name="[f8]"></a>tmr_input_default_para_init</STRONG> (Thumb, 8 bytes, Stack size 0 bytes, at32f45x_tmr.o(.text.tmr_input_default_para_init))
<BR><BR>[Called By]<UL><LI><a href="#[f3]">&gt;&gt;</a>&nbsp;&nbsp;&nbsp;hall_timer_init
</UL>

<P><STRONG><a name="[f2]"></a>tmr_interrupt_enable</STRONG> (Thumb, 26 bytes, Stack size 0 bytes, at32f45x_tmr.o(.text.tmr_interrupt_enable))
<BR><BR>[Called By]<UL><LI><a href="#[f3]">&gt;&gt;</a>&nbsp;&nbsp;&nbsp;hall_timer_init
<LI><a href="#[106]">&gt;&gt;</a>&nbsp;&nbsp;&nbsp;speed_timer_init
<LI><a href="#[105]">&gt;&gt;</a>&nbsp;&nbsp;&nbsp;tmr_pwm_init
<LI><a href="#[8e]">&gt;&gt;</a>&nbsp;&nbsp;&nbsp;hall_learn_process
</UL>

<P><STRONG><a name="[111]"></a>tmr_one_cycle_mode_enable</STRONG> (Thumb, 18 bytes, Stack size 0 bytes, at32f45x_tmr.o(.text.tmr_one_cycle_mode_enable))
<BR><BR>[Called By]<UL><LI><a href="#[84]">&gt;&gt;</a>&nbsp;&nbsp;&nbsp;motor_parameter_ID_config
<LI><a href="#[105]">&gt;&gt;</a>&nbsp;&nbsp;&nbsp;tmr_pwm_init
</UL>

<P><STRONG><a name="[113]"></a>tmr_output_channel_buffer_enable</STRONG> (Thumb, 110 bytes, Stack size 0 bytes, at32f45x_tmr.o(.text.tmr_output_channel_buffer_enable))
<BR><BR>[Called By]<UL><LI><a href="#[84]">&gt;&gt;</a>&nbsp;&nbsp;&nbsp;motor_parameter_ID_config
<LI><a href="#[105]">&gt;&gt;</a>&nbsp;&nbsp;&nbsp;tmr_pwm_init
</UL>

<P><STRONG><a name="[115]"></a>tmr_output_channel_config</STRONG> (Thumb, 256 bytes, Stack size 20 bytes, at32f45x_tmr.o(.text.tmr_output_channel_config))
<BR><BR>[Stack]<UL><LI>Max Depth = 20<LI>Call Chain = tmr_output_channel_config
</UL>
<BR>[Called By]<UL><LI><a href="#[84]">&gt;&gt;</a>&nbsp;&nbsp;&nbsp;motor_parameter_ID_config
<LI><a href="#[105]">&gt;&gt;</a>&nbsp;&nbsp;&nbsp;tmr_pwm_init
</UL>

<P><STRONG><a name="[114]"></a>tmr_output_default_para_init</STRONG> (Thumb, 10 bytes, Stack size 0 bytes, at32f45x_tmr.o(.text.tmr_output_default_para_init))
<BR><BR>[Called By]<UL><LI><a href="#[84]">&gt;&gt;</a>&nbsp;&nbsp;&nbsp;motor_parameter_ID_config
<LI><a href="#[105]">&gt;&gt;</a>&nbsp;&nbsp;&nbsp;tmr_pwm_init
</UL>

<P><STRONG><a name="[d9]"></a>tmr_output_enable</STRONG> (Thumb, 18 bytes, Stack size 0 bytes, at32f45x_tmr.o(.text.tmr_output_enable))
<BR><BR>[Called By]<UL><LI><a href="#[84]">&gt;&gt;</a>&nbsp;&nbsp;&nbsp;motor_parameter_ID_config
<LI><a href="#[10d]">&gt;&gt;</a>&nbsp;&nbsp;&nbsp;param_init
<LI><a href="#[e1]">&gt;&gt;</a>&nbsp;&nbsp;&nbsp;enable_pwm_timer
<LI><a href="#[8d]">&gt;&gt;</a>&nbsp;&nbsp;&nbsp;motor_parameter_id_process
<LI><a href="#[87]">&gt;&gt;</a>&nbsp;&nbsp;&nbsp;charge_boot_cap
<LI><a href="#[80]">&gt;&gt;</a>&nbsp;&nbsp;&nbsp;pwm_switch_off
<LI><a href="#[88]">&gt;&gt;</a>&nbsp;&nbsp;&nbsp;pwm_switch_on
</UL>

<P><STRONG><a name="[105]"></a>tmr_pwm_init</STRONG> (Thumb, 652 bytes, Stack size 64 bytes, mc_hwio.o(.text.tmr_pwm_init))
<BR><BR>[Stack]<UL><LI>Max Depth = 84<LI>Call Chain = tmr_pwm_init &rArr; tmr_output_channel_config
</UL>
<BR>[Calls]<UL><LI><a href="#[111]">&gt;&gt;</a>&nbsp;&nbsp;&nbsp;tmr_one_cycle_mode_enable
<LI><a href="#[133]">&gt;&gt;</a>&nbsp;&nbsp;&nbsp;tmr_brkdt_default_para_init
<LI><a href="#[115]">&gt;&gt;</a>&nbsp;&nbsp;&nbsp;tmr_output_channel_config
<LI><a href="#[114]">&gt;&gt;</a>&nbsp;&nbsp;&nbsp;tmr_output_default_para_init
<LI><a href="#[da]">&gt;&gt;</a>&nbsp;&nbsp;&nbsp;tmr_channel_value_set
<LI><a href="#[f7]">&gt;&gt;</a>&nbsp;&nbsp;&nbsp;tmr_clock_source_div_set
<LI><a href="#[f6]">&gt;&gt;</a>&nbsp;&nbsp;&nbsp;tmr_cnt_dir_set
<LI><a href="#[f5]">&gt;&gt;</a>&nbsp;&nbsp;&nbsp;tmr_base_init
<LI><a href="#[112]">&gt;&gt;</a>&nbsp;&nbsp;&nbsp;tmr_repetition_counter_set
<LI><a href="#[113]">&gt;&gt;</a>&nbsp;&nbsp;&nbsp;tmr_output_channel_buffer_enable
<LI><a href="#[f2]">&gt;&gt;</a>&nbsp;&nbsp;&nbsp;tmr_interrupt_enable
<LI><a href="#[a2]">&gt;&gt;</a>&nbsp;&nbsp;&nbsp;tmr_flag_clear
<LI><a href="#[132]">&gt;&gt;</a>&nbsp;&nbsp;&nbsp;tmr_brkdt_config
<LI><a href="#[f4]">&gt;&gt;</a>&nbsp;&nbsp;&nbsp;gpio_pin_mux_config
<LI><a href="#[be]">&gt;&gt;</a>&nbsp;&nbsp;&nbsp;gpio_init
<LI><a href="#[bd]">&gt;&gt;</a>&nbsp;&nbsp;&nbsp;gpio_default_para_init
<LI><a href="#[ba]">&gt;&gt;</a>&nbsp;&nbsp;&nbsp;crm_periph_clock_enable
</UL>
<BR>[Called By]<UL><LI><a href="#[60]">&gt;&gt;</a>&nbsp;&nbsp;&nbsp;main
<LI><a href="#[8d]">&gt;&gt;</a>&nbsp;&nbsp;&nbsp;motor_parameter_id_process
</UL>

<P><STRONG><a name="[112]"></a>tmr_repetition_counter_set</STRONG> (Thumb, 14 bytes, Stack size 0 bytes, at32f45x_tmr.o(.text.tmr_repetition_counter_set))
<BR><BR>[Called By]<UL><LI><a href="#[84]">&gt;&gt;</a>&nbsp;&nbsp;&nbsp;motor_parameter_ID_config
<LI><a href="#[105]">&gt;&gt;</a>&nbsp;&nbsp;&nbsp;tmr_pwm_init
</UL>

<P><STRONG><a name="[fc]"></a>tmr_sub_mode_select</STRONG> (Thumb, 10 bytes, Stack size 0 bytes, at32f45x_tmr.o(.text.tmr_sub_mode_select))
<BR><BR>[Called By]<UL><LI><a href="#[f3]">&gt;&gt;</a>&nbsp;&nbsp;&nbsp;hall_timer_init
</UL>

<P><STRONG><a name="[fb]"></a>tmr_trigger_input_select</STRONG> (Thumb, 18 bytes, Stack size 0 bytes, at32f45x_tmr.o(.text.tmr_trigger_input_select))
<BR><BR>[Called By]<UL><LI><a href="#[f3]">&gt;&gt;</a>&nbsp;&nbsp;&nbsp;hall_timer_init
</UL>

<P><STRONG><a name="[a7]"></a>trig_functions</STRONG> (Thumb, 22 bytes, Stack size 16 bytes, mc_foc.o(.text.trig_functions))
<BR><BR>[Stack]<UL><LI>Max Depth = 16<LI>Call Chain = trig_functions
</UL>
<BR>[Calls]<UL><LI><a href="#[134]">&gt;&gt;</a>&nbsp;&nbsp;&nbsp;arm_sin_q15
<LI><a href="#[135]">&gt;&gt;</a>&nbsp;&nbsp;&nbsp;arm_cos_q15
</UL>
<BR>[Called By]<UL><LI><a href="#[23]">&gt;&gt;</a>&nbsp;&nbsp;&nbsp;TMR1_OVF_TMR10_IRQHandler
</UL>

<P><STRONG><a name="[109]"></a>uart_init</STRONG> (Thumb, 178 bytes, Stack size 24 bytes, mc_hwio.o(.text.uart_init))
<BR><BR>[Stack]<UL><LI>Max Depth = 72<LI>Call Chain = uart_init &rArr; usart_init &rArr; crm_clocks_freq_get
</UL>
<BR>[Calls]<UL><LI><a href="#[13c]">&gt;&gt;</a>&nbsp;&nbsp;&nbsp;usart_enable
<LI><a href="#[13b]">&gt;&gt;</a>&nbsp;&nbsp;&nbsp;usart_interrupt_enable
<LI><a href="#[13a]">&gt;&gt;</a>&nbsp;&nbsp;&nbsp;usart_dma_receiver_enable
<LI><a href="#[139]">&gt;&gt;</a>&nbsp;&nbsp;&nbsp;usart_dma_transmitter_enable
<LI><a href="#[138]">&gt;&gt;</a>&nbsp;&nbsp;&nbsp;usart_receiver_enable
<LI><a href="#[137]">&gt;&gt;</a>&nbsp;&nbsp;&nbsp;usart_transmitter_enable
<LI><a href="#[136]">&gt;&gt;</a>&nbsp;&nbsp;&nbsp;usart_init
<LI><a href="#[f4]">&gt;&gt;</a>&nbsp;&nbsp;&nbsp;gpio_pin_mux_config
<LI><a href="#[be]">&gt;&gt;</a>&nbsp;&nbsp;&nbsp;gpio_init
<LI><a href="#[bd]">&gt;&gt;</a>&nbsp;&nbsp;&nbsp;gpio_default_para_init
<LI><a href="#[ba]">&gt;&gt;</a>&nbsp;&nbsp;&nbsp;crm_periph_clock_enable
</UL>
<BR>[Called By]<UL><LI><a href="#[60]">&gt;&gt;</a>&nbsp;&nbsp;&nbsp;main
</UL>

<P><STRONG><a name="[10a]"></a>uart_rx_init</STRONG> (Thumb, 80 bytes, Stack size 0 bytes, mc_comm_uart.o(.text.uart_rx_init))
<BR><BR>[Calls]<UL><LI><a href="#[b5]">&gt;&gt;</a>&nbsp;&nbsp;&nbsp;dma_channel_enable
</UL>
<BR>[Called By]<UL><LI><a href="#[60]">&gt;&gt;</a>&nbsp;&nbsp;&nbsp;main
</UL>

<P><STRONG><a name="[b7]"></a>ui_rx_receive_handler</STRONG> (Thumb, 264 bytes, Stack size 24 bytes, user_interface_foc.o(.text.ui_rx_receive_handler))
<BR><BR>[Stack]<UL><LI>Max Depth = 128<LI>Call Chain = ui_rx_receive_handler &rArr; RCP_ReceivedFrameID &rArr; RCP_ExecCmd &rArr; write_flash_cmd &rArr; flash_write_int
</UL>
<BR>[Calls]<UL><LI><a href="#[9b]">&gt;&gt;</a>&nbsp;&nbsp;&nbsp;RCP_ReceivedFrameID
<LI><a href="#[13d]">&gt;&gt;</a>&nbsp;&nbsp;&nbsp;__aeabi_memcpy
</UL>
<BR>[Called By]<UL><LI><a href="#[2f]">&gt;&gt;</a>&nbsp;&nbsp;&nbsp;USART1_IRQHandler
</UL>

<P><STRONG><a name="[b1]"></a>ui_save_monitor_data</STRONG> (Thumb, 210 bytes, Stack size 32 bytes, user_interface_foc.o(.text.ui_save_monitor_data))
<BR><BR>[Stack]<UL><LI>Max Depth = 32<LI>Call Chain = ui_save_monitor_data
</UL>
<BR>[Calls]<UL><LI><a href="#[b8]">&gt;&gt;</a>&nbsp;&nbsp;&nbsp;dma_data_number_set
<LI><a href="#[b5]">&gt;&gt;</a>&nbsp;&nbsp;&nbsp;dma_channel_enable
<LI><a href="#[13d]">&gt;&gt;</a>&nbsp;&nbsp;&nbsp;__aeabi_memcpy
</UL>
<BR>[Called By]<UL><LI><a href="#[23]">&gt;&gt;</a>&nbsp;&nbsp;&nbsp;TMR1_OVF_TMR10_IRQHandler
</UL>

<P><STRONG><a name="[13a]"></a>usart_dma_receiver_enable</STRONG> (Thumb, 18 bytes, Stack size 0 bytes, at32f45x_usart.o(.text.usart_dma_receiver_enable))
<BR><BR>[Called By]<UL><LI><a href="#[109]">&gt;&gt;</a>&nbsp;&nbsp;&nbsp;uart_init
</UL>

<P><STRONG><a name="[139]"></a>usart_dma_transmitter_enable</STRONG> (Thumb, 18 bytes, Stack size 0 bytes, at32f45x_usart.o(.text.usart_dma_transmitter_enable))
<BR><BR>[Called By]<UL><LI><a href="#[109]">&gt;&gt;</a>&nbsp;&nbsp;&nbsp;uart_init
</UL>

<P><STRONG><a name="[13c]"></a>usart_enable</STRONG> (Thumb, 18 bytes, Stack size 0 bytes, at32f45x_usart.o(.text.usart_enable))
<BR><BR>[Called By]<UL><LI><a href="#[109]">&gt;&gt;</a>&nbsp;&nbsp;&nbsp;uart_init
</UL>

<P><STRONG><a name="[b4]"></a>usart_flag_clear</STRONG> (Thumb, 44 bytes, Stack size 0 bytes, at32f45x_usart.o(.text.usart_flag_clear))
<BR><BR>[Called By]<UL><LI><a href="#[2f]">&gt;&gt;</a>&nbsp;&nbsp;&nbsp;USART1_IRQHandler
</UL>

<P><STRONG><a name="[b3]"></a>usart_flag_get</STRONG> (Thumb, 10 bytes, Stack size 0 bytes, at32f45x_usart.o(.text.usart_flag_get))
<BR><BR>[Called By]<UL><LI><a href="#[2f]">&gt;&gt;</a>&nbsp;&nbsp;&nbsp;USART1_IRQHandler
</UL>

<P><STRONG><a name="[136]"></a>usart_init</STRONG> (Thumb, 160 bytes, Stack size 40 bytes, at32f45x_usart.o(.text.usart_init))
<BR><BR>[Stack]<UL><LI>Max Depth = 48<LI>Call Chain = usart_init &rArr; crm_clocks_freq_get
</UL>
<BR>[Calls]<UL><LI><a href="#[108]">&gt;&gt;</a>&nbsp;&nbsp;&nbsp;crm_clocks_freq_get
</UL>
<BR>[Called By]<UL><LI><a href="#[109]">&gt;&gt;</a>&nbsp;&nbsp;&nbsp;uart_init
</UL>

<P><STRONG><a name="[13b]"></a>usart_interrupt_enable</STRONG> (Thumb, 32 bytes, Stack size 0 bytes, at32f45x_usart.o(.text.usart_interrupt_enable))
<BR><BR>[Called By]<UL><LI><a href="#[109]">&gt;&gt;</a>&nbsp;&nbsp;&nbsp;uart_init
</UL>

<P><STRONG><a name="[138]"></a>usart_receiver_enable</STRONG> (Thumb, 18 bytes, Stack size 0 bytes, at32f45x_usart.o(.text.usart_receiver_enable))
<BR><BR>[Called By]<UL><LI><a href="#[109]">&gt;&gt;</a>&nbsp;&nbsp;&nbsp;uart_init
</UL>

<P><STRONG><a name="[137]"></a>usart_transmitter_enable</STRONG> (Thumb, 18 bytes, Stack size 0 bytes, at32f45x_usart.o(.text.usart_transmitter_enable))
<BR><BR>[Called By]<UL><LI><a href="#[109]">&gt;&gt;</a>&nbsp;&nbsp;&nbsp;uart_init
</UL>

<P><STRONG><a name="[98]"></a>write_flash_cmd</STRONG> (Thumb, 814 bytes, Stack size 32 bytes, user_interface_foc.o(.text.write_flash_cmd))
<BR><BR>[Stack]<UL><LI>Max Depth = 80<LI>Call Chain = write_flash_cmd &rArr; flash_write_int
</UL>
<BR>[Calls]<UL><LI><a href="#[e5]">&gt;&gt;</a>&nbsp;&nbsp;&nbsp;flash_write_int
<LI><a href="#[13e]">&gt;&gt;</a>&nbsp;&nbsp;&nbsp;__aeabi_memclr4
</UL>
<BR>[Called By]<UL><LI><a href="#[60]">&gt;&gt;</a>&nbsp;&nbsp;&nbsp;main
<LI><a href="#[97]">&gt;&gt;</a>&nbsp;&nbsp;&nbsp;RCP_ExecCmd
</UL>

<P><STRONG><a name="[11b]"></a>__hardfp_ldexp</STRONG> (Thumb, 200 bytes, Stack size 48 bytes, ldexp.o(i.__hardfp_ldexp))
<BR><BR>[Stack]<UL><LI>Max Depth = 144<LI>Call Chain = __hardfp_ldexp &rArr; __mathlib_dbl_underflow &rArr; __aeabi_dmul &rArr; _double_epilogue &rArr; _double_round
</UL>
<BR>[Calls]<UL><LI><a href="#[13f]">&gt;&gt;</a>&nbsp;&nbsp;&nbsp;__aeabi_cdcmpeq
<LI><a href="#[140]">&gt;&gt;</a>&nbsp;&nbsp;&nbsp;__ARM_scalbn
<LI><a href="#[141]">&gt;&gt;</a>&nbsp;&nbsp;&nbsp;__set_errno
<LI><a href="#[142]">&gt;&gt;</a>&nbsp;&nbsp;&nbsp;__mathlib_dbl_underflow
<LI><a href="#[143]">&gt;&gt;</a>&nbsp;&nbsp;&nbsp;__mathlib_dbl_overflow
</UL>
<BR>[Called By]<UL><LI><a href="#[11a]">&gt;&gt;</a>&nbsp;&nbsp;&nbsp;moving_average_shift_init
</UL>

<P><STRONG><a name="[11f]"></a>__hardfp_log</STRONG> (Thumb, 872 bytes, Stack size 88 bytes, log.o(i.__hardfp_log))
<BR><BR>[Stack]<UL><LI>Max Depth = 200<LI>Call Chain = __hardfp_log &rArr; __kernel_poly &rArr; __aeabi_dmul &rArr; _double_epilogue &rArr; _double_round
</UL>
<BR>[Calls]<UL><LI><a href="#[13f]">&gt;&gt;</a>&nbsp;&nbsp;&nbsp;__aeabi_cdcmpeq
<LI><a href="#[70]">&gt;&gt;</a>&nbsp;&nbsp;&nbsp;__aeabi_drsub
<LI><a href="#[72]">&gt;&gt;</a>&nbsp;&nbsp;&nbsp;__aeabi_ddiv
<LI><a href="#[73]">&gt;&gt;</a>&nbsp;&nbsp;&nbsp;__aeabi_i2d
<LI><a href="#[6f]">&gt;&gt;</a>&nbsp;&nbsp;&nbsp;__aeabi_dsub
<LI><a href="#[71]">&gt;&gt;</a>&nbsp;&nbsp;&nbsp;__aeabi_dmul
<LI><a href="#[6a]">&gt;&gt;</a>&nbsp;&nbsp;&nbsp;__aeabi_dadd
<LI><a href="#[141]">&gt;&gt;</a>&nbsp;&nbsp;&nbsp;__set_errno
<LI><a href="#[147]">&gt;&gt;</a>&nbsp;&nbsp;&nbsp;__kernel_poly
<LI><a href="#[145]">&gt;&gt;</a>&nbsp;&nbsp;&nbsp;__mathlib_dbl_invalid
<LI><a href="#[144]">&gt;&gt;</a>&nbsp;&nbsp;&nbsp;__mathlib_dbl_infnan
<LI><a href="#[146]">&gt;&gt;</a>&nbsp;&nbsp;&nbsp;__mathlib_dbl_divzero
</UL>
<BR>[Called By]<UL><LI><a href="#[14a]">&gt;&gt;</a>&nbsp;&nbsp;&nbsp;log
<LI><a href="#[118]">&gt;&gt;</a>&nbsp;&nbsp;&nbsp;param_id_process
</UL>

<P><STRONG><a name="[dc]"></a>__hardfp_log2</STRONG> (Thumb, 220 bytes, Stack size 32 bytes, log2.o(i.__hardfp_log2))
<BR><BR>[Stack]<UL><LI>Max Depth = 240<LI>Call Chain = __hardfp_log2 &rArr; log &rArr; __hardfp_log &rArr; __kernel_poly &rArr; __aeabi_dmul &rArr; _double_epilogue &rArr; _double_round
</UL>
<BR>[Calls]<UL><LI><a href="#[14a]">&gt;&gt;</a>&nbsp;&nbsp;&nbsp;log
<LI><a href="#[13f]">&gt;&gt;</a>&nbsp;&nbsp;&nbsp;__aeabi_cdcmpeq
<LI><a href="#[148]">&gt;&gt;</a>&nbsp;&nbsp;&nbsp;__aeabi_cdcmple
<LI><a href="#[72]">&gt;&gt;</a>&nbsp;&nbsp;&nbsp;__aeabi_ddiv
<LI><a href="#[73]">&gt;&gt;</a>&nbsp;&nbsp;&nbsp;__aeabi_i2d
<LI><a href="#[71]">&gt;&gt;</a>&nbsp;&nbsp;&nbsp;__aeabi_dmul
<LI><a href="#[6a]">&gt;&gt;</a>&nbsp;&nbsp;&nbsp;__aeabi_dadd
<LI><a href="#[141]">&gt;&gt;</a>&nbsp;&nbsp;&nbsp;__set_errno
<LI><a href="#[149]">&gt;&gt;</a>&nbsp;&nbsp;&nbsp;frexp
<LI><a href="#[145]">&gt;&gt;</a>&nbsp;&nbsp;&nbsp;__mathlib_dbl_invalid
<LI><a href="#[144]">&gt;&gt;</a>&nbsp;&nbsp;&nbsp;__mathlib_dbl_infnan
</UL>
<BR>[Called By]<UL><LI><a href="#[8b]">&gt;&gt;</a>&nbsp;&nbsp;&nbsp;current_auto_tuning
<LI><a href="#[11a]">&gt;&gt;</a>&nbsp;&nbsp;&nbsp;moving_average_shift_init
</UL>

<P><STRONG><a name="[dd]"></a>__hardfp_round</STRONG> (Thumb, 194 bytes, Stack size 64 bytes, round.o(i.__hardfp_round))
<BR><BR>[Stack]<UL><LI>Max Depth = 152<LI>Call Chain = __hardfp_round &rArr; __aeabi_dsub &rArr; __aeabi_dadd &rArr; _double_epilogue &rArr; _double_round
</UL>
<BR>[Calls]<UL><LI><a href="#[79]">&gt;&gt;</a>&nbsp;&nbsp;&nbsp;_drnd
<LI><a href="#[14b]">&gt;&gt;</a>&nbsp;&nbsp;&nbsp;__aeabi_cdrcmple
<LI><a href="#[148]">&gt;&gt;</a>&nbsp;&nbsp;&nbsp;__aeabi_cdcmple
<LI><a href="#[6f]">&gt;&gt;</a>&nbsp;&nbsp;&nbsp;__aeabi_dsub
<LI><a href="#[6a]">&gt;&gt;</a>&nbsp;&nbsp;&nbsp;__aeabi_dadd
</UL>
<BR>[Called By]<UL><LI><a href="#[8b]">&gt;&gt;</a>&nbsp;&nbsp;&nbsp;current_auto_tuning
</UL>

<P><STRONG><a name="[147]"></a>__kernel_poly</STRONG> (Thumb, 248 bytes, Stack size 24 bytes, poly.o(i.__kernel_poly))
<BR><BR>[Stack]<UL><LI>Max Depth = 112<LI>Call Chain = __kernel_poly &rArr; __aeabi_dmul &rArr; _double_epilogue &rArr; _double_round
</UL>
<BR>[Calls]<UL><LI><a href="#[71]">&gt;&gt;</a>&nbsp;&nbsp;&nbsp;__aeabi_dmul
<LI><a href="#[6a]">&gt;&gt;</a>&nbsp;&nbsp;&nbsp;__aeabi_dadd
</UL>
<BR>[Called By]<UL><LI><a href="#[11f]">&gt;&gt;</a>&nbsp;&nbsp;&nbsp;__hardfp_log
</UL>

<P><STRONG><a name="[146]"></a>__mathlib_dbl_divzero</STRONG> (Thumb, 28 bytes, Stack size 8 bytes, dunder.o(i.__mathlib_dbl_divzero))
<BR><BR>[Stack]<UL><LI>Max Depth = 48<LI>Call Chain = __mathlib_dbl_divzero &rArr; __aeabi_ddiv &rArr; _double_round
</UL>
<BR>[Calls]<UL><LI><a href="#[72]">&gt;&gt;</a>&nbsp;&nbsp;&nbsp;__aeabi_ddiv
</UL>
<BR>[Called By]<UL><LI><a href="#[11f]">&gt;&gt;</a>&nbsp;&nbsp;&nbsp;__hardfp_log
</UL>

<P><STRONG><a name="[144]"></a>__mathlib_dbl_infnan</STRONG> (Thumb, 20 bytes, Stack size 8 bytes, dunder.o(i.__mathlib_dbl_infnan))
<BR><BR>[Stack]<UL><LI>Max Depth = 96<LI>Call Chain = __mathlib_dbl_infnan &rArr; __aeabi_dadd &rArr; _double_epilogue &rArr; _double_round
</UL>
<BR>[Calls]<UL><LI><a href="#[6a]">&gt;&gt;</a>&nbsp;&nbsp;&nbsp;__aeabi_dadd
</UL>
<BR>[Called By]<UL><LI><a href="#[dc]">&gt;&gt;</a>&nbsp;&nbsp;&nbsp;__hardfp_log2
<LI><a href="#[11f]">&gt;&gt;</a>&nbsp;&nbsp;&nbsp;__hardfp_log
</UL>

<P><STRONG><a name="[145]"></a>__mathlib_dbl_invalid</STRONG> (Thumb, 24 bytes, Stack size 8 bytes, dunder.o(i.__mathlib_dbl_invalid))
<BR><BR>[Stack]<UL><LI>Max Depth = 48<LI>Call Chain = __mathlib_dbl_invalid &rArr; __aeabi_ddiv &rArr; _double_round
</UL>
<BR>[Calls]<UL><LI><a href="#[72]">&gt;&gt;</a>&nbsp;&nbsp;&nbsp;__aeabi_ddiv
</UL>
<BR>[Called By]<UL><LI><a href="#[dc]">&gt;&gt;</a>&nbsp;&nbsp;&nbsp;__hardfp_log2
<LI><a href="#[11f]">&gt;&gt;</a>&nbsp;&nbsp;&nbsp;__hardfp_log
</UL>

<P><STRONG><a name="[143]"></a>__mathlib_dbl_overflow</STRONG> (Thumb, 24 bytes, Stack size 8 bytes, dunder.o(i.__mathlib_dbl_overflow))
<BR><BR>[Stack]<UL><LI>Max Depth = 96<LI>Call Chain = __mathlib_dbl_overflow &rArr; __aeabi_dmul &rArr; _double_epilogue &rArr; _double_round
</UL>
<BR>[Calls]<UL><LI><a href="#[71]">&gt;&gt;</a>&nbsp;&nbsp;&nbsp;__aeabi_dmul
</UL>
<BR>[Called By]<UL><LI><a href="#[11b]">&gt;&gt;</a>&nbsp;&nbsp;&nbsp;__hardfp_ldexp
</UL>

<P><STRONG><a name="[142]"></a>__mathlib_dbl_underflow</STRONG> (Thumb, 24 bytes, Stack size 8 bytes, dunder.o(i.__mathlib_dbl_underflow))
<BR><BR>[Stack]<UL><LI>Max Depth = 96<LI>Call Chain = __mathlib_dbl_underflow &rArr; __aeabi_dmul &rArr; _double_epilogue &rArr; _double_round
</UL>
<BR>[Calls]<UL><LI><a href="#[71]">&gt;&gt;</a>&nbsp;&nbsp;&nbsp;__aeabi_dmul
</UL>
<BR>[Called By]<UL><LI><a href="#[11b]">&gt;&gt;</a>&nbsp;&nbsp;&nbsp;__hardfp_ldexp
</UL>

<P><STRONG><a name="[160]"></a>__scatterload_copy</STRONG> (Thumb, 14 bytes, Stack size unknown bytes, handlers.o(i.__scatterload_copy), UNUSED)

<P><STRONG><a name="[161]"></a>__scatterload_null</STRONG> (Thumb, 2 bytes, Stack size unknown bytes, handlers.o(i.__scatterload_null), UNUSED)

<P><STRONG><a name="[162]"></a>__scatterload_zeroinit</STRONG> (Thumb, 14 bytes, Stack size unknown bytes, handlers.o(i.__scatterload_zeroinit), UNUSED)

<P><STRONG><a name="[141]"></a>__set_errno</STRONG> (Thumb, 6 bytes, Stack size 0 bytes, errno.o(i.__set_errno))
<BR><BR>[Called By]<UL><LI><a href="#[dc]">&gt;&gt;</a>&nbsp;&nbsp;&nbsp;__hardfp_log2
<LI><a href="#[11f]">&gt;&gt;</a>&nbsp;&nbsp;&nbsp;__hardfp_log
<LI><a href="#[11b]">&gt;&gt;</a>&nbsp;&nbsp;&nbsp;__hardfp_ldexp
</UL>

<P><STRONG><a name="[149]"></a>frexp</STRONG> (Thumb, 118 bytes, Stack size 16 bytes, frexp.o(i.frexp))
<BR><BR>[Stack]<UL><LI>Max Depth = 104<LI>Call Chain = frexp &rArr; __aeabi_dmul &rArr; _double_epilogue &rArr; _double_round
</UL>
<BR>[Calls]<UL><LI><a href="#[71]">&gt;&gt;</a>&nbsp;&nbsp;&nbsp;__aeabi_dmul
</UL>
<BR>[Called By]<UL><LI><a href="#[dc]">&gt;&gt;</a>&nbsp;&nbsp;&nbsp;__hardfp_log2
</UL>

<P><STRONG><a name="[14a]"></a>log</STRONG> (Thumb, 16 bytes, Stack size 8 bytes, log.o(i.log))
<BR><BR>[Stack]<UL><LI>Max Depth = 208<LI>Call Chain = log &rArr; __hardfp_log &rArr; __kernel_poly &rArr; __aeabi_dmul &rArr; _double_epilogue &rArr; _double_round
</UL>
<BR>[Calls]<UL><LI><a href="#[11f]">&gt;&gt;</a>&nbsp;&nbsp;&nbsp;__hardfp_log
</UL>
<BR>[Called By]<UL><LI><a href="#[dc]">&gt;&gt;</a>&nbsp;&nbsp;&nbsp;__hardfp_log2
</UL>

<P><STRONG><a name="[69]"></a>malloc</STRONG> (Thumb, 92 bytes, Stack size 20 bytes, malloc.o(i.malloc))
<BR><BR>[Stack]<UL><LI>Max Depth = 20<LI>Call Chain = malloc
</UL>
<BR>[Called By]<UL><LI><a href="#[11a]">&gt;&gt;</a>&nbsp;&nbsp;&nbsp;moving_average_shift_init
<LI><a href="#[119]">&gt;&gt;</a>&nbsp;&nbsp;&nbsp;moving_average
<LI><a href="#[68]">&gt;&gt;</a>&nbsp;&nbsp;&nbsp;calloc
</UL>
<P>
<H3>
Local Symbols
</H3><P>
<H3>
Undefined Global Symbols
</H3><HR></body></html>
