<html>
<body>
<pre>
<h1>µVision Build Log</h1>
<h2>Tool Versions:</h2>
IDE-Version: ¦ÌVision V5.43.1.0
Copyright (C) 2025 ARM Ltd and ARM Germany GmbH. All rights reserved.
License Information: 1 syx19950128@outlook.com, 1, LIC=LSNXV-PGLPL-X7QRZ-JA2X1-01QVV-FBP1Q
 
Tool Versions:
Toolchain:       MDK-ARM Plus  Version: 5.43.0.0
Toolchain Path:  C:\Keil_v5\ARM\ARMCLANG\Bin
C Compiler:      ArmClang.exe V6.24
Assembler:       Armasm.exe V6.24
Linker/Locator:  ArmLink.exe V6.24
Library Manager: ArmAr.exe V6.24
Hex Converter:   FromElf.exe V6.24
CPU DLL:         SARMCM3.DLL V5.43.0.0
Dialog DLL:      DCM.DLL V1.17.5.0
Target DLL:      CMSIS_AGDI.dll V1.33.24.0
Dialog DLL:      TCM.DLL V1.56.6.0
 
<h2>Project:</h2>
E:\src\AT_foc_hall_demo\motor_evb_2v0\at32f45x\pmsm_foc_hall_sensor\mdk_v5\pmsm_foc_hall_sensor.uvprojx
Project File Date:  09/17/2026

<h2>Output:</h2>
*** Using Compiler 'V6.24', folder: 'C:\Keil_v5\ARM\ARMCLANG\Bin'
Rebuild target 'demo'
compiling at32f45x_int.c...
compiling at32f45x_can.c...
compiling at32f45x_clock.c...
compiling at32f45x_emac.c...
compiling at32f45x_gpio.c...
compiling mc_isr.c...
compiling at32f45x_acc.c...
compiling at32f45x_crc.c...
compiling at32f45x_aes.c...
compiling at32f45x_debug.c...
compiling at32f45x_dma.c...
compiling at32f45x_dac.c...
compiling at32f45x_exint.c...
compiling at32f45x_crm.c...
compiling main.c...
compiling at32f45x_ertc.c...
compiling at32f45x_adc.c...
compiling mc_hwio.c...
compiling at32f45x_flash.c...
compiling at32f45x_i2c.c...
compiling at32f45x_misc.c...
compiling at32f45x_pwc.c...
compiling at32f45x_qspi.c...
compiling at32f45x_scfg.c...
compiling at32f45x_trng.c...
compiling at32f45x_sdio.c...
compiling at32f45x_spi.c...
compiling at32f45x_usart.c...
compiling at32f45x_tmr.c...
compiling at32f45x_usb.c...
compiling at32f45x_wdt.c...
compiling at32f45x_wwdt.c...
assembling startup_at32f45x.s...
compiling at32f45x_xmc.c...
compiling system_at32f45x.c...
compiling InterpolationFunctions.c...
compiling FastMathFunctions.c...
compiling mc_delay.c...
compiling mc_foc.c...
compiling BasicMathFunctions.c...
compiling mc_curr_fdbk.c...
compiling mc_encoder.c...
compiling mc_pid_controller.c...
compiling mc_foc_globals.c...
compiling mc_math.c...
compiling mc_field_weakening.c...
compiling CommonTables.c...
compiling mc_foc_sensorless.c...
compiling mc_hall.c...
compiling mc_comm_uart.c...
compiling motor_control_foc.c...
compiling mc_flash_data_table_foc.c...
compiling mc_curr_decoupling.c...
compiling mc_foc_esc_state_hall.c...
compiling user_interface_foc.c...
linking...
Program Size: Code=33944 RO-data=3692 RW-data=1644 ZI-data=7356  
FromELF: creating hex file...
".\Objects\pmsm_foc_hall_sensor.axf" - 0 Error(s), 0 Warning(s).

<h2>Software Packages used:</h2>

Package Vendor: ArteryTek
                
                ArteryTek::AT32F45x_DFP@2.0.0
                ArteryTek AT32F4 Series Device Support,Drivers

<h2>Collection of Component include folders:</h2>
  C:/Keil_v5/ARM/PACK/ArteryTek/AT32F45x_DFP/2.0.0/Device/Include

<h2>Collection of Component Files used:</h2>
Build Time Elapsed:  00:00:04
</pre>
</body>
</html>
