Component: Arm Compiler for Embedded 6.24 Tool: armlink [5f371500]

==============================================================================

Section Cross References

    at32f45x_clock.o(.text.system_clock_config) refers to at32f45x_crm.o(.text.crm_reset) for crm_reset
    at32f45x_clock.o(.text.system_clock_config) refers to at32f45x_crm.o(.text.crm_periph_clock_enable) for crm_periph_clock_enable
    at32f45x_clock.o(.text.system_clock_config) refers to at32f45x_crm.o(.text.crm_clock_source_enable) for crm_clock_source_enable
    at32f45x_clock.o(.text.system_clock_config) refers to at32f45x_crm.o(.text.crm_hext_stable_wait) for crm_hext_stable_wait
    at32f45x_clock.o(.text.system_clock_config) refers to at32f45x_crm.o(.text.crm_pll_config) for crm_pll_config
    at32f45x_clock.o(.text.system_clock_config) refers to at32f45x_crm.o(.text.crm_pllu_div_set) for crm_pllu_div_set
    at32f45x_clock.o(.text.system_clock_config) refers to at32f45x_crm.o(.text.crm_pllu_output_set) for crm_pllu_output_set
    at32f45x_clock.o(.text.system_clock_config) refers to at32f45x_crm.o(.text.crm_flag_get) for crm_flag_get
    at32f45x_clock.o(.text.system_clock_config) refers to at32f45x_crm.o(.text.crm_ahb_div_set) for crm_ahb_div_set
    at32f45x_clock.o(.text.system_clock_config) refers to at32f45x_crm.o(.text.crm_apb3_div_set) for crm_apb3_div_set
    at32f45x_clock.o(.text.system_clock_config) refers to at32f45x_crm.o(.text.crm_apb2_div_set) for crm_apb2_div_set
    at32f45x_clock.o(.text.system_clock_config) refers to at32f45x_crm.o(.text.crm_apb1_div_set) for crm_apb1_div_set
    at32f45x_clock.o(.text.system_clock_config) refers to at32f45x_crm.o(.text.crm_auto_step_mode_enable) for crm_auto_step_mode_enable
    at32f45x_clock.o(.text.system_clock_config) refers to at32f45x_crm.o(.text.crm_sysclk_switch) for crm_sysclk_switch
    at32f45x_clock.o(.text.system_clock_config) refers to at32f45x_crm.o(.text.crm_sysclk_switch_status_get) for crm_sysclk_switch_status_get
    at32f45x_clock.o(.text.system_clock_config) refers to system_at32f45x.o(.text.system_core_clock_update) for system_core_clock_update
    at32f45x_clock.o(.ARM.exidx.text.system_clock_config) refers to at32f45x_clock.o(.text.system_clock_config) for [Anonymous Symbol]
    at32f45x_int.o(.ARM.exidx.text.NMI_Handler) refers to at32f45x_int.o(.text.NMI_Handler) for [Anonymous Symbol]
    at32f45x_int.o(.ARM.exidx.text.HardFault_Handler) refers to at32f45x_int.o(.text.HardFault_Handler) for [Anonymous Symbol]
    at32f45x_int.o(.ARM.exidx.text.MemManage_Handler) refers to at32f45x_int.o(.text.MemManage_Handler) for [Anonymous Symbol]
    at32f45x_int.o(.ARM.exidx.text.BusFault_Handler) refers to at32f45x_int.o(.text.BusFault_Handler) for [Anonymous Symbol]
    at32f45x_int.o(.ARM.exidx.text.UsageFault_Handler) refers to at32f45x_int.o(.text.UsageFault_Handler) for [Anonymous Symbol]
    at32f45x_int.o(.ARM.exidx.text.SVC_Handler) refers to at32f45x_int.o(.text.SVC_Handler) for [Anonymous Symbol]
    at32f45x_int.o(.ARM.exidx.text.DebugMon_Handler) refers to at32f45x_int.o(.text.DebugMon_Handler) for [Anonymous Symbol]
    at32f45x_int.o(.ARM.exidx.text.PendSV_Handler) refers to at32f45x_int.o(.text.PendSV_Handler) for [Anonymous Symbol]
    main.o(.text.main) refers to at32f45x_clock.o(.text.system_clock_config) for system_clock_config
    main.o(.text.main) refers to motor_control_foc.o(.text.remap_exint_clock_enable_config) for remap_exint_clock_enable_config
    main.o(.text.main) refers to mc_delay.o(.text.systick_init) for systick_init
    main.o(.text.main) refers to mc_delay.o(.text.mc_delay_init) for mc_delay_init
    main.o(.text.main) refers to mc_hwio.o(.text.button_exint_init) for button_exint_init
    main.o(.text.main) refers to mc_hwio.o(.text.led_config) for led_config
    main.o(.text.main) refers to mc_hwio.o(.text.nvic_config) for nvic_config
    main.o(.text.main) refers to mc_hwio.o(.text.adc_ordinary_config) for adc_ordinary_config
    main.o(.text.main) refers to mc_hwio.o(.text.adc_preempt_config) for adc_preempt_config
    main.o(.text.main) refers to mc_hwio.o(.text.get_int_vref_cal_ratio) for get_int_vref_cal_ratio
    main.o(.text.main) refers to mc_hwio.o(.text.tmr_pwm_init) for tmr_pwm_init
    main.o(.text.main) refers to mc_hwio.o(.text.speed_timer_init) for speed_timer_init
    main.o(.text.main) refers to mc_hwio.o(.text.hall_timer_init) for hall_timer_init
    main.o(.text.main) refers to mc_hwio.o(.text.mode_switch_init) for mode_switch_init
    main.o(.text.main) refers to main.o(.bss.crm_clocks_freq_struct) for crm_clocks_freq_struct
    main.o(.text.main) refers to at32f45x_crm.o(.text.crm_clocks_freq_get) for crm_clocks_freq_get
    main.o(.text.main) refers to mc_foc_globals.o(.data.ui_usart) for ui_usart
    main.o(.text.main) refers to mc_hwio.o(.text.uart_init) for uart_init
    main.o(.text.main) refers to mc_comm_uart.o(.text.dma_uart_configuration) for dma_uart_configuration
[...]
    NMI_Handler                              0x08000f35   Thumb Code     2  at32f45x_int.o(.text.NMI_Handler)
    PendSV_Handler                           0x08000f39   Thumb Code     2  at32f45x_int.o(.text.PendSV_Handler)
    RCP_ExecCmd                              0x08000f3d   Thumb Code  1066  user_interface_foc.o(.text.RCP_ExecCmd)
    RCP_GetReg                               0x08001369   Thumb Code  2176  user_interface_foc.o(.text.RCP_GetReg)
    RCP_ReceivedFrameID                      0x08001be9   Thumb Code   668  user_interface_foc.o(.text.RCP_ReceivedFrameID)
    RCP_SetMonitorDataAdress                 0x08001e85   Thumb Code   970  user_interface_foc.o(.text.RCP_SetMonitorDataAdress)
    RCP_SetReg                               0x08002251   Thumb Code  1950  user_interface_foc.o(.text.RCP_SetReg)
    RECOGNIZE_ID                             0x080029f1   Thumb Code    64  mc_foc_kernal.o(.text.RECOGNIZE_ID)
    RECOGNIZE_PID                            0x08002a31   Thumb Code    40  mc_foc_kernal.o(.text.RECOGNIZE_PID)
    SVC_Handler                              0x08002a59   Thumb Code     2  at32f45x_int.o(.text.SVC_Handler)
    SysTick_Handler                          0x08002a5d   Thumb Code   312  mc_isr.o(.text.SysTick_Handler)
    SystemInit                               0x08002b95   Thumb Code   120  system_at32f45x.o(.text.SystemInit)
    TCP_SendFrame                            0x08002c0d   Thumb Code   352  user_interface_foc.o(.text.TCP_SendFrame)
    TMR1_BRK_TMR9_IRQHandler                 0x08002d6d   Thumb Code    60  mc_isr.o(.text.TMR1_BRK_TMR9_IRQHandler)
    TMR1_OVF_TMR10_IRQHandler                0x08002da9   Thumb Code   586  mc_isr.o(.text.TMR1_OVF_TMR10_IRQHandler)
    TMR3_GLOBAL_IRQHandler                   0x08002ff5   Thumb Code     4  mc_isr.o(.text.TMR3_GLOBAL_IRQHandler)
    TMR7_GLOBAL_IRQHandler                   0x08002ff9   Thumb Code   216  mc_isr.o(.text.TMR7_GLOBAL_IRQHandler)
    USART1_IRQHandler                        0x080030d5   Thumb Code   150  mc_comm_uart.o(.text.USART1_IRQHandler)
    UsageFault_Handler                       0x0800316d   Thumb Code     2  at32f45x_int.o(.text.UsageFault_Handler)
    adc_base_config                          0x08003171   Thumb Code    68  at32f45x_adc.o(.text.adc_base_config)
    adc_base_default_para_init               0x080031b5   Thumb Code     8  at32f45x_adc.o(.text.adc_base_default_para_init)
    adc_calibration_init                     0x080031bd   Thumb Code    10  at32f45x_adc.o(.text.adc_calibration_init)
    adc_calibration_init_status_get          0x080031c9   Thumb Code     8  at32f45x_adc.o(.text.adc_calibration_init_status_get)
    adc_calibration_start                    0x080031d1   Thumb Code    10  at32f45x_adc.o(.text.adc_calibration_start)
    adc_calibration_status_get               0x080031dd   Thumb Code     8  at32f45x_adc.o(.text.adc_calibration_status_get)
    adc_common_config                        0x080031e5   Thumb Code   146  at32f45x_adc.o(.text.adc_common_config)
    adc_common_default_para_init             0x08003279   Thumb Code    10  at32f45x_adc.o(.text.adc_common_default_para_init)
    adc_dma_mode_enable                      0x08003285   Thumb Code    18  at32f45x_adc.o(.text.adc_dma_mode_enable)
    adc_dma_request_repeat_enable            0x08003299   Thumb Code    18  at32f45x_adc.o(.text.adc_dma_request_repeat_enable)
    adc_enable                               0x080032ad   Thumb Code    10  at32f45x_adc.o(.text.adc_enable)
    adc_flag_clear                           0x080032b9   Thumb Code     6  at32f45x_adc.o(.text.adc_flag_clear)
    adc_flag_get                             0x080032c1   Thumb Code    10  at32f45x_adc.o(.text.adc_flag_get)
    adc_interrupt_enable                     0x080032cd   Thumb Code    26  at32f45x_adc.o(.text.adc_interrupt_enable)
    adc_interrupt_flag_get                   0x080032e9   Thumb Code   136  at32f45x_adc.o(.text.adc_interrupt_flag_get)
    adc_ordinary_channel_set                 0x08003371   Thumb Code    96  at32f45x_adc.o(.text.adc_ordinary_channel_set)
    adc_ordinary_config                      0x080033d1   Thumb Code   466  mc_hwio.o(.text.adc_ordinary_config)
    adc_ordinary_conversion_trigger_set      0x080035a5   Thumb Code    56  at32f45x_adc.o(.text.adc_ordinary_conversion_trigger_set)
    adc_ordinary_software_trigger_enable     0x080035dd   Thumb Code    18  at32f45x_adc.o(.text.adc_ordinary_software_trigger_enable)
    adc_preempt_channel_length_set           0x080035f1   Thumb Code    20  at32f45x_adc.o(.text.adc_preempt_channel_length_set)
    adc_preempt_channel_set                  0x08003605   Thumb Code   118  at32f45x_adc.o(.text.adc_preempt_channel_set)
    adc_preempt_config                       0x0800367d   Thumb Code   346  mc_hwio.o(.text.adc_preempt_config)
    adc_preempt_conversion_data_get          0x080037d9   Thumb Code    20  at32f45x_adc.o(.text.adc_preempt_conversion_data_get)
    adc_preempt_conversion_trigger_set       0x080037ed   Thumb Code    56  at32f45x_adc.o(.text.adc_preempt_conversion_trigger_set)
    adc_preempt_software_trigger_enable      0x08003825   Thumb Code    26  at32f45x_adc.o(.text.adc_preempt_software_trigger_enable)
    adc_resolution_set                       0x08003841   Thumb Code    18  at32f45x_adc.o(.text.adc_resolution_set)
    adc_voltage_monitor_enable               0x08003855   Thumb Code    32  at32f45x_adc.o(.text.adc_voltage_monitor_enable)
    adc_voltage_monitor_threshold_value_set  0x08003875   Thumb Code    28  at32f45x_adc.o(.text.adc_voltage_monitor_threshold_value_set)
    arm_cos_q15                              0x08003891   Thumb Code    76  fastmathfunctions.o(.text.arm_cos_q15)
    arm_sin_q15                              0x080038dd   Thumb Code    62  fastmathfunctions.o(.text.arm_sin_q15)
    button_exint_init                        0x0800391d   Thumb Code   180  mc_hwio.o(.text.button_exint_init)
    charge_boot_cap                          0x080039d1   Thumb Code    60  motor_control_foc.o(.text.charge_boot_cap)
    command_ramp                             0x08003a0d   Thumb Code    60  mc_pid_controller.o(.text.command_ramp)
    crm_ahb_div_set                          0x08003a49   Thumb Code    46  at32f45x_crm.o(.text.crm_ahb_div_set)
    crm_apb1_div_set                         0x08003a79   Thumb Code    26  at32f45x_crm.o(.text.crm_apb1_div_set)
    crm_apb2_div_set                         0x08003a95   Thumb Code    26  at32f45x_crm.o(.text.crm_apb2_div_set)
    crm_apb3_div_set                         0x08003ab1   Thumb Code    26  at32f45x_crm.o(.text.crm_apb3_div_set)
    crm_auto_step_mode_enable                0x08003acd   Thumb Code    24  at32f45x_crm.o(.text.crm_auto_step_mode_enable)
    crm_clock_source_enable                  0x08003ae5   Thumb Code   122  at32f45x_crm.o(.text.crm_clock_source_enable)
    crm_clocks_freq_get                      0x08003b61   Thumb Code   188  at32f45x_crm.o(.text.crm_clocks_freq_get)
    crm_flag_get                             0x08003c3d   Thumb Code    26  at32f45x_crm.o(.text.crm_flag_get)
    crm_hext_stable_wait                     0x08003c59   Thumb Code    36  at32f45x_crm.o(.text.crm_hext_stable_wait)
    crm_periph_clock_enable                  0x08003c7d   Thumb Code    40  at32f45x_crm.o(.text.crm_periph_clock_enable)
    crm_pll_config                           0x08003ca5   Thumb Code    76  at32f45x_crm.o(.text.crm_pll_config)
    crm_pllu_div_set                         0x08003cf1   Thumb Code    26  at32f45x_crm.o(.text.crm_pllu_div_set)
    crm_pllu_output_set                      0x08003d0d   Thumb Code    26  at32f45x_crm.o(.text.crm_pllu_output_set)
    crm_reset                                0x08003d29   Thumb Code   106  at32f45x_crm.o(.text.crm_reset)
    crm_sysclk_switch                        0x08003d95   Thumb Code    38  at32f45x_crm.o(.text.crm_sysclk_switch)
    crm_sysclk_switch_status_get             0x08003dbd   Thumb Code    16  at32f45x_crm.o(.text.crm_sysclk_switch_status_get)
    current_auto_tuning                      0x08003dd1   Thumb Code   440  motor_control_foc.o(.text.current_auto_tuning)
    current_offset_init                      0x08003f9d   Thumb Code   222  mc_curr_fdbk.o(.text.current_offset_init)
    current_read_foc_3shunt                  0x0800407d   Thumb Code   166  mc_curr_fdbk.o(.text.current_read_foc_3shunt)
    dma_channel_enable                       0x08004125   Thumb Code    10  at32f45x_dma.o(.text.dma_channel_enable)
    dma_data_number_get                      0x08004131   Thumb Code     6  at32f45x_dma.o(.text.dma_data_number_get)
    dma_data_number_set                      0x08004139   Thumb Code     4  at32f45x_dma.o(.text.dma_data_number_set)
    dma_default_para_init                    0x0800413d   Thumb Code    14  at32f45x_dma.o(.text.dma_default_para_init)
    dma_flexible_config                      0x0800414d   Thumb Code    22  at32f45x_dma.o(.text.dma_flexible_config)
    dma_init                                 0x08004165   Thumb Code   138  at32f45x_dma.o(.text.dma_init)
    dma_interrupt_enable                     0x080041f1   Thumb Code    16  at32f45x_dma.o(.text.dma_interrupt_enable)
    dma_reset                                0x08004201   Thumb Code    92  at32f45x_dma.o(.text.dma_reset)
    dma_uart_configuration                   0x0800425d   Thumb Code   192  mc_comm_uart.o(.text.dma_uart_configuration)
    enable_pwm_timer                         0x0800431d   Thumb Code    24  motor_control_foc.o(.text.enable_pwm_timer)
    enable_pwm_timer_channel_buffer          0x08004335   Thumb Code     8  motor_control_foc.o(.text.enable_pwm_timer_channel_buffer)
    exint_default_para_init                  0x0800433d   Thumb Code    12  at32f45x_exint.o(.text.exint_default_para_init)
    exint_flag_clear                         0x08004349   Thumb Code    12  at32f45x_exint.o(.text.exint_flag_clear)
    exint_flag_get                           0x08004355   Thumb Code    18  at32f45x_exint.o(.text.exint_flag_get)
    exint_init                               0x08004369   Thumb Code   114  at32f45x_exint.o(.text.exint_init)
    external_input_handler                   0x080043dd   Thumb Code   124  motor_control_foc.o(.text.external_input_handler)
    flash_lock                               0x08004459   Thumb Code    18  at32f45x_flash.o(.text.flash_lock)
    flash_sector_erase                       0x0800446d   Thumb Code   130  at32f45x_flash.o(.text.flash_sector_erase)
    flash_unlock                             0x080044f1   Thumb Code    30  at32f45x_flash.o(.text.flash_unlock)
    flash_word_program                       0x08004511   Thumb Code   122  at32f45x_flash.o(.text.flash_word_program)
    flash_write_int                          0x0800458d   Thumb Code   268  user_interface_foc.o(.text.flash_write_int)
    foc_circle_limitation                    0x08004699   Thumb Code    60  mc_foc.o(.text.foc_circle_limitation)
    foc_clarke_trans                         0x080046d5   Thumb Code    26  mc_foc.o(.text.foc_clarke_trans)
    foc_hall_table_mapping                   0x080046f1   Thumb Code   258  mc_hall.o(.text.foc_hall_table_mapping)
    foc_inver_park_trans                     0x080047f5   Thumb Code    48  mc_foc.o(.text.foc_inver_park_trans)
    foc_open_loop_ctrl                       0x08004825   Thumb Code    18  mc_foc.o(.text.foc_open_loop_ctrl)
    foc_park_trans                           0x08004839   Thumb Code    46  mc_foc.o(.text.foc_park_trans)
    foc_vq_limitation                        0x08004869   Thumb Code    50  mc_foc.o(.text.foc_vq_limitation)
    get_fw_id                                0x0800489d   Thumb Code    12  motor_control_foc.o(.text.get_fw_id)
    get_int_vref_cal_ratio                   0x080048a9   Thumb Code   276  mc_hwio.o(.text.get_int_vref_cal_ratio)
    gpio_default_para_init                   0x080049bd   Thumb Code    14  at32f45x_gpio.o(.text.gpio_default_para_init)
    gpio_init                                0x080049cd   Thumb Code   122  at32f45x_gpio.o(.text.gpio_init)
    gpio_input_data_bit_read                 0x08004a49   Thumb Code    14  at32f45x_gpio.o(.text.gpio_input_data_bit_read)
    gpio_pin_mux_config                      0x08004a59   Thumb Code    40  at32f45x_gpio.o(.text.gpio_pin_mux_config)
    hall_at_zero_speed                       0x08004a81   Thumb Code   122  mc_hall.o(.text.hall_at_zero_speed)
    hall_ccw_ctrl_para                       0x08004afd   Thumb Code    88  motor_control_foc.o(.text.hall_ccw_ctrl_para)
    hall_cw_ctrl_para                        0x08004b55   Thumb Code    88  motor_control_foc.o(.text.hall_cw_ctrl_para)
    hall_delta_theta_calculation             0x08004bad   Thumb Code   140  mc_foc_kernal.o(.text.hall_delta_theta_calculation)
    hall_isr_handler                         0x08004c39   Thumb Code  1248  mc_hall.o(.text.hall_isr_handler)
    hall_learn_process                       0x08005119   Thumb Code   846  mc_hall.o(.text.hall_learn_process)
    hall_rotor_angle_get                     0x08005469   Thumb Code    98  mc_hall.o(.text.hall_rotor_angle_get)
    hall_timer_init                          0x080054cd   Thumb Code   252  mc_hwio.o(.text.hall_timer_init)
    led_blink                                0x080055c9   Thumb Code    46  mc_hwio.o(.text.led_blink)
    led_config                               0x080055f9   Thumb Code    48  mc_hwio.o(.text.led_config)
    led_init                                 0x08005629   Thumb Code   128  mc_hwio.o(.text.led_init)
    led_off                                  0x080056a9   Thumb Code     4  mc_hwio.o(.text.led_off)
    led_on                                   0x080056ad   Thumb Code     4  mc_hwio.o(.text.led_on)
    main                                     0x080056b1   Thumb Code   352  main.o(.text.main)
    mc_delay_init                            0x08005815   Thumb Code    54  mc_delay.o(.text.mc_delay_init)
    mc_delay_ms                              0x0800584d   Thumb Code    36  mc_delay.o(.text.mc_delay_ms)
    mc_param_init                            0x08005871   Thumb Code   752  mc_foc_kernal.o(.text.mc_param_init)
    mode_switch_init                         0x08005b61   Thumb Code    82  mc_hwio.o(.text.mode_switch_init)
    monitoring_signal_adc_trigger            0x08005bb5   Thumb Code    14  motor_control_foc.o(.text.monitoring_signal_adc_trigger)
    motor_parameter_ID_config                0x08005bc5   Thumb Code   272  mc_hwio.o(.text.motor_parameter_ID_config)
    motor_parameter_id_process               0x08005cd5   Thumb Code   262  motor_control_foc.o(.text.motor_parameter_id_process)
    moving_average                           0x08005ddd   Thumb Code    36  mc_math.o(.text.moving_average)
    moving_average_shift                     0x08005e01   Thumb Code    52  mc_math.o(.text.moving_average_shift)
    moving_average_shift_init                0x08005e39   Thumb Code    80  mc_math.o(.text.moving_average_shift_init)
    moving_average_update                    0x08005e91   Thumb Code    76  mc_math.o(.text.moving_average_update)
    nvic_config                              0x08005edd   Thumb Code    94  mc_hwio.o(.text.nvic_config)
    nvic_irq_enable                          0x08005f3d   Thumb Code   118  at32f45x_misc.o(.text.nvic_irq_enable)
    nvic_priority_group_config               0x08005fb5   Thumb Code    32  at32f45x_misc.o(.text.nvic_priority_group_config)
    param_clear                              0x08005fd5   Thumb Code   176  motor_control_foc.o(.text.param_clear)
    param_id_process                         0x08006089   Thumb Code  1388  mc_foc_kernal.o(.text.param_id_process)
    param_identify                           0x080065f9   Thumb Code   176  mc_foc_kernal.o(.text.param_identify)
    param_init                               0x080066a9   Thumb Code   370  motor_control_foc.o(.text.param_init)
    pid_controller_static_clamp              0x0800681d   Thumb Code   108  mc_pid_controller.o(.text.pid_controller_static_clamp)
    pwm_duty_update                          0x08006889   Thumb Code    64  motor_control_foc.o(.text.pwm_duty_update)
    pwm_switch_off                           0x080068c9   Thumb Code    16  motor_control_foc.o(.text.pwm_switch_off)
    pwm_switch_on                            0x080068d9   Thumb Code    46  motor_control_foc.o(.text.pwm_switch_on)
    read_hall_state                          0x08006909   Thumb Code    72  mc_hall.o(.text.read_hall_state)
    remap_exint_clock_enable_config          0x08006951   Thumb Code    12  motor_control_foc.o(.text.remap_exint_clock_enable_config)
    reset_ma_buffer                          0x0800695d   Thumb Code    10  mc_math.o(.text.reset_ma_buffer)
    scfg_exint_line_config                   0x08006969   Thumb Code   164  at32f45x_scfg.o(.text.scfg_exint_line_config)
    set_current_pid_param                    0x08006a0d   Thumb Code    32  mc_pid_controller.o(.text.set_current_pid_param)
    speed_timer_init                         0x08006a2d   Thumb Code    64  mc_hwio.o(.text.speed_timer_init)
    sqrt_fixed                               0x08006a6d   Thumb Code   132  mc_foc_kernal.o(.text.sqrt_fixed)
    svpwm_3shunt                             0x08006af5   Thumb Code   188  mc_foc_kernal.o(.text.svpwm_3shunt)
    svpwm_func                               0x08006bb1   Thumb Code     4  motor_control_foc.o(.text.svpwm_func)
    system_clock_config                      0x08006bb5   Thumb Code   166  at32f45x_clock.o(.text.system_clock_config)
    system_core_clock_update                 0x08006c5d   Thumb Code   112  system_at32f45x.o(.text.system_core_clock_update)
    systick_clock_source_config              0x08006ced   Thumb Code    24  at32f45x_misc.o(.text.systick_clock_source_config)
    systick_init                             0x08006d05   Thumb Code    68  mc_delay.o(.text.systick_init)
    tmr_base_init                            0x08006d49   Thumb Code    14  at32f45x_tmr.o(.text.tmr_base_init)
    tmr_brkdt_config                         0x08006d59   Thumb Code   122  at32f45x_tmr.o(.text.tmr_brkdt_config)
    tmr_brkdt_default_para_init              0x08006dd5   Thumb Code    10  at32f45x_tmr.o(.text.tmr_brkdt_default_para_init)
    tmr_channel1_input_select                0x08006de1   Thumb Code    18  at32f45x_tmr.o(.text.tmr_channel1_input_select)
    tmr_channel_buffer_enable                0x08006df5   Thumb Code    10  at32f45x_tmr.o(.text.tmr_channel_buffer_enable)
    tmr_channel_enable                       0x08006e01   Thumb Code   154  at32f45x_tmr.o(.text.tmr_channel_enable)
    tmr_channel_value_get                    0x08006e9d   Thumb Code    46  at32f45x_tmr.o(.text.tmr_channel_value_get)
    tmr_channel_value_set                    0x08006ecd   Thumb Code    40  at32f45x_tmr.o(.text.tmr_channel_value_set)
    tmr_clock_source_div_set                 0x08006ef5   Thumb Code    18  at32f45x_tmr.o(.text.tmr_clock_source_div_set)
    tmr_cnt_dir_set                          0x08006f09   Thumb Code    18  at32f45x_tmr.o(.text.tmr_cnt_dir_set)
    tmr_counter_enable                       0x08006f1d   Thumb Code    10  at32f45x_tmr.o(.text.tmr_counter_enable)
    tmr_counter_value_set                    0x08006f29   Thumb Code     4  at32f45x_tmr.o(.text.tmr_counter_value_set)
    tmr_flag_clear                           0x08006f2d   Thumb Code     6  at32f45x_tmr.o(.text.tmr_flag_clear)
    tmr_flag_get                             0x08006f35   Thumb Code    10  at32f45x_tmr.o(.text.tmr_flag_get)
    tmr_input_channel_init                   0x08006f41   Thumb Code   480  at32f45x_tmr.o(.text.tmr_input_channel_init)
    tmr_input_default_para_init              0x08007121   Thumb Code     8  at32f45x_tmr.o(.text.tmr_input_default_para_init)
    tmr_interrupt_enable                     0x08007129   Thumb Code    26  at32f45x_tmr.o(.text.tmr_interrupt_enable)
    tmr_one_cycle_mode_enable                0x08007145   Thumb Code    18  at32f45x_tmr.o(.text.tmr_one_cycle_mode_enable)
    tmr_output_channel_buffer_enable         0x08007159   Thumb Code   110  at32f45x_tmr.o(.text.tmr_output_channel_buffer_enable)
    tmr_output_channel_config                0x080071c9   Thumb Code   256  at32f45x_tmr.o(.text.tmr_output_channel_config)
    tmr_output_default_para_init             0x080072c9   Thumb Code    10  at32f45x_tmr.o(.text.tmr_output_default_para_init)
    tmr_output_enable                        0x080072d5   Thumb Code    18  at32f45x_tmr.o(.text.tmr_output_enable)
    tmr_pwm_init                             0x080072e9   Thumb Code   652  mc_hwio.o(.text.tmr_pwm_init)
    tmr_repetition_counter_set               0x08007575   Thumb Code    14  at32f45x_tmr.o(.text.tmr_repetition_counter_set)
    tmr_sub_mode_select                      0x08007585   Thumb Code    10  at32f45x_tmr.o(.text.tmr_sub_mode_select)
    tmr_trigger_input_select                 0x08007591   Thumb Code    18  at32f45x_tmr.o(.text.tmr_trigger_input_select)
    trig_functions                           0x080075a5   Thumb Code    22  mc_foc.o(.text.trig_functions)
    uart_init                                0x080075bd   Thumb Code   178  mc_hwio.o(.text.uart_init)
    uart_rx_init                             0x08007671   Thumb Code    80  mc_comm_uart.o(.text.uart_rx_init)
    ui_rx_receive_handler                    0x080076c1   Thumb Code   264  user_interface_foc.o(.text.ui_rx_receive_handler)
    ui_save_monitor_data                     0x080077c9   Thumb Code   210  user_interface_foc.o(.text.ui_save_monitor_data)
    usart_dma_receiver_enable                0x0800789d   Thumb Code    18  at32f45x_usart.o(.text.usart_dma_receiver_enable)
    usart_dma_transmitter_enable             0x080078b1   Thumb Code    18  at32f45x_usart.o(.text.usart_dma_transmitter_enable)
    usart_enable                             0x080078c5   Thumb Code    18  at32f45x_usart.o(.text.usart_enable)
    usart_flag_clear                         0x080078d9   Thumb Code    44  at32f45x_usart.o(.text.usart_flag_clear)
    usart_flag_get                           0x08007905   Thumb Code    10  at32f45x_usart.o(.text.usart_flag_get)
    usart_init                               0x08007911   Thumb Code   160  at32f45x_usart.o(.text.usart_init)
    usart_interrupt_enable                   0x080079b1   Thumb Code    32  at32f45x_usart.o(.text.usart_interrupt_enable)
    usart_receiver_enable                    0x080079d1   Thumb Code    18  at32f45x_usart.o(.text.usart_receiver_enable)
    usart_transmitter_enable                 0x080079e5   Thumb Code    18  at32f45x_usart.o(.text.usart_transmitter_enable)
    write_flash_cmd                          0x080079f9   Thumb Code   814  user_interface_foc.o(.text.write_flash_cmd)
    __hardfp_ldexp                           0x08007d29   Thumb Code   200  ldexp.o(i.__hardfp_ldexp)
    __hardfp_log                             0x08007df9   Thumb Code   872  log.o(i.__hardfp_log)
    __hardfp_log2                            0x080081c1   Thumb Code   220  log2.o(i.__hardfp_log2)
    __hardfp_round                           0x080082c1   Thumb Code   194  round.o(i.__hardfp_round)
    __kernel_poly                            0x080083a1   Thumb Code   248  poly.o(i.__kernel_poly)
    __mathlib_dbl_divzero                    0x08008499   Thumb Code    28  dunder.o(i.__mathlib_dbl_divzero)
    __mathlib_dbl_infnan                     0x080084c9   Thumb Code    20  dunder.o(i.__mathlib_dbl_infnan)
    __mathlib_dbl_invalid                    0x080084e1   Thumb Code    24  dunder.o(i.__mathlib_dbl_invalid)
    __mathlib_dbl_overflow                   0x08008501   Thumb Code    24  dunder.o(i.__mathlib_dbl_overflow)
    __mathlib_dbl_underflow                  0x08008521   Thumb Code    24  dunder.o(i.__mathlib_dbl_underflow)
    __scatterload_copy                       0x08008541   Thumb Code    14  handlers.o(i.__scatterload_copy)
    __scatterload_null                       0x0800854f   Thumb Code     2  handlers.o(i.__scatterload_null)
    __scatterload_zeroinit                   0x08008551   Thumb Code    14  handlers.o(i.__scatterload_zeroinit)
    __set_errno                              0x08008561   Thumb Code     6  errno.o(i.__set_errno)
    frexp                                    0x08008571   Thumb Code   118  frexp.o(i.frexp)
    log                                      0x080085fd   Thumb Code    16  log.o(i.log)
    malloc                                   0x0800860d   Thumb Code    92  malloc.o(i.malloc)
    __mathlib_zero                           0x080086b0   Data           8  qnan.o(.constdata)
    s_fwVer                                  0x080086c0   Data          32  mc_foc_globals.o(.rodata.s_fwVer)
    sinTable_q15                             0x080086e0   Data        1026  commontables.o(.rodata.sinTable_q15)
    Region$$Table$$Base                      0x08008ae4   Number         0  anon$$obj.o(Region$$Table)
    Region$$Table$$Limit                     0x08008b04   Number         0  anon$$obj.o(Region$$Table)
    intCoeffs32                              0x0807f800   Data         800  mc_flash_data_table_foc.o(.ARM.__at_0x0807F800)
    floatCoeffs32                            0x0807fb20   Data        1248  mc_flash_data_table_foc.o(.ARM.__at_0x0807FB20)
    __microlib_freelist                      0x20000000   Data           4  mvars.o(.data)
    __microlib_freelist_initialised          0x20000004   Data           4  mvars.o(.data)
    I_auto_tune                              0x20000010   Data          72  mc_foc_globals.o(.data.I_auto_tune)
    buffer_index                             0x20000058   Data           2  mc_foc_globals.o(.data.buffer_index)
    current                                  0x2000005c   Data         104  mc_foc_globals.o(.data.current)
    encoder                                  0x200000c4   Data          96  mc_foc_globals.o(.data.encoder)
    error_code_mask                          0x20000124   Data           2  mc_foc_globals.o(.data.error_code_mask)
    esc_state_old                            0x20000126   Data           1  mc_foc_globals.o(.data.esc_state_old)
    hall                                     0x20000128   Data          56  mc_foc_globals.o(.data.hall)
    hall_ccw_next_state_table                0x20000160   Data          16  mc_foc_globals.o(.data.hall_ccw_next_state_table)
    hall_cw_next_state_table                 0x20000170   Data          16  mc_foc_globals.o(.data.hall_cw_next_state_table)
    hall_interval_moving_average             0x20000180   Data           4  mc_foc_globals.o(.data.hall_interval_moving_average)
    hall_learn                               0x20000188   Data          72  mc_foc_globals.o(.data.hall_learn)
    motor_param_ident                        0x200001d0   Data         472  mc_foc_globals.o(.data.motor_param_ident)
    mtpa                                     0x200003a8   Data         120  mc_foc_globals.o(.data.mtpa)
    null                                     0x20000420   Data          16  mc_foc_globals.o(.data.null)
    obs_speed_LPF                            0x20000430   Data          32  mc_foc_globals.o(.data.obs_speed_LPF)
    pid_id                                   0x20000450   Data          48  mc_foc_globals.o(.data.pid_id)
    pid_iq                                   0x20000480   Data          48  mc_foc_globals.o(.data.pid_iq)
    pid_spd_volt                             0x200004b0   Data          48  mc_foc_globals.o(.data.pid_spd_volt)
    pos                                      0x200004e0   Data          44  mc_foc_globals.o(.data.pos)
    pwm_duty                                 0x2000050c   Data          56  mc_foc_globals.o(.data.pwm_duty)
    rotor_speed_hall                         0x20000544   Data          24  mc_foc_globals.o(.data.rotor_speed_hall)
    speed_ma_fliter                          0x2000055c   Data           4  mc_foc_globals.o(.data.speed_ma_fliter)
    startup                                  0x20000560   Data          32  mc_foc_globals.o(.data.startup)
    state_observer                           0x20000580   Data         136  mc_foc_globals.o(.data.state_observer)
    sync_frame                               0x20000608   Data          10  mc_comm_uart.o(.data.sync_frame)
    system_core_clock                        0x20000614   Data           4  system_at32f45x.o(.data.system_core_clock)
    ui_receive_cmd_index                     0x20000618   Data           1  mc_foc_globals.o(.data.ui_receive_cmd_index)
    ui_usart                                 0x2000061c   Data          48  mc_foc_globals.o(.data.ui_usart)
    volt_cmd                                 0x2000064c   Data          32  mc_foc_globals.o(.data.volt_cmd)
    I_tune_count                             0x20000670   Data           2  mc_foc_globals.o(.bss.I_tune_count)
    Iref                                     0x20000672   Data           4  mc_foc_globals.o(.bss.Iref)
    Ival                                     0x20000676   Data           4  mc_foc_globals.o(.bss.Ival)
    MonitorRegID_1                           0x2000067a   Data           1  user_interface_foc.o(.bss.MonitorRegID_1)
    MonitorRegID_2                           0x2000067b   Data           1  user_interface_foc.o(.bss.MonitorRegID_2)
    adc_in_tab                               0x2000067e   Data           8  mc_hwio.o(.bss.adc_in_tab)
    angle                                    0x20000688   Data          12  mc_foc_globals.o(.bss.angle)
    buffer_val                               0x20000694   Data           4  mc_foc_globals.o(.bss.buffer_val)
    cmd_response_rdy                         0x20000698   Data           1  mc_foc_globals.o(.bss.cmd_response_rdy)
    crm_clocks_freq_struct                   0x2000069c   Data          16  main.o(.bss.crm_clocks_freq_struct)
    ctrl_mode                                0x200006ac   Data           1  mc_foc_globals.o(.bss.ctrl_mode)
    ctrl_mode_cmd                            0x200006ad   Data           1  mc_foc_globals.o(.bss.ctrl_mode_cmd)
    ctrl_mode_old                            0x200006ae   Data           1  mc_foc_globals.o(.bss.ctrl_mode_old)
    ctrl_source                              0x200006af   Data           1  mc_foc_globals.o(.bss.ctrl_source)
    curr_offset_rdy                          0x200006b0   Data           1  mc_foc_globals.o(.bss.curr_offset_rdy)
    current_tune_step_period                 0x200006b8   Data           2  mc_foc_globals.o(.bss.current_tune_step_period)
    current_tune_target_current              0x200006ba   Data           2  mc_foc_globals.o(.bss.current_tune_target_current)
    current_tune_total_period                0x200006bc   Data           2  mc_foc_globals.o(.bss.current_tune_total_period)
    elec_angle_val                           0x200006be   Data           2  mc_foc_globals.o(.bss.elec_angle_val)
    error_code                               0x200006c0   Data           2  mc_foc_globals.o(.bss.error_code)
    esc_state                                0x200006c2   Data           1  mc_foc_globals.o(.bss.esc_state)
    extra_data_buffer                        0x200006c3   Data          36  mc_foc_globals.o(.bss.extra_data_buffer)
    field_weakening                          0x200006f0   Data          56  mc_foc_globals.o(.bss.field_weakening)
    firmware_id                              0x20000728   Data           1  mc_foc_globals.o(.bss.firmware_id)
    flash_buf_int                            0x2000072c   Data        2048  user_interface_foc.o(.bss.flash_buf_int)
    foc_rdy                                  0x20000f2c   Data           1  mc_foc_globals.o(.bss.foc_rdy)
    hall_ccw_theta_table                     0x20000f2e   Data          16  mc_foc_globals.o(.bss.hall_ccw_theta_table)
    hall_cw_theta_table                      0x20000f3e   Data          16  mc_foc_globals.o(.bss.hall_cw_theta_table)
    hall_learn_sequence_table                0x20000f50   Data          12  mc_foc_globals.o(.bss.hall_learn_sequence_table)
    hall_learn_state_table                   0x20000f5c   Data          12  mc_foc_globals.o(.bss.hall_learn_state_table)
    hall_next_state_table                    0x20000f68   Data           4  mc_foc_globals.o(.bss.hall_next_state_table)
    hall_sequence_seen_states                0x20000f6c   Data           8  mc_foc_globals.o(.bss.hall_sequence_seen_states)
    hall_startup_theta_table                 0x20000f74   Data          16  mc_foc_globals.o(.bss.hall_startup_theta_table)
    hall_theta_table                         0x20000f84   Data           4  mc_foc_globals.o(.bss.hall_theta_table)
    iMosTemperature                          0x20000f88   Data           2  mc_foc_globals.o(.bss.iMosTemperature)
    intCoeffs32_p                            0x20000f8c   Data           4  mc_foc_globals.o(.bss.intCoeffs32_p)
    is_duplicate_in_sequence                 0x20000f90   Data           1  mc_hall.o(.bss.is_duplicate_in_sequence)
    lock_flag                                0x20000f92   Data           2  mc_hall.o(.bss.lock_flag)
    lock_motor_hall_state                    0x20000f94   Data           2  mc_foc_globals.o(.bss.lock_motor_hall_state)
    lock_motor_time                          0x20000f98   Data           4  mc_foc_globals.o(.bss.lock_motor_time)
    monitor_data                             0x20000f9c   Data           8  mc_foc_globals.o(.bss.monitor_data)
    monitor_data_buffer                      0x20000fa4   Data        1116  mc_foc_globals.o(.bss.monitor_data_buffer)
    monitor_data_buffer_num                  0x20001400   Data           1  mc_foc_globals.o(.bss.monitor_data_buffer_num)
    next_hall_learn_state_table              0x20001402   Data          14  mc_foc_globals.o(.bss.next_hall_learn_state_table)
    openloop                                 0x20001410   Data           8  mc_foc_globals.o(.bss.openloop)
    param_initial_rdy                        0x20001436   Data           1  mc_foc_globals.o(.bss.param_initial_rdy)
    pid_pos                                  0x20001438   Data          48  mc_foc_globals.o(.bss.pid_pos)
    pid_spd                                  0x20001468   Data          48  mc_foc_globals.o(.bss.pid_spd)
    rotor_angle_hall                         0x20001498   Data           6  mc_foc_globals.o(.bss.rotor_angle_hall)
    rotor_angle_hall_old                     0x2000149e   Data           6  mc_foc_globals.o(.bss.rotor_angle_hall_old)
    rotor_speed_val                          0x200014a4   Data           4  mc_foc_globals.o(.bss.rotor_speed_val)
    rotor_speed_val_filt                     0x200014a8   Data           4  mc_foc_globals.o(.bss.rotor_speed_val_filt)
    rx_data_command                          0x200014ac   Data          13  mc_foc_globals.o(.bss.rx_data_command)
    save_param_buffer                        0x200014bc   Data        2048  mc_foc_globals.o(.bss.save_param_buffer)
    sp_value                                 0x20001cbc   Data           2  mc_foc_globals.o(.bss.sp_value)
    spd_err                                  0x20001cc0   Data           4  mc_foc_globals.o(.bss.spd_err)
    speed_ramp                               0x20001cc4   Data          12  mc_foc_globals.o(.bss.speed_ramp)
    start_stop_btn_flag                      0x20001cd0   Data           1  mc_foc_globals.o(.bss.start_stop_btn_flag)
    sys_counter                              0x20001cd2   Data           2  mc_foc_globals.o(.bss.sys_counter)
    trig_components                          0x20001cd4   Data           4  mc_isr.o(.bss.trig_components)
    tx_data_response                         0x20001cd8   Data          40  mc_foc_globals.o(.bss.tx_data_response)
    ui_wave_param                            0x20001d00   Data          20  mc_foc_globals.o(.bss.ui_wave_param)
    usart_data_idx                           0x20001d14   Data           6  mc_foc_globals.o(.bss.usart_data_idx)
    usart_rx_buffer                          0x20001d1a   Data          12  mc_comm_uart.o(.bss.usart_rx_buffer)
    vref_cal_ratio                           0x20001d26   Data           2  mc_foc_globals.o(.bss.vref_cal_ratio)
    __heap_base                              0x20001d28   Data           0  startup_at32f45x.o(HEAP)
    __heap_limit                             0x20001f28   Data           0  startup_at32f45x.o(HEAP)
    __initial_sp                             0x20002328   Data           0  startup_at32f45x.o(STACK)



==============================================================================

Memory Map of the image

  Image Entry point : 0x080001e1

  Load Region LR_IROM1 (Base: 0x08000000, Size: 0x00009178, Max: 0x0007f800, ABSOLUTE, COMPRESSED[0x00008c98])

    Execution Region ER_IROM1 (Exec base: 0x08000000, Load base: 0x08000000, Size: 0x00008b04, Max: 0x0007f800, ABSOLUTE)

    Exec Addr    Load Addr    Size         Type   Attr      Idx    E Section Name        Object

    0x08000000   0x08000000   0x000001e0   Data   RO         1749    RESET               startup_at32f45x.o
    0x080001e0   0x080001e0   0x00000000   Code   RO         2790  * .ARM.Collect$$$$00000000  mc_w.l(entry.o)
    0x080001e0   0x080001e0   0x00000004   Code   RO         3153    .ARM.Collect$$$$00000001  mc_w.l(entry2.o)
    0x080001e4   0x080001e4   0x00000004   Code   RO         3156    .ARM.Collect$$$$00000004  mc_w.l(entry5.o)
    0x080001e8   0x080001e8   0x00000000   Code   RO         3158    .ARM.Collect$$$$00000008  mc_w.l(entry7b.o)
    0x080001e8   0x080001e8   0x00000000   Code   RO         3160    .ARM.Collect$$$$0000000A  mc_w.l(entry8b.o)
    0x080001e8   0x080001e8   0x00000008   Code   RO         3161    .ARM.Collect$$$$0000000B  mc_w.l(entry9a.o)
    0x080001f0   0x080001f0   0x00000000   Code   RO         3163    .ARM.Collect$$$$0000000D  mc_w.l(entry10a.o)
    0x080001f0   0x080001f0   0x00000000   Code   RO         3165    .ARM.Collect$$$$0000000F  mc_w.l(entry11a.o)
    0x080001f0   0x080001f0   0x00000004   Code   RO         3154    .ARM.Collect$$$$00002712  mc_w.l(entry2.o)
    0x080001f4   0x080001f4   0x00000024   Code   RO         1750    .text               startup_at32f45x.o
    0x08000218   0x08000218   0x00000024   Code   RO         2795    .text               mc_w.l(memcpya.o)
    0x0800023c   0x0800023c   0x00000024   Code   RO         2797    .text               mc_w.l(memseta.o)
    0x08000260   0x08000260   0x0000001c   Code   RO         3090    .text               mc_w.l(calloc.o)
    0x0800027c   0x0800027c   0x0000014e   Code   RO         3092    .text               mf_w.l(dadd.o)
    0x080003ca   0x080003ca   0x000000e4   Code   RO         3094    .text               mf_w.l(dmul.o)
    0x080004ae   0x080004ae   0x000000de   Code   RO         3096    .text               mf_w.l(ddiv.o)
    0x0800058c   0x0800058c   0x00000036   Code   RO         3098    .text               mf_w.l(dcmplt.o)
    0x080005c2   0x080005c2   0x00000036   Code   RO         3100    .text               mf_w.l(dcmpgt.o)
    0x080005f8   0x080005f8   0x00000022   Code   RO         3102    .text               mf_w.l(dflti.o)
    0x0800061a   0x0800061a   0x0000001a   Code   RO         3104    .text               mf_w.l(dfltui.o)
    0x08000634   0x08000634   0x0000003e   Code   RO         3106    .text               mf_w.l(dfixi.o)
    0x08000672   0x08000672   0x00000026   Code   RO         3108    .text               mf_w.l(f2d.o)
    0x08000698   0x08000698   0x00000038   Code   RO         3110    .text               mf_w.l(d2f.o)
    0x080006d0   0x080006d0   0x0000001e   Code   RO         3180    .text               mc_w.l(llshl.o)
    0x080006ee   0x080006ee   0x00000020   Code   RO         3182    .text               mc_w.l(llushr.o)
    0x0800070e   0x0800070e   0x00000024   Code   RO         3184    .text               mc_w.l(llsshr.o)
    0x08000732   0x08000732   0x00000000   Code   RO         3195    .text               mc_w.l(iusefp.o)
    0x08000732   0x08000732   0x0000006e   Code   RO         3196    .text               mf_w.l(fepilogue.o)
    0x080007a0   0x080007a0   0x000000ba   Code   RO         3198    .text               mf_w.l(depilogue.o)
    0x0800085a   0x0800085a   0x0000002e   Code   RO         3202    .text               mf_w.l(dscalb.o)
    0x08000888   0x08000888   0x00000088   Code   RO         3204    .text               mf_w.l(drnd.o)
    0x08000910   0x08000910   0x00000030   Code   RO         3208    .text               mf_w.l(cdcmple.o)
    0x08000940   0x08000940   0x00000030   Code   RO         3210    .text               mf_w.l(cdrcmple.o)
    0x08000970   0x08000970   0x00000030   Code   RO         3212    .text               mc_w.l(init.o)
    0x080009a0   0x080009a0   0x00000056   Code   RO         3222    .text               mc_w.l(__dczerorl2.o)
    0x080009f6   0x080009f6   0x00000002   PAD
    0x080009f8   0x080009f8   0x00000076   Code   RO          110    .text.ADC1_2_IRQHandler  mc_isr.o
    0x08000a6e   0x08000a6e   0x00000002   PAD
    0x08000a70   0x08000a70   0x00000002   Code   RO           16    .text.BusFault_Handler  at32f45x_int.o
    0x08000a72   0x08000a72   0x00000002   PAD
    0x08000a74   0x08000a74   0x00000002   Code   RO           22    .text.DebugMon_Handler  at32f45x_int.o
    0x08000a76   0x08000a76   0x00000002   PAD
    0x08000a78   0x08000a78   0x00000184   Code   RO         2663    .text.ESC_State_Init  mc_foc_esc_state_hall.o
    0x08000bfc   0x08000bfc   0x00000214   Code   RO         2665    .text.ESC_State_Task  mc_foc_esc_state_hall.o
    0x08000e10   0x08000e10   0x0000007e   Code   RO          118    .text.EXINT15_10_IRQHandler  mc_isr.o
    0x08000e8e   0x08000e8e   0x00000002   PAD
    0x08000e90   0x08000e90   0x00000002   Code   RO           12    .text.HardFault_Handler  at32f45x_int.o
    0x08000e92   0x08000e92   0x00000002   PAD
    0x08000e94   0x08000e94   0x00000024   Code   RO         2598    .text.I_offset_init  motor_control_foc.o
    0x08000eb8   0x08000eb8   0x00000078   Code   RO         2600    .text.I_tune_manual  motor_control_foc.o
    0x08000f30   0x08000f30   0x00000002   Code   RO           14    .text.MemManage_Handler  at32f45x_int.o
    0x08000f32   0x08000f32   0x00000002   PAD
    0x08000f34   0x08000f34   0x00000002   Code   RO           10    .text.NMI_Handler   at32f45x_int.o
    0x08000f36   0x08000f36   0x00000002   PAD
    0x08000f38   0x08000f38   0x00000002   Code   RO           24    .text.PendSV_Handler  at32f45x_int.o
    0x08000f3a   0x08000f3a   0x00000002   PAD
    0x08000f3c   0x08000f3c   0x0000042a   Code   RO         2540    .text.RCP_ExecCmd   user_interface_foc.o
    0x08001366   0x08001366   0x00000002   PAD
    0x08001368   0x08001368   0x00000880   Code   RO         2542    .text.RCP_GetReg    user_interface_foc.o
    0x08001be8   0x08001be8   0x0000029c   Code   RO         2534    .text.RCP_ReceivedFrameID  user_interface_foc.o
    0x08001e84   0x08001e84   0x000003ca   Code   RO         2546    .text.RCP_SetMonitorDataAdress  user_interface_foc.o
    0x0800224e   0x0800224e   0x00000002   PAD
    0x08002250   0x08002250   0x0000079e   Code   RO         2544    .text.RCP_SetReg    user_interface_foc.o
    0x080029ee   0x080029ee   0x00000002   PAD
    0x080029f0   0x080029f0   0x00000040   Code   RO         2677    .text.RECOGNIZE_ID  mc_foc_kernal.lib(mc_foc_kernal.o)
    0x08002a30   0x08002a30   0x00000028   Code   RO         2675    .text.RECOGNIZE_PID  mc_foc_kernal.lib(mc_foc_kernal.o)
    0x08002a58   0x08002a58   0x00000002   Code   RO           20    .text.SVC_Handler   at32f45x_int.o
    0x08002a5a   0x08002a5a   0x00000002   PAD
    0x08002a5c   0x08002a5c   0x00000138   Code   RO          116    .text.SysTick_Handler  mc_isr.o
    0x08002b94   0x08002b94   0x00000078   Code   RO         1735    .text.SystemInit    system_at32f45x.o
    0x08002c0c   0x08002c0c   0x00000160   Code   RO         2536    .text.TCP_SendFrame  user_interface_foc.o
    0x08002d6c   0x08002d6c   0x0000003c   Code   RO          108    .text.TMR1_BRK_TMR9_IRQHandler  mc_isr.o
    0x08002da8   0x08002da8   0x0000024a   Code   RO          106    .text.TMR1_OVF_TMR10_IRQHandler  mc_isr.o
    0x08002ff2   0x08002ff2   0x00000002   PAD
    0x08002ff4   0x08002ff4   0x00000004   Code   RO          112    .text.TMR3_GLOBAL_IRQHandler  mc_isr.o
    0x08002ff8   0x08002ff8   0x000000dc   Code   RO          114    .text.TMR7_GLOBAL_IRQHandler  mc_isr.o
    0x080030d4   0x080030d4   0x00000096   Code   RO         2518    .text.USART1_IRQHandler  mc_comm_uart.o
    0x0800316a   0x0800316a   0x00000002   PAD
    0x0800316c   0x0800316c   0x00000002   Code   RO           18    .text.UsageFault_Handler  at32f45x_int.o
    0x0800316e   0x0800316e   0x00000002   PAD
    0x08003170   0x08003170   0x00000044   Code   RO          175    .text.adc_base_config  at32f45x_adc.o
    0x080031b4   0x080031b4   0x00000008   Code   RO          173    .text.adc_base_default_para_init  at32f45x_adc.o
    0x080031bc   0x080031bc   0x0000000a   Code   RO          195    .text.adc_calibration_init  at32f45x_adc.o
    0x080031c6   0x080031c6   0x00000002   PAD
    0x080031c8   0x080031c8   0x00000008   Code   RO          197    .text.adc_calibration_init_status_get  at32f45x_adc.o
    0x080031d0   0x080031d0   0x0000000a   Code   RO          199    .text.adc_calibration_start  at32f45x_adc.o
    0x080031da   0x080031da   0x00000002   PAD
    0x080031dc   0x080031dc   0x00000008   Code   RO          201    .text.adc_calibration_status_get  at32f45x_adc.o
    0x080031e4   0x080031e4   0x00000092   Code   RO          179    .text.adc_common_config  at32f45x_adc.o
    0x08003276   0x08003276   0x00000002   PAD
    0x08003278   0x08003278   0x0000000a   Code   RO          177    .text.adc_common_default_para_init  at32f45x_adc.o
    0x08003282   0x08003282   0x00000002   PAD
    0x08003284   0x08003284   0x00000012   Code   RO          189    .text.adc_dma_mode_enable  at32f45x_adc.o
    0x08003296   0x08003296   0x00000002   PAD
    0x08003298   0x08003298   0x00000012   Code   RO          191    .text.adc_dma_request_repeat_enable  at32f45x_adc.o
    0x080032aa   0x080032aa   0x00000002   PAD
    0x080032ac   0x080032ac   0x0000000a   Code   RO          171    .text.adc_enable    at32f45x_adc.o
    0x080032b6   0x080032b6   0x00000002   PAD
    0x080032b8   0x080032b8   0x00000006   Code   RO          253    .text.adc_flag_clear  at32f45x_adc.o
    0x080032be   0x080032be   0x00000002   PAD
    0x080032c0   0x080032c0   0x0000000a   Code   RO          249    .text.adc_flag_get  at32f45x_adc.o
    0x080032ca   0x080032ca   0x00000002   PAD
    0x080032cc   0x080032cc   0x0000001a   Code   RO          193    .text.adc_interrupt_enable  at32f45x_adc.o
    0x080032e6   0x080032e6   0x00000002   PAD
    0x080032e8   0x080032e8   0x00000088   Code   RO          251    .text.adc_interrupt_flag_get  at32f45x_adc.o
    0x08003370   0x08003370   0x00000060   Code   RO          209    .text.adc_ordinary_channel_set  at32f45x_adc.o
    0x080033d0   0x080033d0   0x000001d2   Code   RO           50    .text.adc_ordinary_config  mc_hwio.o
    0x080035a2   0x080035a2   0x00000002   PAD
    0x080035a4   0x080035a4   0x00000038   Code   RO          215    .text.adc_ordinary_conversion_trigger_set  at32f45x_adc.o
    0x080035dc   0x080035dc   0x00000012   Code   RO          235    .text.adc_ordinary_software_trigger_enable  at32f45x_adc.o
    0x080035ee   0x080035ee   0x00000002   PAD
    0x080035f0   0x080035f0   0x00000014   Code   RO          211    .text.adc_preempt_channel_length_set  at32f45x_adc.o
    0x08003604   0x08003604   0x00000076   Code   RO          213    .text.adc_preempt_channel_set  at32f45x_adc.o
    0x0800367a   0x0800367a   0x00000002   PAD
    0x0800367c   0x0800367c   0x0000015a   Code   RO           52    .text.adc_preempt_config  mc_hwio.o
    0x080037d6   0x080037d6   0x00000002   PAD
    0x080037d8   0x080037d8   0x00000014   Code   RO          247    .text.adc_preempt_conversion_data_get  at32f45x_adc.o
    0x080037ec   0x080037ec   0x00000038   Code   RO          217    .text.adc_preempt_conversion_trigger_set  at32f45x_adc.o
    0x08003824   0x08003824   0x0000001a   Code   RO          239    .text.adc_preempt_software_trigger_enable  at32f45x_adc.o
    0x0800383e   0x0800383e   0x00000002   PAD
    0x08003840   0x08003840   0x00000012   Code   RO          187    .text.adc_resolution_set  at32f45x_adc.o
    0x08003852   0x08003852   0x00000002   PAD
    0x08003854   0x08003854   0x00000020   Code   RO          203    .text.adc_voltage_monitor_enable  at32f45x_adc.o
    0x08003874   0x08003874   0x0000001c   Code   RO          205    .text.adc_voltage_monitor_threshold_value_set  at32f45x_adc.o
    0x08003890   0x08003890   0x0000004c   Code   RO         1951    .text.arm_cos_q15   fastmathfunctions.o
    0x080038dc   0x080038dc   0x0000003e   Code   RO         1957    .text.arm_sin_q15   fastmathfunctions.o
    0x0800391a   0x0800391a   0x00000002   PAD
    0x0800391c   0x0800391c   0x000000b4   Code   RO           74    .text.button_exint_init  mc_hwio.o
    0x080039d0   0x080039d0   0x0000003c   Code   RO         2588    .text.charge_boot_cap  motor_control_foc.o
    0x08003a0c   0x08003a0c   0x0000003c   Code   RO         2282    .text.command_ramp  mc_pid_controller.o
    0x08003a48   0x08003a48   0x0000002e   Code   RO          497    .text.crm_ahb_div_set  at32f45x_crm.o
    0x08003a76   0x08003a76   0x00000002   PAD
    0x08003a78   0x08003a78   0x0000001a   Code   RO          499    .text.crm_apb1_div_set  at32f45x_crm.o
    0x08003a92   0x08003a92   0x00000002   PAD
    0x08003a94   0x08003a94   0x0000001a   Code   RO          501    .text.crm_apb2_div_set  at32f45x_crm.o
    0x08003aae   0x08003aae   0x00000002   PAD
    0x08003ab0   0x08003ab0   0x0000001a   Code   RO          503    .text.crm_apb3_div_set  at32f45x_crm.o
    0x08003aca   0x08003aca   0x00000002   PAD
    0x08003acc   0x08003acc   0x00000018   Code   RO          469    .text.crm_auto_step_mode_enable  at32f45x_crm.o
    0x08003ae4   0x08003ae4   0x0000007a   Code   RO          489    .text.crm_clock_source_enable  at32f45x_crm.o
    0x08003b5e   0x08003b5e   0x00000002   PAD
    0x08003b60   0x08003b60   0x000000dc   Code   RO          539    .text.crm_clocks_freq_get  at32f45x_crm.o
    0x08003c3c   0x08003c3c   0x0000001a   Code   RO          475    .text.crm_flag_get  at32f45x_crm.o
    0x08003c56   0x08003c56   0x00000002   PAD
    0x08003c58   0x08003c58   0x00000024   Code   RO          477    .text.crm_hext_stable_wait  at32f45x_crm.o
    0x08003c7c   0x08003c7c   0x00000028   Code   RO          483    .text.crm_periph_clock_enable  at32f45x_crm.o
    0x08003ca4   0x08003ca4   0x0000004c   Code   RO          529    .text.crm_pll_config  at32f45x_crm.o
    0x08003cf0   0x08003cf0   0x0000001a   Code   RO          531    .text.crm_pllu_div_set  at32f45x_crm.o
    0x08003d0a   0x08003d0a   0x00000002   PAD
    0x08003d0c   0x08003d0c   0x0000001a   Code   RO          533    .text.crm_pllu_output_set  at32f45x_crm.o
    0x08003d26   0x08003d26   0x00000002   PAD
    0x08003d28   0x08003d28   0x0000006a   Code   RO          467    .text.crm_reset     at32f45x_crm.o
    0x08003d92   0x08003d92   0x00000002   PAD
    0x08003d94   0x08003d94   0x00000026   Code   RO          535    .text.crm_sysclk_switch  at32f45x_crm.o
    0x08003dba   0x08003dba   0x00000002   PAD
    0x08003dbc   0x08003dbc   0x00000010   Code   RO          537    .text.crm_sysclk_switch_status_get  at32f45x_crm.o
    0x08003dcc   0x08003dcc   0x00000004   PAD
    0x08003dd0   0x08003dd0   0x000001cc   Code   RO         2628    .text.current_auto_tuning  motor_control_foc.o
    0x08003f9c   0x08003f9c   0x000000de   Code   RO         2200    .text.current_offset_init  mc_curr_fdbk.o
    0x0800407a   0x0800407a   0x00000002   PAD
    0x0800407c   0x0800407c   0x000000a6   Code   RO         2202    .text.current_read_foc_3shunt  mc_curr_fdbk.o
    0x08004122   0x08004122   0x00000002   PAD
    0x08004124   0x08004124   0x0000000a   Code   RO          630    .text.dma_channel_enable  at32f45x_dma.o
    0x0800412e   0x0800412e   0x00000002   PAD
    0x08004130   0x08004130   0x00000006   Code   RO          626    .text.dma_data_number_get  at32f45x_dma.o
    0x08004136   0x08004136   0x00000002   PAD
    0x08004138   0x08004138   0x00000004   Code   RO          624    .text.dma_data_number_set  at32f45x_dma.o
    0x0800413c   0x0800413c   0x0000000e   Code   RO          638    .text.dma_default_para_init  at32f45x_dma.o
    0x0800414a   0x0800414a   0x00000002   PAD
    0x0800414c   0x0800414c   0x00000016   Code   RO          642    .text.dma_flexible_config  at32f45x_dma.o
    0x08004162   0x08004162   0x00000002   PAD
    0x08004164   0x08004164   0x0000008a   Code   RO          640    .text.dma_init      at32f45x_dma.o
    0x080041ee   0x080041ee   0x00000002   PAD
    0x080041f0   0x080041f0   0x00000010   Code   RO          628    .text.dma_interrupt_enable  at32f45x_dma.o
    0x08004200   0x08004200   0x0000005c   Code   RO          622    .text.dma_reset     at32f45x_dma.o
    0x0800425c   0x0800425c   0x000000c0   Code   RO         2514    .text.dma_uart_configuration  mc_comm_uart.o
    0x0800431c   0x0800431c   0x00000018   Code   RO         2592    .text.enable_pwm_timer  motor_control_foc.o
    0x08004334   0x08004334   0x00000008   Code   RO         2590    .text.enable_pwm_timer_channel_buffer  motor_control_foc.o
    0x0800433c   0x0800433c   0x0000000c   Code   RO          805    .text.exint_default_para_init  at32f45x_exint.o
    0x08004348   0x08004348   0x0000000c   Code   RO          809    .text.exint_flag_clear  at32f45x_exint.o
    0x08004354   0x08004354   0x00000012   Code   RO          811    .text.exint_flag_get  at32f45x_exint.o
    0x08004366   0x08004366   0x00000002   PAD
    0x08004368   0x08004368   0x00000072   Code   RO          807    .text.exint_init    at32f45x_exint.o
    0x080043da   0x080043da   0x00000002   PAD
    0x080043dc   0x080043dc   0x0000007c   Code   RO         2630    .text.external_input_handler  motor_control_foc.o
    0x08004458   0x08004458   0x00000012   Code   RO          839    .text.flash_lock    at32f45x_flash.o
    0x0800446a   0x0800446a   0x00000002   PAD
    0x0800446c   0x0800446c   0x00000082   Code   RO          841    .text.flash_sector_erase  at32f45x_flash.o
    0x080044ee   0x080044ee   0x00000002   PAD
    0x080044f0   0x080044f0   0x0000001e   Code   RO          837    .text.flash_unlock  at32f45x_flash.o
    0x0800450e   0x0800450e   0x00000002   PAD
    0x08004510   0x08004510   0x0000007a   Code   RO          849    .text.flash_word_program  at32f45x_flash.o
    0x0800458a   0x0800458a   0x00000002   PAD
    0x0800458c   0x0800458c   0x0000010c   Code   RO         2550    .text.flash_write_int  user_interface_foc.o
    0x08004698   0x08004698   0x0000003c   Code   RO         2188    .text.foc_circle_limitation  mc_foc.o
    0x080046d4   0x080046d4   0x0000001a   Code   RO         2176    .text.foc_clarke_trans  mc_foc.o
    0x080046ee   0x080046ee   0x00000002   PAD
    0x080046f0   0x080046f0   0x00000102   Code   RO         2461    .text.foc_hall_table_mapping  mc_hall.o
    0x080047f2   0x080047f2   0x00000002   PAD
    0x080047f4   0x080047f4   0x00000030   Code   RO         2182    .text.foc_inver_park_trans  mc_foc.o
    0x08004824   0x08004824   0x00000012   Code   RO         2184    .text.foc_open_loop_ctrl  mc_foc.o
    0x08004836   0x08004836   0x00000002   PAD
    0x08004838   0x08004838   0x0000002e   Code   RO         2178    .text.foc_park_trans  mc_foc.o
    0x08004866   0x08004866   0x00000002   PAD
    0x08004868   0x08004868   0x00000032   Code   RO         2186    .text.foc_vq_limitation  mc_foc.o
    0x0800489a   0x0800489a   0x00000002   PAD
    0x0800489c   0x0800489c   0x0000000c   Code   RO         2578    .text.get_fw_id     motor_control_foc.o
    0x080048a8   0x080048a8   0x00000114   Code   RO           94    .text.get_int_vref_cal_ratio  mc_hwio.o
    0x080049bc   0x080049bc   0x0000000e   Code   RO          911    .text.gpio_default_para_init  at32f45x_gpio.o
    0x080049ca   0x080049ca   0x00000002   PAD
    0x080049cc   0x080049cc   0x0000007a   Code   RO          909    .text.gpio_init     at32f45x_gpio.o
    0x08004a46   0x08004a46   0x00000002   PAD
    0x08004a48   0x08004a48   0x0000000e   Code   RO          913    .text.gpio_input_data_bit_read  at32f45x_gpio.o
    0x08004a56   0x08004a56   0x00000002   PAD
    0x08004a58   0x08004a58   0x00000028   Code   RO          935    .text.gpio_pin_mux_config  at32f45x_gpio.o
    0x08004a80   0x08004a80   0x0000007a   Code   RO         2457    .text.hall_at_zero_speed  mc_hall.o
    0x08004afa   0x08004afa   0x00000002   PAD
    0x08004afc   0x08004afc   0x00000058   Code   RO         2604    .text.hall_ccw_ctrl_para  motor_control_foc.o
    0x08004b54   0x08004b54   0x00000058   Code   RO         2602    .text.hall_cw_ctrl_para  motor_control_foc.o
    0x08004bac   0x08004bac   0x0000008c   Code   RO         2701    .text.hall_delta_theta_calculation  mc_foc_kernal.lib(mc_foc_kernal.o)
    0x08004c38   0x08004c38   0x000004e0   Code   RO         2455    .text.hall_isr_handler  mc_hall.o
    0x08005118   0x08005118   0x0000034e   Code   RO         2459    .text.hall_learn_process  mc_hall.o
    0x08005466   0x08005466   0x00000002   PAD
    0x08005468   0x08005468   0x00000062   Code   RO         2463    .text.hall_rotor_angle_get  mc_hall.o
    0x080054ca   0x080054ca   0x00000002   PAD
    0x080054cc   0x080054cc   0x000000fc   Code   RO           58    .text.hall_timer_init  mc_hwio.o
    0x080055c8   0x080055c8   0x0000002e   Code   RO           86    .text.led_blink     mc_hwio.o
    0x080055f6   0x080055f6   0x00000002   PAD
    0x080055f8   0x080055f8   0x00000030   Code   RO           84    .text.led_config    mc_hwio.o
    0x08005628   0x08005628   0x00000080   Code   RO           76    .text.led_init      mc_hwio.o
    0x080056a8   0x080056a8   0x00000004   Code   RO           80    .text.led_off       mc_hwio.o
    0x080056ac   0x080056ac   0x00000004   Code   RO           78    .text.led_on        mc_hwio.o
    0x080056b0   0x080056b0   0x00000164   Code   RO           33    .text.main          main.o
    0x08005814   0x08005814   0x00000036   Code   RO         2154    .text.mc_delay_init  mc_delay.o
    0x0800584a   0x0800584a   0x00000002   PAD
    0x0800584c   0x0800584c   0x00000024   Code   RO         2158    .text.mc_delay_ms   mc_delay.o
    0x08005870   0x08005870   0x000002f0   Code   RO         2679    .text.mc_param_init  mc_foc_kernal.lib(mc_foc_kernal.o)
    0x08005b60   0x08005b60   0x00000052   Code   RO           88    .text.mode_switch_init  mc_hwio.o
    0x08005bb2   0x08005bb2   0x00000002   PAD
    0x08005bb4   0x08005bb4   0x0000000e   Code   RO         2616    .text.monitoring_signal_adc_trigger  motor_control_foc.o
    0x08005bc2   0x08005bc2   0x00000002   PAD
    0x08005bc4   0x08005bc4   0x00000110   Code   RO           92    .text.motor_parameter_ID_config  mc_hwio.o
    0x08005cd4   0x08005cd4   0x00000106   Code   RO         2626    .text.motor_parameter_id_process  motor_control_foc.o
    0x08005dda   0x08005dda   0x00000002   PAD
    0x08005ddc   0x08005ddc   0x00000024   Code   RO         2420    .text.moving_average  mc_math.o
    0x08005e00   0x08005e00   0x00000034   Code   RO         2434    .text.moving_average_shift  mc_math.o
    0x08005e34   0x08005e34   0x00000004   PAD
    0x08005e38   0x08005e38   0x00000058   Code   RO         2432    .text.moving_average_shift_init  mc_math.o
    0x08005e90   0x08005e90   0x0000004c   Code   RO         2422    .text.moving_average_update  mc_math.o
    0x08005edc   0x08005edc   0x0000005e   Code   RO           46    .text.nvic_config   mc_hwio.o
    0x08005f3a   0x08005f3a   0x00000002   PAD
    0x08005f3c   0x08005f3c   0x00000076   Code   RO         1039    .text.nvic_irq_enable  at32f45x_misc.o
    0x08005fb2   0x08005fb2   0x00000002   PAD
    0x08005fb4   0x08005fb4   0x00000020   Code   RO         1043    .text.nvic_priority_group_config  at32f45x_misc.o
    0x08005fd4   0x08005fd4   0x000000b0   Code   RO         2582    .text.param_clear   motor_control_foc.o
    0x08006084   0x08006084   0x00000004   PAD
    0x08006088   0x08006088   0x0000056c   Code   RO         2715    .text.param_id_process  mc_foc_kernal.lib(mc_foc_kernal.o)
    0x080065f4   0x080065f4   0x00000004   PAD
    0x080065f8   0x080065f8   0x000000b0   Code   RO         2713    .text.param_identify  mc_foc_kernal.lib(mc_foc_kernal.o)
    0x080066a8   0x080066a8   0x00000172   Code   RO         2584    .text.param_init    motor_control_foc.o
    0x0800681a   0x0800681a   0x00000002   PAD
    0x0800681c   0x0800681c   0x0000006c   Code   RO         2284    .text.pid_controller_static_clamp  mc_pid_controller.o
    0x08006888   0x08006888   0x00000040   Code   RO         2620    .text.pwm_duty_update  motor_control_foc.o
    0x080068c8   0x080068c8   0x00000010   Code   RO         2586    .text.pwm_switch_off  motor_control_foc.o
    0x080068d8   0x080068d8   0x0000002e   Code   RO         2596    .text.pwm_switch_on  motor_control_foc.o
    0x08006906   0x08006906   0x00000002   PAD
    0x08006908   0x08006908   0x00000048   Code   RO         2453    .text.read_hall_state  mc_hall.o
    0x08006950   0x08006950   0x0000000c   Code   RO         2580    .text.remap_exint_clock_enable_config  motor_control_foc.o
    0x0800695c   0x0800695c   0x0000000a   Code   RO         2424    .text.reset_ma_buffer  mc_math.o
    0x08006966   0x08006966   0x00000002   PAD
    0x08006968   0x08006968   0x000000a4   Code   RO         1167    .text.scfg_exint_line_config  at32f45x_scfg.o
    0x08006a0c   0x08006a0c   0x00000020   Code   RO         2280    .text.set_current_pid_param  mc_pid_controller.o
    0x08006a2c   0x08006a2c   0x00000040   Code   RO           62    .text.speed_timer_init  mc_hwio.o
    0x08006a6c   0x08006a6c   0x00000088   Code   RO         2697    .text.sqrt_fixed    mc_foc_kernal.lib(mc_foc_kernal.o)
    0x08006af4   0x08006af4   0x000000bc   Code   RO         2687    .text.svpwm_3shunt  mc_foc_kernal.lib(mc_foc_kernal.o)
    0x08006bb0   0x08006bb0   0x00000004   Code   RO         2618    .text.svpwm_func    motor_control_foc.o
    0x08006bb4   0x08006bb4   0x000000a6   Code   RO            2    .text.system_clock_config  at32f45x_clock.o
    0x08006c5a   0x08006c5a   0x00000002   PAD
    0x08006c5c   0x08006c5c   0x00000090   Code   RO         1737    .text.system_core_clock_update  system_at32f45x.o
    0x08006cec   0x08006cec   0x00000018   Code   RO         1049    .text.systick_clock_source_config  at32f45x_misc.o
    0x08006d04   0x08006d04   0x00000044   Code   RO         2152    .text.systick_init  mc_delay.o
    0x08006d48   0x08006d48   0x0000000e   Code   RO         1317    .text.tmr_base_init  at32f45x_tmr.o
    0x08006d56   0x08006d56   0x00000002   PAD
    0x08006d58   0x08006d58   0x0000007a   Code   RO         1419    .text.tmr_brkdt_config  at32f45x_tmr.o
    0x08006dd2   0x08006dd2   0x00000002   PAD
    0x08006dd4   0x08006dd4   0x0000000a   Code   RO         1315    .text.tmr_brkdt_default_para_init  at32f45x_tmr.o
    0x08006dde   0x08006dde   0x00000002   PAD
    0x08006de0   0x08006de0   0x00000012   Code   RO         1369    .text.tmr_channel1_input_select  at32f45x_tmr.o
    0x08006df2   0x08006df2   0x00000002   PAD
    0x08006df4   0x08006df4   0x0000000a   Code   RO         1381    .text.tmr_channel_buffer_enable  at32f45x_tmr.o
    0x08006dfe   0x08006dfe   0x00000002   PAD
    0x08006e00   0x08006e00   0x0000009a   Code   RO         1363    .text.tmr_channel_enable  at32f45x_tmr.o
    0x08006e9a   0x08006e9a   0x00000002   PAD
    0x08006e9c   0x08006e9c   0x0000002e   Code   RO         1343    .text.tmr_channel_value_get  at32f45x_tmr.o
    0x08006eca   0x08006eca   0x00000002   PAD
    0x08006ecc   0x08006ecc   0x00000028   Code   RO         1341    .text.tmr_channel_value_set  at32f45x_tmr.o
    0x08006ef4   0x08006ef4   0x00000012   Code   RO         1319    .text.tmr_clock_source_div_set  at32f45x_tmr.o
    0x08006f06   0x08006f06   0x00000002   PAD
    0x08006f08   0x08006f08   0x00000012   Code   RO         1321    .text.tmr_cnt_dir_set  at32f45x_tmr.o
    0x08006f1a   0x08006f1a   0x00000002   PAD
    0x08006f1c   0x08006f1c   0x0000000a   Code   RO         1309    .text.tmr_counter_enable  at32f45x_tmr.o
    0x08006f26   0x08006f26   0x00000002   PAD
    0x08006f28   0x08006f28   0x00000004   Code   RO         1325    .text.tmr_counter_value_set  at32f45x_tmr.o
    0x08006f2c   0x08006f2c   0x00000006   Code   RO         1397    .text.tmr_flag_clear  at32f45x_tmr.o
    0x08006f32   0x08006f32   0x00000002   PAD
    0x08006f34   0x08006f34   0x0000000a   Code   RO         1395    .text.tmr_flag_get  at32f45x_tmr.o
    0x08006f3e   0x08006f3e   0x00000002   PAD
    0x08006f40   0x08006f40   0x000001e0   Code   RO         1361    .text.tmr_input_channel_init  at32f45x_tmr.o
    0x08007120   0x08007120   0x00000008   Code   RO         1313    .text.tmr_input_default_para_init  at32f45x_tmr.o
    0x08007128   0x08007128   0x0000001a   Code   RO         1391    .text.tmr_interrupt_enable  at32f45x_tmr.o
    0x08007142   0x08007142   0x00000002   PAD
    0x08007144   0x08007144   0x00000012   Code   RO         1353    .text.tmr_one_cycle_mode_enable  at32f45x_tmr.o
    0x08007156   0x08007156   0x00000002   PAD
    0x08007158   0x08007158   0x0000006e   Code   RO         1347    .text.tmr_output_channel_buffer_enable  at32f45x_tmr.o
    0x080071c6   0x080071c6   0x00000002   PAD
    0x080071c8   0x080071c8   0x00000100   Code   RO         1333    .text.tmr_output_channel_config  at32f45x_tmr.o
    0x080072c8   0x080072c8   0x0000000a   Code   RO         1311    .text.tmr_output_default_para_init  at32f45x_tmr.o
    0x080072d2   0x080072d2   0x00000002   PAD
    0x080072d4   0x080072d4   0x00000012   Code   RO         1401    .text.tmr_output_enable  at32f45x_tmr.o
    0x080072e6   0x080072e6   0x00000002   PAD
    0x080072e8   0x080072e8   0x0000028c   Code   RO           48    .text.tmr_pwm_init  mc_hwio.o
    0x08007574   0x08007574   0x0000000e   Code   RO         1323    .text.tmr_repetition_counter_set  at32f45x_tmr.o
    0x08007582   0x08007582   0x00000002   PAD
    0x08007584   0x08007584   0x0000000a   Code   RO         1375    .text.tmr_sub_mode_select  at32f45x_tmr.o
    0x0800758e   0x0800758e   0x00000002   PAD
    0x08007590   0x08007590   0x00000012   Code   RO         1385    .text.tmr_trigger_input_select  at32f45x_tmr.o
    0x080075a2   0x080075a2   0x00000002   PAD
    0x080075a4   0x080075a4   0x00000016   Code   RO         2172    .text.trig_functions  mc_foc.o
    0x080075ba   0x080075ba   0x00000002   PAD
    0x080075bc   0x080075bc   0x000000b2   Code   RO           72    .text.uart_init     mc_hwio.o
    0x0800766e   0x0800766e   0x00000002   PAD
    0x08007670   0x08007670   0x00000050   Code   RO         2516    .text.uart_rx_init  mc_comm_uart.o
    0x080076c0   0x080076c0   0x00000108   Code   RO         2530    .text.ui_rx_receive_handler  user_interface_foc.o
    0x080077c8   0x080077c8   0x000000d2   Code   RO         2564    .text.ui_save_monitor_data  user_interface_foc.o
    0x0800789a   0x0800789a   0x00000002   PAD
    0x0800789c   0x0800789c   0x00000012   Code   RO         1481    .text.usart_dma_receiver_enable  at32f45x_usart.o
    0x080078ae   0x080078ae   0x00000002   PAD
    0x080078b0   0x080078b0   0x00000012   Code   RO         1479    .text.usart_dma_transmitter_enable  at32f45x_usart.o
    0x080078c2   0x080078c2   0x00000002   PAD
    0x080078c4   0x080078c4   0x00000012   Code   RO         1467    .text.usart_enable  at32f45x_usart.o
    0x080078d6   0x080078d6   0x00000002   PAD
    0x080078d8   0x080078d8   0x0000002c   Code   RO         1519    .text.usart_flag_clear  at32f45x_usart.o
    0x08007904   0x08007904   0x0000000a   Code   RO         1515    .text.usart_flag_get  at32f45x_usart.o
    0x0800790e   0x0800790e   0x00000002   PAD
    0x08007910   0x08007910   0x000000a0   Code   RO         1463    .text.usart_init    at32f45x_usart.o
    0x080079b0   0x080079b0   0x00000020   Code   RO         1477    .text.usart_interrupt_enable  at32f45x_usart.o
    0x080079d0   0x080079d0   0x00000012   Code   RO         1471    .text.usart_receiver_enable  at32f45x_usart.o
    0x080079e2   0x080079e2   0x00000002   PAD
    0x080079e4   0x080079e4   0x00000012   Code   RO         1469    .text.usart_transmitter_enable  at32f45x_usart.o
    0x080079f6   0x080079f6   0x00000002   PAD
    0x080079f8   0x080079f8   0x0000032e   Code   RO         2548    .text.write_flash_cmd  user_interface_foc.o
    0x08007d26   0x08007d26   0x00000002   PAD
    0x08007d28   0x08007d28   0x000000d0   Code   RO         2760    i.__hardfp_ldexp    m_wm.l(ldexp.o)
    0x08007df8   0x08007df8   0x000003c4   Code   RO         2768    i.__hardfp_log      m_wm.l(log.o)
    0x080081bc   0x080081bc   0x00000004   PAD
    0x080081c0   0x080081c0   0x00000100   Code   RO         2775    i.__hardfp_log2     m_wm.l(log2.o)
    0x080082c0   0x080082c0   0x000000e0   Code   RO         2786    i.__hardfp_round    m_wm.l(round.o)
    0x080083a0   0x080083a0   0x000000f8   Code   RO         3150    i.__kernel_poly     m_wm.l(poly.o)
    0x08008498   0x08008498   0x00000030   Code   RO         3112    i.__mathlib_dbl_divzero  m_wm.l(dunder.o)
    0x080084c8   0x080084c8   0x00000014   Code   RO         3113    i.__mathlib_dbl_infnan  m_wm.l(dunder.o)
    0x080084dc   0x080084dc   0x00000004   PAD
    0x080084e0   0x080084e0   0x00000020   Code   RO         3115    i.__mathlib_dbl_invalid  m_wm.l(dunder.o)
    0x08008500   0x08008500   0x00000020   Code   RO         3116    i.__mathlib_dbl_overflow  m_wm.l(dunder.o)
    0x08008520   0x08008520   0x00000020   Code   RO         3118    i.__mathlib_dbl_underflow  m_wm.l(dunder.o)
    0x08008540   0x08008540   0x0000000e   Code   RO         3216    i.__scatterload_copy  mc_w.l(handlers.o)
    0x0800854e   0x0800854e   0x00000002   Code   RO         3217    i.__scatterload_null  mc_w.l(handlers.o)
    0x08008550   0x08008550   0x0000000e   Code   RO         3218    i.__scatterload_zeroinit  mc_w.l(handlers.o)
    0x0800855e   0x0800855e   0x00000002   PAD
    0x08008560   0x08008560   0x0000000c   Code   RO         3190    i.__set_errno       mc_w.l(errno.o)
    0x0800856c   0x0800856c   0x00000004   PAD
    0x08008570   0x08008570   0x0000008c   Code   RO         3132    i.frexp             m_wm.l(frexp.o)
    0x080085fc   0x080085fc   0x00000010   Code   RO         2770    i.log               m_wm.l(log.o)
    0x0800860c   0x0800860c   0x0000006c   Code   RO         3063    i.malloc            mc_w.l(malloc.o)
    0x08008678   0x08008678   0x00000038   Data   RO         2771    .constdata          m_wm.l(log.o)
    0x080086b0   0x080086b0   0x00000008   Data   RO         3152    .constdata          m_wm.l(qnan.o)
    0x080086b8   0x080086b8   0x00000008   Data   RO          551    .rodata.cst8        at32f45x_crm.o
    0x080086c0   0x080086c0   0x00000020   Data   RO         2354    .rodata.s_fwVer     mc_foc_globals.o
    0x080086e0   0x080086e0   0x00000402   Data   RO         1871    .rodata.sinTable_q15  commontables.o
    0x08008ae2   0x08008ae2   0x00000002   PAD
    0x08008ae4   0x08008ae4   0x00000020   Data   RO         3215    Region$$Table       anon$$obj.o


    Execution Region RW_IRAM1 (Exec base: 0x20000000, Load base: 0x08008b08, Size: 0x00002328, Max: 0x00024000, ABSOLUTE, COMPRESSED[0x00000190])

    Exec Addr    Load Addr    Size         Type   Attr      Idx    E Section Name        Object

    0x20000000   COMPRESSED   0x00000004   Data   RW         3186    .data               mc_w.l(mvars.o)
    0x20000004   COMPRESSED   0x00000004   Data   RW         3187    .data               mc_w.l(mvars.o)
    0x20000008   COMPRESSED   0x00000004   Data   RW         3191    .data               mc_w.l(errno.o)
    0x2000000c   COMPRESSED   0x00000004   PAD
    0x20000010   COMPRESSED   0x00000048   Data   RW         2363    .data.I_auto_tune   mc_foc_globals.o
    0x20000058   COMPRESSED   0x00000002   Data   RW         2343    .data.buffer_index  mc_foc_globals.o
    0x2000005a   COMPRESSED   0x00000002   PAD
    0x2000005c   COMPRESSED   0x00000068   Data   RW         2300    .data.current       mc_foc_globals.o
    0x200000c4   COMPRESSED   0x00000060   Data   RW         2301    .data.encoder       mc_foc_globals.o
    0x20000124   COMPRESSED   0x00000002   Data   RW         2327    .data.error_code_mask  mc_foc_globals.o
    0x20000126   COMPRESSED   0x00000001   Data   RW         2322    .data.esc_state_old  mc_foc_globals.o
    0x20000127   COMPRESSED   0x00000001   PAD
    0x20000128   COMPRESSED   0x00000038   Data   RW         2305    .data.hall          mc_foc_globals.o
    0x20000160   COMPRESSED   0x00000010   Data   RW         2350    .data.hall_ccw_next_state_table  mc_foc_globals.o
    0x20000170   COMPRESSED   0x00000010   Data   RW         2349    .data.hall_cw_next_state_table  mc_foc_globals.o
    0x20000180   COMPRESSED   0x00000004   Data   RW         2325    .data.hall_interval_moving_average  mc_foc_globals.o
    0x20000184   COMPRESSED   0x00000001   Data   RW         2467    .data.hall_isr_handler.bit_shift  mc_hall.o
    0x20000185   COMPRESSED   0x00000003   PAD
    0x20000188   COMPRESSED   0x00000048   Data   RW         2306    .data.hall_learn    mc_foc_globals.o
    0x200001d0   COMPRESSED   0x000001d8   Data   RW         2333    .data.motor_param_ident  mc_foc_globals.o
    0x200003a8   COMPRESSED   0x00000078   Data   RW         2367    .data.mtpa          mc_foc_globals.o
    0x20000420   COMPRESSED   0x00000010   Data   RW         2316    .data.null          mc_foc_globals.o
    0x20000430   COMPRESSED   0x00000020   Data   RW         2331    .data.obs_speed_LPF  mc_foc_globals.o
    0x20000450   COMPRESSED   0x00000030   Data   RW         2308    .data.pid_id        mc_foc_globals.o
    0x20000480   COMPRESSED   0x00000030   Data   RW         2307    .data.pid_iq        mc_foc_globals.o
    0x200004b0   COMPRESSED   0x00000030   Data   RW         2364    .data.pid_spd_volt  mc_foc_globals.o
    0x200004e0   COMPRESSED   0x0000002c   Data   RW         2313    .data.pos           mc_foc_globals.o
    0x2000050c   COMPRESSED   0x00000038   Data   RW         2324    .data.pwm_duty      mc_foc_globals.o
    0x20000544   COMPRESSED   0x00000018   Data   RW         2304    .data.rotor_speed_hall  mc_foc_globals.o
    0x2000055c   COMPRESSED   0x00000004   Data   RW         2317    .data.speed_ma_fliter  mc_foc_globals.o
    0x20000560   COMPRESSED   0x00000020   Data   RW         2334    .data.startup       mc_foc_globals.o
    0x20000580   COMPRESSED   0x00000088   Data   RW         2335    .data.state_observer  mc_foc_globals.o
    0x20000608   COMPRESSED   0x0000000a   Data   RW         2520    .data.sync_frame    mc_comm_uart.o
    0x20000612   COMPRESSED   0x00000002   PAD
    0x20000614   COMPRESSED   0x00000004   Data   RW         1739    .data.system_core_clock  system_at32f45x.o
    0x20000618   COMPRESSED   0x00000001   Data   RW         2344    .data.ui_receive_cmd_index  mc_foc_globals.o
    0x20000619   COMPRESSED   0x00000003   PAD
    0x2000061c   COMPRESSED   0x00000030   Data   RW         2338    .data.ui_usart      mc_foc_globals.o
    0x2000064c   COMPRESSED   0x00000020   Data   RW         2299    .data.volt_cmd      mc_foc_globals.o
    0x2000066c   COMPRESSED   0x00000004   PAD
    0x20000670        -       0x00000002   Zero   RW         2385    .bss.I_tune_count   mc_foc_globals.o
    0x20000672        -       0x00000004   Zero   RW         2399    .bss.Iref           mc_foc_globals.o
    0x20000676        -       0x00000004   Zero   RW         2357    .bss.Ival           mc_foc_globals.o
    0x2000067a        -       0x00000001   Zero   RW         2566    .bss.MonitorRegID_1  user_interface_foc.o
    0x2000067b        -       0x00000001   Zero   RW         2567    .bss.MonitorRegID_2  user_interface_foc.o
    0x2000067c        -       0x00000001   Zero   RW          120    .bss.TMR1_OVF_TMR10_IRQHandler.ui_count  mc_isr.o
    0x2000067d   COMPRESSED   0x00000001   PAD
    0x2000067e        -       0x00000008   Zero   RW           96    .bss.adc_in_tab     mc_hwio.o
    0x20000686   COMPRESSED   0x00000002   PAD
    0x20000688        -       0x0000000c   Zero   RW         2375    .bss.angle          mc_foc_globals.o
    0x20000694        -       0x00000004   Zero   RW         2315    .bss.buffer_val     mc_foc_globals.o
    0x20000698        -       0x00000001   Zero   RW         2341    .bss.cmd_response_rdy  mc_foc_globals.o
    0x20000699   COMPRESSED   0x00000003   PAD
    0x2000069c        -       0x00000010   Zero   RW           37    .bss.crm_clocks_freq_struct  main.o
    0x200006ac        -       0x00000001   Zero   RW         2296    .bss.ctrl_mode      mc_foc_globals.o
    0x200006ad        -       0x00000001   Zero   RW         2298    .bss.ctrl_mode_cmd  mc_foc_globals.o
    0x200006ae        -       0x00000001   Zero   RW         2297    .bss.ctrl_mode_old  mc_foc_globals.o
    0x200006af        -       0x00000001   Zero   RW         2389    .bss.ctrl_source    mc_foc_globals.o
    0x200006b0        -       0x00000001   Zero   RW         2318    .bss.curr_offset_rdy  mc_foc_globals.o
    0x200006b1        -       0x00000001   Zero   RW         2220    .bss.current_offset_init.icount  mc_curr_fdbk.o
    0x200006b2        -       0x00000002   Zero   RW         2221    .bss.current_offset_init.temp1  mc_curr_fdbk.o
    0x200006b4        -       0x00000002   Zero   RW         2222    .bss.current_offset_init.temp2  mc_curr_fdbk.o
    0x200006b6        -       0x00000002   Zero   RW         2223    .bss.current_offset_init.temp3  mc_curr_fdbk.o
    0x200006b8        -       0x00000002   Zero   RW         2388    .bss.current_tune_step_period  mc_foc_globals.o
    0x200006ba        -       0x00000002   Zero   RW         2386    .bss.current_tune_target_current  mc_foc_globals.o
    0x200006bc        -       0x00000002   Zero   RW         2387    .bss.current_tune_total_period  mc_foc_globals.o
    0x200006be        -       0x00000002   Zero   RW         2378    .bss.elec_angle_val  mc_foc_globals.o
    0x200006c0        -       0x00000002   Zero   RW         2326    .bss.error_code     mc_foc_globals.o
    0x200006c2        -       0x00000001   Zero   RW         2323    .bss.esc_state      mc_foc_globals.o
    0x200006c3        -       0x00000024   Zero   RW         2342    .bss.extra_data_buffer  mc_foc_globals.o
    0x200006e7   COMPRESSED   0x00000001   PAD
    0x200006e8        -       0x00000004   Zero   RW         2163    .bss.fac_ms         mc_delay.o
    0x200006ec        -       0x00000004   Zero   RW         2162    .bss.fac_us         mc_delay.o
    0x200006f0        -       0x00000038   Zero   RW         2328    .bss.field_weakening  mc_foc_globals.o
    0x20000728        -       0x00000001   Zero   RW         2371    .bss.firmware_id    mc_foc_globals.o
    0x20000729   COMPRESSED   0x00000003   PAD
    0x2000072c        -       0x00000800   Zero   RW         2568    .bss.flash_buf_int  user_interface_foc.o
    0x20000f2c        -       0x00000001   Zero   RW         2319    .bss.foc_rdy        mc_foc_globals.o
    0x20000f2d   COMPRESSED   0x00000001   PAD
    0x20000f2e        -       0x00000010   Zero   RW         2353    .bss.hall_ccw_theta_table  mc_foc_globals.o
    0x20000f3e        -       0x00000010   Zero   RW         2352    .bss.hall_cw_theta_table  mc_foc_globals.o
    0x20000f4e        -       0x00000001   Zero   RW         2468    .bss.hall_learn_process.start_index  mc_hall.o
    0x20000f4f   COMPRESSED   0x00000001   PAD
    0x20000f50        -       0x0000000c   Zero   RW         2347    .bss.hall_learn_sequence_table  mc_foc_globals.o
    0x20000f5c        -       0x0000000c   Zero   RW         2346    .bss.hall_learn_state_table  mc_foc_globals.o
    0x20000f68        -       0x00000004   Zero   RW         2396    .bss.hall_next_state_table  mc_foc_globals.o
    0x20000f6c        -       0x00000008   Zero   RW         2345    .bss.hall_sequence_seen_states  mc_foc_globals.o
    0x20000f74        -       0x00000010   Zero   RW         2351    .bss.hall_startup_theta_table  mc_foc_globals.o
    0x20000f84        -       0x00000004   Zero   RW         2397    .bss.hall_theta_table  mc_foc_globals.o
    0x20000f88        -       0x00000002   Zero   RW         2384    .bss.iMosTemperature  mc_foc_globals.o
    0x20000f8a   COMPRESSED   0x00000002   PAD
    0x20000f8c        -       0x00000004   Zero   RW         2409    .bss.intCoeffs32_p  mc_foc_globals.o
    0x20000f90        -       0x00000001   Zero   RW         2465    .bss.is_duplicate_in_sequence  mc_hall.o
    0x20000f91   COMPRESSED   0x00000001   PAD
    0x20000f92        -       0x00000002   Zero   RW         2466    .bss.lock_flag      mc_hall.o
    0x20000f94        -       0x00000002   Zero   RW         2406    .bss.lock_motor_hall_state  mc_foc_globals.o
    0x20000f96   COMPRESSED   0x00000002   PAD
    0x20000f98        -       0x00000004   Zero   RW         2405    .bss.lock_motor_time  mc_foc_globals.o
    0x20000f9c        -       0x00000008   Zero   RW         2392    .bss.monitor_data   mc_foc_globals.o
    0x20000fa4        -       0x0000045c   Zero   RW         2395    .bss.monitor_data_buffer  mc_foc_globals.o
    0x20001400        -       0x00000001   Zero   RW         2340    .bss.monitor_data_buffer_num  mc_foc_globals.o
    0x20001401   COMPRESSED   0x00000001   PAD
    0x20001402        -       0x0000000e   Zero   RW         2348    .bss.next_hall_learn_state_table  mc_foc_globals.o
    0x20001410        -       0x00000008   Zero   RW         2302    .bss.openloop       mc_foc_globals.o
    0x20001418        -       0x00000008   Zero   RW         2729    .bss.param_id_process.Vbus_tab  mc_foc_kernal.lib(mc_foc_kernal.o)
    0x20001420        -       0x00000002   Zero   RW         2728    .bss.param_id_process.align_count  mc_foc_kernal.lib(mc_foc_kernal.o)
    0x20001422        -       0x00000008   Zero   RW         2731    .bss.param_id_process.duty_tab  mc_foc_kernal.lib(mc_foc_kernal.o)
    0x2000142a        -       0x00000001   Zero   RW         2733    .bss.param_id_process.i_count1  mc_foc_kernal.lib(mc_foc_kernal.o)
    0x2000142b   COMPRESSED   0x00000001   PAD
    0x2000142c        -       0x00000008   Zero   RW         2730    .bss.param_id_process.i_tab  mc_foc_kernal.lib(mc_foc_kernal.o)
    0x20001434        -       0x00000001   Zero   RW         2732    .bss.param_id_process.pulse_count  mc_foc_kernal.lib(mc_foc_kernal.o)
    0x20001435        -       0x00000001   Zero   RW         2734    .bss.param_id_process.rest_count  mc_foc_kernal.lib(mc_foc_kernal.o)
    0x20001436        -       0x00000001   Zero   RW         2320    .bss.param_initial_rdy  mc_foc_globals.o
    0x20001437   COMPRESSED   0x00000001   PAD
    0x20001438        -       0x00000030   Zero   RW         2311    .bss.pid_pos        mc_foc_globals.o
    0x20001468        -       0x00000030   Zero   RW         2309    .bss.pid_spd        mc_foc_globals.o
    0x20001498        -       0x00000006   Zero   RW         2373    .bss.rotor_angle_hall  mc_foc_globals.o
    0x2000149e        -       0x00000006   Zero   RW         2374    .bss.rotor_angle_hall_old  mc_foc_globals.o
    0x200014a4        -       0x00000004   Zero   RW         2380    .bss.rotor_speed_val  mc_foc_globals.o
    0x200014a8        -       0x00000004   Zero   RW         2381    .bss.rotor_speed_val_filt  mc_foc_globals.o
    0x200014ac        -       0x0000000d   Zero   RW         2390    .bss.rx_data_command  mc_foc_globals.o
    0x200014b9   COMPRESSED   0x00000003   PAD
    0x200014bc        -       0x00000800   Zero   RW         2393    .bss.save_param_buffer  mc_foc_globals.o
    0x20001cbc        -       0x00000002   Zero   RW         2410    .bss.sp_value       mc_foc_globals.o
    0x20001cbe   COMPRESSED   0x00000002   PAD
    0x20001cc0        -       0x00000004   Zero   RW         2379    .bss.spd_err        mc_foc_globals.o
    0x20001cc4        -       0x0000000c   Zero   RW         2312    .bss.speed_ramp     mc_foc_globals.o
    0x20001cd0        -       0x00000001   Zero   RW         2321    .bss.start_stop_btn_flag  mc_foc_globals.o
    0x20001cd1   COMPRESSED   0x00000001   PAD
    0x20001cd2        -       0x00000002   Zero   RW         2314    .bss.sys_counter    mc_foc_globals.o
    0x20001cd4        -       0x00000004   Zero   RW          121    .bss.trig_components  mc_isr.o
    0x20001cd8        -       0x00000028   Zero   RW         2391    .bss.tx_data_response  mc_foc_globals.o
    0x20001d00        -       0x00000014   Zero   RW         2339    .bss.ui_wave_param  mc_foc_globals.o
    0x20001d14        -       0x00000006   Zero   RW         2394    .bss.usart_data_idx  mc_foc_globals.o
    0x20001d1a        -       0x0000000c   Zero   RW         2521    .bss.usart_rx_buffer  mc_comm_uart.o
    0x20001d26        -       0x00000002   Zero   RW         2408    .bss.vref_cal_ratio  mc_foc_globals.o
    0x20001d28        -       0x00000200   Zero   RW         1748    HEAP                startup_at32f45x.o
    0x20001f28        -       0x00000400   Zero   RW         1747    STACK               startup_at32f45x.o



  Load Region LR_IROM2 (Base: 0x0807f800, Size: 0x00000800, Max: 0x00000800, ABSOLUTE)

    Execution Region ER_IROM2 (Exec base: 0x0807f800, Load base: 0x0807f800, Size: 0x00000800, Max: 0x00000800, ABSOLUTE)

    Exec Addr    Load Addr    Size         Type   Attr      Idx    E Section Name        Object

    0x0807f800   0x0807f800   0x00000320   Data   RO         2642    .ARM.__at_0x0807F800  mc_flash_data_table_foc.o
    0x0807fb20   0x0807fb20   0x000004e0   Data   RO         2643    .ARM.__at_0x0807FB20  mc_flash_data_table_foc.o


==============================================================================

Image component sizes


      Code (inc. data)   RO Data    RW Data    ZI Data      Debug   Object Name

       980         36          0          0          0      23687   at32f45x_adc.o
       166          0          0          0          0       9112   at32f45x_clock.o
       880         42          8          0          0      31619   at32f45x_crm.o
       302          0          0          0          0      15944   at32f45x_dma.o
       156          0          0          0          0       3818   at32f45x_exint.o
       300          0          0          0          0      22472   at32f45x_flash.o
       190          0          0          0          0      12520   at32f45x_gpio.o
        16          0          0          0          0        951   at32f45x_int.o
       174          0          0          0          0       7599   at32f45x_misc.o
       164          4          0          0          0       8852   at32f45x_scfg.o
      1448         56          0          0          0      32449   at32f45x_tmr.o
       336          0          0          0          0      15298   at32f45x_usart.o
         0          0       1026          0          0      10676   commontables.o
       138          0          0          0          0      24644   fastmathfunctions.o
       356          4          0          0         16       5465   main.o
       422          0          0         10         12      11802   mc_comm_uart.o
       388          0          0          0          7      16504   mc_curr_fdbk.o
       158          0          0          0          8       6130   mc_delay.o
         0          0       2048          0          0        651   mc_flash_data_table_foc.o
       270          0          0          0          0      14652   mc_foc.o
       920         40          0          0          0       8752   mc_foc_esc_state_hall.o
         0          0         32       1602       3651      36844   mc_foc_globals.o
      2644         12          0          1          4      18550   mc_hall.o
      3092          0          0          0          8      45844   mc_hwio.o
      1426          4          0          0          5      19746   mc_isr.o
       262          8          0          0          0       3484   mc_math.o
       200          0          0          0          0       4103   mc_pid_controller.o
      1984         20          0          0          0      35031   motor_control_foc.o
        36          8        480          0       1536       1024   startup_at32f45x.o
       264         32          0          4          0      11656   system_at32f45x.o
      8738        930          0          0       2050      29278   user_interface_foc.o

    ----------------------------------------------------------------------
     26636       1196       3628       1628       7326     489157   Object Totals
         0          0         32          0          0          0   (incl. Generated)
       226          0          2         11         29          0   (incl. Padding)

    ----------------------------------------------------------------------

      Code (inc. data)   RO Data    RW Data    ZI Data      Debug   Library Member Name

       164         44          0          0          0        620   dunder.o
       140         22          0          0          0        132   frexp.o
       208          8          0          0          0        184   ldexp.o
       980         92         56          0          0        440   log.o
       256         36          0          0          0        164   log2.o
       248          0          0          0          0        152   poly.o
         0          0          8          0          0          0   qnan.o
       224         30          0          0          0        172   round.o
      2884        120          0          0         29      43170   mc_foc_kernal.o
        86          0          0          0          0          0   __dczerorl2.o
        28          0          0          0          0         76   calloc.o
         0          0          0          0          0          0   entry.o
         0          0          0          0          0          0   entry10a.o
         0          0          0          0          0          0   entry11a.o
         8          4          0          0          0          0   entry2.o
         4          0          0          0          0          0   entry5.o
         0          0          0          0          0          0   entry7b.o
         0          0          0          0          0          0   entry8b.o
         8          4          0          0          0          0   entry9a.o
        12          6          0          4          0         68   errno.o
        30          0          0          0          0          0   handlers.o
        48         10          0          0          0         68   init.o
         0          0          0          0          0          0   iusefp.o
        30          0          0          0          0         68   llshl.o
        36          0          0          0          0         68   llsshr.o
        32          0          0          0          0         68   llushr.o
       108         16          0          0          0         84   malloc.o
        36          0          0          0          0         68   memcpya.o
        36          0          0          0          0        108   memseta.o
         0          0          0          8          0          0   mvars.o
        48          0          0          0          0         68   cdcmple.o
        48          0          0          0          0         68   cdrcmple.o
        56          0          0          0          0         88   d2f.o
       334          0          0          0          0        148   dadd.o
        54          0          0          0          0         80   dcmpgt.o
        54          0          0          0          0         80   dcmplt.o
       222          0          0          0          0        100   ddiv.o
       186          0          0          0          0        176   depilogue.o
        62          0          0          0          0         80   dfixi.o
        34          0          0          0          0         76   dflti.o
        26          0          0          0          0         76   dfltui.o
       228          0          0          0          0         96   dmul.o
       136          4          0          0          0         92   drnd.o
        46          0          0          0          0         80   dscalb.o
        38          0          0          0          0         68   f2d.o
       110          0          0          0          0        168   fepilogue.o

    ----------------------------------------------------------------------
      7308        408         64         16         30      47254   Library Totals
        20         12          0          4          1          0   (incl. Padding)

    ----------------------------------------------------------------------

      Code (inc. data)   RO Data    RW Data    ZI Data      Debug   Library Name

      2220        232         64          0          0       1864   m_wm.l
      2884        120          0          0         29      43170   mc_foc_kernal.lib
       502         40          0         12          0        676   mc_w.l
      1682          4          0          0          0       1544   mf_w.l

    ----------------------------------------------------------------------
      7308        408         64         16         30      47254   Library Totals

    ----------------------------------------------------------------------

==============================================================================


      Code (inc. data)   RO Data    RW Data    ZI Data      Debug   

     33944       1604       3692       1644       7356     533911   Grand Totals
     33944       1604       3692        400       7356     533911   ELF Image Totals (compressed)
     33944       1604       3692        400          0          0   ROM Totals

==============================================================================

    Total RO  Size (Code + RO Data)                37636 (  36.75kB)
    Total RW  Size (RW Data + ZI Data)              9000 (   8.79kB)
    Total ROM Size (Code + RO Data + RW Data)      38036 (  37.14kB)

==============================================================================

