


ARM Macro Assembler    Page 1 


    1 00000000         ;*******************************************************
                       *******************
    2 00000000         ;* @file     startup_at32f45x.s
    3 00000000         ;* @brief    at32f45x startup file for keil
    4 00000000         ;* <<< Use Configuration Wizard in Context Menu >>>
    5 00000000         ;*******************************************************
                       *******************
    6 00000000         ;
    7 00000000         
    8 00000000         ; Amount of memory (in bytes) allocated for Stack
    9 00000000         ; Tailor this value to your application needs
   10 00000000         ; <h> Stack Configuration
   11 00000000         ;   <o> Stack Size (in Bytes) <0x0-0xFFFFFFFF:8>
   12 00000000         ; </h>
   13 00000000         
   14 00000000 00000400 
                       Stack_Size
                               EQU              0x00000400
   15 00000000         
   16 00000000                 AREA             STACK, NOINIT, READWRITE, ALIGN
=3
   17 00000000         Stack_Mem
                               SPACE            Stack_Size
   18 00000400         __initial_sp
   19 00000400         
   20 00000400         ; <h> Heap Configuration
   21 00000400         ;   <o>  Heap Size (in Bytes) <0x0-0xFFFFFFFF:8>
   22 00000400         ; </h>
   23 00000400         
   24 00000400 00000200 
                       Heap_Size
                               EQU              0x00000200
   25 00000400         
   26 00000400                 AREA             HEAP, NOINIT, READWRITE, ALIGN=
3
   27 00000000         __heap_base
   28 00000000         Heap_Mem
                               SPACE            Heap_Size
   29 00000200         __heap_limit
   30 00000200         
   31 00000200                 PRESERVE8
   32 00000200                 THUMB
   33 00000200         
   34 00000200         
   35 00000200         ; Vector Table Mapped to Address 0 at Reset
   36 00000200                 AREA             RESET, DATA, READONLY
   37 00000000                 EXPORT           __Vectors
   38 00000000                 EXPORT           __Vectors_End
   39 00000000                 EXPORT           __Vectors_Size
   40 00000000         
   41 00000000 00000000 
                       __Vectors
                               DCD              __initial_sp ; Top of Stack
   42 00000004 00000000        DCD              Reset_Handler ; Reset Handler
   43 00000008 00000000        DCD              NMI_Handler ; NMI Handler
   44 0000000C 00000000        DCD              HardFault_Handler ; Hard Fault 
                                                            Handler
   45 00000010 00000000        DCD              MemManage_Handler 
                                                            ; MPU Fault Handler



ARM Macro Assembler    Page 2 


                                                            
   46 00000014 00000000        DCD              BusFault_Handler 
                                                            ; Bus Fault Handler
                                                            
   47 00000018 00000000        DCD              UsageFault_Handler ; Usage Faul
                                                            t Handler
   48 0000001C 00000000        DCD              0           ; Reserved
   49 00000020 00000000        DCD              0           ; Reserved
   50 00000024 00000000        DCD              0           ; Reserved
   51 00000028 00000000        DCD              0           ; Reserved
   52 0000002C 00000000        DCD              SVC_Handler ; SVCall Handler
   53 00000030 00000000        DCD              DebugMon_Handler ; Debug Monito
                                                            r Handler
   54 00000034 00000000        DCD              0           ; Reserved
   55 00000038 00000000        DCD              PendSV_Handler ; PendSV Handler
                                                            
   56 0000003C 00000000        DCD              SysTick_Handler 
                                                            ; SysTick Handler
   57 00000040         
   58 00000040         ; External Interrupts
   59 00000040 00000000        DCD              WWDT_IRQHandler ; Window Watchd
                                                            og Timer
   60 00000044 00000000        DCD              PVM_IRQHandler ; PVM through EX
                                                            INT Line detect
   61 00000048 00000000        DCD              TAMP_STAMP_IRQHandler ; Tamper 
                                                            and TimeStamps thro
                                                            ugh the EXINT line
   62 0000004C 00000000        DCD              ERTC_WKUP_IRQHandler ; ERTC Wak
                                                            eup through the EXI
                                                            NT line
   63 00000050 00000000        DCD              FLASH_IRQHandler ; Flash
   64 00000054 00000000        DCD              CRM_IRQHandler ; CRM
   65 00000058 00000000        DCD              EXINT0_IRQHandler 
                                                            ; EXINT Line 0
   66 0000005C 00000000        DCD              EXINT1_IRQHandler 
                                                            ; EXINT Line 1
   67 00000060 00000000        DCD              EXINT2_IRQHandler 
                                                            ; EXINT Line 2
   68 00000064 00000000        DCD              EXINT3_IRQHandler 
                                                            ; EXINT Line 3
   69 00000068 00000000        DCD              EXINT4_IRQHandler 
                                                            ; EXINT Line 4
   70 0000006C 00000000        DCD              DMA1_Channel1_IRQHandler 
                                                            ; DMA1 Channel 1
   71 00000070 00000000        DCD              DMA1_Channel2_IRQHandler 
                                                            ; DMA1 Channel 2
   72 00000074 00000000        DCD              DMA1_Channel3_IRQHandler 
                                                            ; DMA1 Channel 3
   73 00000078 00000000        DCD              DMA1_Channel4_IRQHandler 
                                                            ; DMA1 Channel 4
   74 0000007C 00000000        DCD              DMA1_Channel5_IRQHandler 
                                                            ; DMA1 Channel 5
   75 00000080 00000000        DCD              DMA1_Channel6_IRQHandler 
                                                            ; DMA1 Channel 6
   76 00000084 00000000        DCD              DMA1_Channel7_IRQHandler 
                                                            ; DMA1 Channel 7
   77 00000088 00000000        DCD              ADC1_2_IRQHandler ; ADC1 & ADC2
                                                            
   78 0000008C 00000000        DCD              CAN1_TX_IRQHandler ; CAN1 TX



ARM Macro Assembler    Page 3 


   79 00000090 00000000        DCD              CAN1_RX_IRQHandler ; CAN1 RX 
   80 00000094 00000000        DCD              CAN1_STAT_IRQHandler 
                                                            ; CAN1 State 
   81 00000098 00000000        DCD              CAN1_ERR_IRQHandler 
                                                            ; CAN1 Error
   82 0000009C 00000000        DCD              EXINT9_5_IRQHandler 
                                                            ; EXINT Line [9:5]
   83 000000A0 00000000        DCD              TMR1_BRK_TMR9_IRQHandler ; TMR1
                                                             Brake and TMR9
   84 000000A4 00000000        DCD              TMR1_OVF_TMR10_IRQHandler ; TMR
                                                            1 Overflow and TMR1
                                                            0
   85 000000A8 00000000        DCD              TMR1_TRG_HALL_TMR11_IRQHandler 
                                                            ; TMR1 Trigger and 
                                                            hall and TMR11
   86 000000AC 00000000        DCD              TMR1_CH_IRQHandler 
                                                            ; TMR1 Channel
   87 000000B0 00000000        DCD              TMR2_GLOBAL_IRQHandler ; TMR2
   88 000000B4 00000000        DCD              TMR3_GLOBAL_IRQHandler ; TMR3
   89 000000B8 00000000        DCD              TMR4_GLOBAL_IRQHandler ; TMR4
   90 000000BC 00000000        DCD              I2C1_EVT_IRQHandler 
                                                            ; I2C1 Event
   91 000000C0 00000000        DCD              I2C1_ERR_IRQHandler 
                                                            ; I2C1 Error
   92 000000C4 00000000        DCD              I2C2_EVT_IRQHandler 
                                                            ; I2C2 Event
   93 000000C8 00000000        DCD              I2C2_ERR_IRQHandler 
                                                            ; I2C2 Error
   94 000000CC 00000000        DCD              SPI1_IRQHandler ; SPI1
   95 000000D0 00000000        DCD              SPI2_I2S2EXT_IRQHandler ; SPI2
   96 000000D4 00000000        DCD              USART1_IRQHandler ; USART1
   97 000000D8 00000000        DCD              USART2_IRQHandler ; USART2
   98 000000DC 00000000        DCD              USART3_IRQHandler ; USART3
   99 000000E0 00000000        DCD              EXINT15_10_IRQHandler ; EXINT L
                                                            ine [15:10]
  100 000000E4 00000000        DCD              ERTCAlarm_IRQHandler ; ERTC Ala
                                                            rm through EXINT Li
                                                            ne
  101 000000E8 00000000        DCD              OTGFS1_WKUP_IRQHandler ; OTGFS1
                                                             Wakeup from suspen
                                                            d
  102 000000EC 00000000        DCD              TMR8_BRK_TMR12_IRQHandler ; TMR
                                                            8 Brake and TMR12
  103 000000F0 00000000        DCD              TMR8_OVF_TMR13_IRQHandler ; TMR
                                                            8 Overflow and TMR1
                                                            3
  104 000000F4 00000000        DCD              TMR8_TRG_HALL_TMR14_IRQHandler 
                                                            ; TMR8 Trigger and 
                                                            hall and TMR14
  105 000000F8 00000000        DCD              TMR8_CH_IRQHandler 
                                                            ; TMR8 Channel
  106 000000FC 00000000        DCD              0           ; Reserved
  107 00000100 00000000        DCD              XMC_IRQHandler ; XMC
  108 00000104 00000000        DCD              SDIO1_IRQHandler ; SDIO1
  109 00000108 00000000        DCD              TMR5_GLOBAL_IRQHandler ; TMR5
  110 0000010C 00000000        DCD              SPI3_I2S3EXT_IRQHandler ; SPI3
  111 00000110 00000000        DCD              USART4_IRQHandler ; USART4
  112 00000114 00000000        DCD              USART5_IRQHandler ; USART5
  113 00000118 00000000        DCD              TMR6_DAC_GLOBAL_IRQHandler 



ARM Macro Assembler    Page 4 


                                                            ; TMR6 & DAC
  114 0000011C 00000000        DCD              TMR7_GLOBAL_IRQHandler ; TMR7
  115 00000120 00000000        DCD              DMA2_Channel1_IRQHandler 
                                                            ; DMA2 Channel 1
  116 00000124 00000000        DCD              DMA2_Channel2_IRQHandler 
                                                            ; DMA2 Channel 2
  117 00000128 00000000        DCD              DMA2_Channel3_IRQHandler 
                                                            ; DMA2 Channel 3
  118 0000012C 00000000        DCD              DMA2_Channel4_IRQHandler 
                                                            ; DMA2 Channel 4
  119 00000130 00000000        DCD              DMA2_Channel5_IRQHandler 
                                                            ; DMA2 Channel 5
  120 00000134 00000000        DCD              EMAC_IRQHandler ; EMAC
  121 00000138 00000000        DCD              EMAC_WKUP_IRQHandler 
                                                            ; EMAC Wakeup
  122 0000013C 00000000        DCD              CAN2_TX_IRQHandler ; CAN2 TX
  123 00000140 00000000        DCD              CAN2_RX_IRQHandler ; CAN2 RX 
  124 00000144 00000000        DCD              CAN2_STAT_IRQHandler 
                                                            ; CAN2 State 
  125 00000148 00000000        DCD              CAN2_ERR_IRQHandler 
                                                            ; CAN2 Error
  126 0000014C 00000000        DCD              OTGFS1_IRQHandler ; OTGFS1
  127 00000150 00000000        DCD              DMA2_Channel6_IRQHandler 
                                                            ; DMA2 Channel 6
  128 00000154 00000000        DCD              DMA2_Channel7_IRQHandler 
                                                            ; DMA2 Channel 7
  129 00000158 00000000        DCD              0           ; Reserved
  130 0000015C 00000000        DCD              USART6_IRQHandler ; USART6
  131 00000160 00000000        DCD              I2C3_EVT_IRQHandler 
                                                            ; I2C3 Event
  132 00000164 00000000        DCD              I2C3_ERR_IRQHandler 
                                                            ; I2C3 Error
  133 00000168 00000000        DCD              CAN3_TX_IRQHandler ; CAN3 TX
  134 0000016C 00000000        DCD              CAN3_RX_IRQHandler ; CAN3 RX 
  135 00000170 00000000        DCD              CAN3_STAT_IRQHandler 
                                                            ; CAN3 State 
  136 00000174 00000000        DCD              CAN3_ERR_IRQHandler 
                                                            ; CAN3 Error
  137 00000178 00000000        DCD              0           ; Reserved
  138 0000017C 00000000        DCD              AES_IRQHandler ; AES
  139 00000180 00000000        DCD              TRNG_IRQHandler ; TRNG
  140 00000184 00000000        DCD              FPU_IRQHandler ; FPU
  141 00000188 00000000        DCD              USART7_IRQHandler ; USART7
  142 0000018C 00000000        DCD              USART8_IRQHandler ; USART8
  143 00000190 00000000        DCD              SPI4_IRQHandler ; SPI4
  144 00000194 00000000        DCD              I2SF5_IRQHandler ; I2SF5
  145 00000198 00000000        DCD              0           ; Reserved
  146 0000019C 00000000        DCD              0           ; Reserved
  147 000001A0 00000000        DCD              0           ; Reserved
  148 000001A4 00000000        DCD              0           ; Reserved
  149 000001A8 00000000        DCD              0           ; Reserved
  150 000001AC 00000000        DCD              0           ; Reserved
  151 000001B0 00000000        DCD              QSPI1_IRQHandler ; QSPI1
  152 000001B4 00000000        DCD              0           ; Reserved
  153 000001B8 00000000        DCD              DMAMUX_IRQHandler ; DMAMUX
  154 000001BC 00000000        DCD              0           ; Reserved
  155 000001C0 00000000        DCD              0           ; Reserved
  156 000001C4 00000000        DCD              0           ; Reserved
  157 000001C8 00000000        DCD              0           ; Reserved



ARM Macro Assembler    Page 5 


  158 000001CC 00000000        DCD              0           ; Reserved
  159 000001D0 00000000        DCD              0           ; Reserved
  160 000001D4 00000000        DCD              0           ; Reserved
  161 000001D8 00000000        DCD              0           ; Reserved
  162 000001DC 00000000        DCD              ACC_IRQHandler ; ACC
  163 000001E0         __Vectors_End
  164 000001E0         
  165 000001E0 000001E0 
                       __Vectors_Size
                               EQU              __Vectors_End - __Vectors
  166 000001E0         
  167 000001E0                 AREA             |.text|, CODE, READONLY
  168 00000000         
  169 00000000         ; Reset handler
  170 00000000         Reset_Handler
                               PROC
  171 00000000                 EXPORT           Reset_Handler                  
     [WEAK]
  172 00000000                 IMPORT           __main
  173 00000000                 IMPORT           SystemInit
  174 00000000 4806            LDR              R0, =SystemInit
  175 00000002 4780            BLX              R0
  176 00000004 4806            LDR              R0, =__main
  177 00000006 4700            BX               R0
  178 00000008                 ENDP
  179 00000008         
  180 00000008         ; Dummy Exception Handlers (infinite loops which can be 
                       modified)
  181 00000008         
  182 00000008         NMI_Handler
                               PROC
  183 00000008                 EXPORT           NMI_Handler                    
     [WEAK]
  184 00000008 E7FE            B                .
  185 0000000A                 ENDP
  187 0000000A         HardFault_Handler
                               PROC
  188 0000000A                 EXPORT           HardFault_Handler              
     [WEAK]
  189 0000000A E7FE            B                .
  190 0000000C                 ENDP
  192 0000000C         MemManage_Handler
                               PROC
  193 0000000C                 EXPORT           MemManage_Handler              
     [WEAK]
  194 0000000C E7FE            B                .
  195 0000000E                 ENDP
  197 0000000E         BusFault_Handler
                               PROC
  198 0000000E                 EXPORT           BusFault_Handler               
     [WEAK]
  199 0000000E E7FE            B                .
  200 00000010                 ENDP
  202 00000010         UsageFault_Handler
                               PROC
  203 00000010                 EXPORT           UsageFault_Handler             
     [WEAK]
  204 00000010 E7FE            B                .
  205 00000012                 ENDP



ARM Macro Assembler    Page 6 


  206 00000012         SVC_Handler
                               PROC
  207 00000012                 EXPORT           SVC_Handler                    
     [WEAK]
  208 00000012 E7FE            B                .
  209 00000014                 ENDP
  211 00000014         DebugMon_Handler
                               PROC
  212 00000014                 EXPORT           DebugMon_Handler               
     [WEAK]
  213 00000014 E7FE            B                .
  214 00000016                 ENDP
  215 00000016         PendSV_Handler
                               PROC
  216 00000016                 EXPORT           PendSV_Handler                 
     [WEAK]
  217 00000016 E7FE            B                .
  218 00000018                 ENDP
  219 00000018         SysTick_Handler
                               PROC
  220 00000018                 EXPORT           SysTick_Handler                
     [WEAK]
  221 00000018 E7FE            B                .
  222 0000001A                 ENDP
  223 0000001A         
  224 0000001A         Default_Handler
                               PROC
  225 0000001A                 EXPORT           WWDT_IRQHandler                
     [WEAK]
  226 0000001A                 EXPORT           PVM_IRQHandler                 
     [WEAK]
  227 0000001A                 EXPORT           TAMP_STAMP_IRQHandler          
     [WEAK]
  228 0000001A                 EXPORT           ERTC_WKUP_IRQHandler           
     [WEAK]
  229 0000001A                 EXPORT           FLASH_IRQHandler               
     [WEAK]
  230 0000001A                 EXPORT           CRM_IRQHandler                 
     [WEAK]
  231 0000001A                 EXPORT           EXINT0_IRQHandler              
     [WEAK]
  232 0000001A                 EXPORT           EXINT1_IRQHandler              
     [WEAK]
  233 0000001A                 EXPORT           EXINT2_IRQHandler              
     [WEAK]
  234 0000001A                 EXPORT           EXINT3_IRQHandler              
     [WEAK]
  235 0000001A                 EXPORT           EXINT4_IRQHandler              
     [WEAK]
  236 0000001A                 EXPORT           DMA1_Channel1_IRQHandler       
     [WEAK]
  237 0000001A                 EXPORT           DMA1_Channel2_IRQHandler       
     [WEAK]
  238 0000001A                 EXPORT           DMA1_Channel3_IRQHandler       
     [WEAK]
  239 0000001A                 EXPORT           DMA1_Channel4_IRQHandler       
     [WEAK]
  240 0000001A                 EXPORT           DMA1_Channel5_IRQHandler       
     [WEAK]



ARM Macro Assembler    Page 7 


  241 0000001A                 EXPORT           DMA1_Channel6_IRQHandler       
     [WEAK]
  242 0000001A                 EXPORT           DMA1_Channel7_IRQHandler       
     [WEAK]
  243 0000001A                 EXPORT           ADC1_2_IRQHandler              
     [WEAK]
  244 0000001A                 EXPORT           CAN1_TX_IRQHandler             
     [WEAK]
  245 0000001A                 EXPORT           CAN1_RX_IRQHandler             
     [WEAK]
  246 0000001A                 EXPORT           CAN1_STAT_IRQHandler           
     [WEAK]
  247 0000001A                 EXPORT           CAN1_ERR_IRQHandler            
     [WEAK]
  248 0000001A                 EXPORT           EXINT9_5_IRQHandler            
     [WEAK]
  249 0000001A                 EXPORT           TMR1_BRK_TMR9_IRQHandler       
     [WEAK]
  250 0000001A                 EXPORT           TMR1_OVF_TMR10_IRQHandler      
     [WEAK]
  251 0000001A                 EXPORT           TMR1_TRG_HALL_TMR11_IRQHandler 
     [WEAK]
  252 0000001A                 EXPORT           TMR1_CH_IRQHandler             
     [WEAK]
  253 0000001A                 EXPORT           TMR2_GLOBAL_IRQHandler         
     [WEAK]
  254 0000001A                 EXPORT           TMR3_GLOBAL_IRQHandler         
     [WEAK]
  255 0000001A                 EXPORT           TMR4_GLOBAL_IRQHandler         
     [WEAK]
  256 0000001A                 EXPORT           I2C1_EVT_IRQHandler            
     [WEAK]
  257 0000001A                 EXPORT           I2C1_ERR_IRQHandler            
     [WEAK]
  258 0000001A                 EXPORT           I2C2_EVT_IRQHandler            
     [WEAK]
  259 0000001A                 EXPORT           I2C2_ERR_IRQHandler            
     [WEAK]
  260 0000001A                 EXPORT           SPI1_IRQHandler                
     [WEAK]
  261 0000001A                 EXPORT           SPI2_I2S2EXT_IRQHandler        
     [WEAK]
  262 0000001A                 EXPORT           USART1_IRQHandler              
     [WEAK]
  263 0000001A                 EXPORT           USART2_IRQHandler              
     [WEAK]
  264 0000001A                 EXPORT           USART3_IRQHandler              
     [WEAK]
  265 0000001A                 EXPORT           EXINT15_10_IRQHandler          
     [WEAK]
  266 0000001A                 EXPORT           ERTCAlarm_IRQHandler           
     [WEAK]
  267 0000001A                 EXPORT           OTGFS1_WKUP_IRQHandler         
     [WEAK]
  268 0000001A                 EXPORT           TMR8_BRK_TMR12_IRQHandler      
     [WEAK]
  269 0000001A                 EXPORT           TMR8_OVF_TMR13_IRQHandler      
     [WEAK]
  270 0000001A                 EXPORT           TMR8_TRG_HALL_TMR14_IRQHandler 



ARM Macro Assembler    Page 8 


     [WEAK]
  271 0000001A                 EXPORT           TMR8_CH_IRQHandler             
     [WEAK]
  272 0000001A                 EXPORT           XMC_IRQHandler                 
     [WEAK]
  273 0000001A                 EXPORT           SDIO1_IRQHandler               
     [WEAK]
  274 0000001A                 EXPORT           TMR5_GLOBAL_IRQHandler         
     [WEAK]
  275 0000001A                 EXPORT           SPI3_I2S3EXT_IRQHandler        
     [WEAK]
  276 0000001A                 EXPORT           USART4_IRQHandler              
     [WEAK]
  277 0000001A                 EXPORT           USART5_IRQHandler              
     [WEAK]
  278 0000001A                 EXPORT           TMR6_DAC_GLOBAL_IRQHandler     
     [WEAK]
  279 0000001A                 EXPORT           TMR7_GLOBAL_IRQHandler         
     [WEAK]
  280 0000001A                 EXPORT           DMA2_Channel1_IRQHandler       
     [WEAK]
  281 0000001A                 EXPORT           DMA2_Channel2_IRQHandler       
     [WEAK]
  282 0000001A                 EXPORT           DMA2_Channel3_IRQHandler       
     [WEAK]
  283 0000001A                 EXPORT           DMA2_Channel4_IRQHandler       
     [WEAK]
  284 0000001A                 EXPORT           DMA2_Channel5_IRQHandler       
     [WEAK]
  285 0000001A                 EXPORT           EMAC_IRQHandler                
     [WEAK]
  286 0000001A                 EXPORT           EMAC_WKUP_IRQHandler           
     [WEAK]
  287 0000001A                 EXPORT           CAN2_TX_IRQHandler             
     [WEAK]
  288 0000001A                 EXPORT           CAN2_RX_IRQHandler             
     [WEAK]
  289 0000001A                 EXPORT           CAN2_STAT_IRQHandler           
     [WEAK]
  290 0000001A                 EXPORT           CAN2_ERR_IRQHandler            
     [WEAK]
  291 0000001A                 EXPORT           OTGFS1_IRQHandler              
     [WEAK]
  292 0000001A                 EXPORT           DMA2_Channel6_IRQHandler       
     [WEAK]
  293 0000001A                 EXPORT           DMA2_Channel7_IRQHandler       
     [WEAK]
  294 0000001A                 EXPORT           USART6_IRQHandler              
     [WEAK]
  295 0000001A                 EXPORT           I2C3_EVT_IRQHandler            
     [WEAK]
  296 0000001A                 EXPORT           I2C3_ERR_IRQHandler            
     [WEAK]
  297 0000001A                 EXPORT           CAN3_TX_IRQHandler             
     [WEAK]
  298 0000001A                 EXPORT           CAN3_RX_IRQHandler             
     [WEAK]
  299 0000001A                 EXPORT           CAN3_STAT_IRQHandler           
     [WEAK]



ARM Macro Assembler    Page 9 


  300 0000001A                 EXPORT           CAN3_ERR_IRQHandler            
     [WEAK]
  301 0000001A                 EXPORT           AES_IRQHandler                 
     [WEAK]
  302 0000001A                 EXPORT           TRNG_IRQHandler                
     [WEAK]
  303 0000001A                 EXPORT           FPU_IRQHandler                 
     [WEAK]
  304 0000001A                 EXPORT           USART7_IRQHandler              
     [WEAK]
  305 0000001A                 EXPORT           USART8_IRQHandler              
     [WEAK]
  306 0000001A                 EXPORT           SPI4_IRQHandler                
     [WEAK]
  307 0000001A                 EXPORT           I2SF5_IRQHandler               
     [WEAK]
  308 0000001A                 EXPORT           QSPI1_IRQHandler               
     [WEAK]
  309 0000001A                 EXPORT           DMAMUX_IRQHandler              
     [WEAK]
  310 0000001A                 EXPORT           ACC_IRQHandler                 
     [WEAK]
  311 0000001A         WWDT_IRQHandler
  312 0000001A         PVM_IRQHandler
  313 0000001A         TAMP_STAMP_IRQHandler
  314 0000001A         ERTC_WKUP_IRQHandler
  315 0000001A         FLASH_IRQHandler
  316 0000001A         CRM_IRQHandler
  317 0000001A         EXINT0_IRQHandler
  318 0000001A         EXINT1_IRQHandler
  319 0000001A         EXINT2_IRQHandler
  320 0000001A         EXINT3_IRQHandler
  321 0000001A         EXINT4_IRQHandler
  322 0000001A         DMA1_Channel1_IRQHandler
  323 0000001A         DMA1_Channel2_IRQHandler
  324 0000001A         DMA1_Channel3_IRQHandler
  325 0000001A         DMA1_Channel4_IRQHandler
  326 0000001A         DMA1_Channel5_IRQHandler
  327 0000001A         DMA1_Channel6_IRQHandler
  328 0000001A         DMA1_Channel7_IRQHandler
  329 0000001A         ADC1_2_IRQHandler
  330 0000001A         CAN1_TX_IRQHandler
  331 0000001A         CAN1_RX_IRQHandler
  332 0000001A         CAN1_STAT_IRQHandler
  333 0000001A         CAN1_ERR_IRQHandler
  334 0000001A         EXINT9_5_IRQHandler
  335 0000001A         TMR1_BRK_TMR9_IRQHandler
  336 0000001A         TMR1_OVF_TMR10_IRQHandler
  337 0000001A         TMR1_TRG_HALL_TMR11_IRQHandler
  338 0000001A         TMR1_CH_IRQHandler
  339 0000001A         TMR2_GLOBAL_IRQHandler
  340 0000001A         TMR3_GLOBAL_IRQHandler
  341 0000001A         TMR4_GLOBAL_IRQHandler
  342 0000001A         I2C1_EVT_IRQHandler
  343 0000001A         I2C1_ERR_IRQHandler
  344 0000001A         I2C2_EVT_IRQHandler
  345 0000001A         I2C2_ERR_IRQHandler
  346 0000001A         SPI1_IRQHandler
  347 0000001A         SPI2_I2S2EXT_IRQHandler



ARM Macro Assembler    Page 10 


  348 0000001A         USART1_IRQHandler
  349 0000001A         USART2_IRQHandler
  350 0000001A         USART3_IRQHandler
  351 0000001A         EXINT15_10_IRQHandler
  352 0000001A         ERTCAlarm_IRQHandler
  353 0000001A         OTGFS1_WKUP_IRQHandler
  354 0000001A         TMR8_BRK_TMR12_IRQHandler
  355 0000001A         TMR8_OVF_TMR13_IRQHandler
  356 0000001A         TMR8_TRG_HALL_TMR14_IRQHandler
  357 0000001A         TMR8_CH_IRQHandler
  358 0000001A         XMC_IRQHandler
  359 0000001A         SDIO1_IRQHandler
  360 0000001A         TMR5_GLOBAL_IRQHandler
  361 0000001A         SPI3_I2S3EXT_IRQHandler
  362 0000001A         USART4_IRQHandler
  363 0000001A         USART5_IRQHandler
  364 0000001A         TMR6_DAC_GLOBAL_IRQHandler
  365 0000001A         TMR7_GLOBAL_IRQHandler
  366 0000001A         DMA2_Channel1_IRQHandler
  367 0000001A         DMA2_Channel2_IRQHandler
  368 0000001A         DMA2_Channel3_IRQHandler
  369 0000001A         DMA2_Channel4_IRQHandler
  370 0000001A         DMA2_Channel5_IRQHandler
  371 0000001A         EMAC_IRQHandler
  372 0000001A         EMAC_WKUP_IRQHandler
  373 0000001A         CAN2_TX_IRQHandler
  374 0000001A         CAN2_RX_IRQHandler
  375 0000001A         CAN2_STAT_IRQHandler
  376 0000001A         CAN2_ERR_IRQHandler
  377 0000001A         OTGFS1_IRQHandler
  378 0000001A         DMA2_Channel6_IRQHandler
  379 0000001A         DMA2_Channel7_IRQHandler
  380 0000001A         USART6_IRQHandler
  381 0000001A         I2C3_EVT_IRQHandler
  382 0000001A         I2C3_ERR_IRQHandler
  383 0000001A         CAN3_TX_IRQHandler
  384 0000001A         CAN3_RX_IRQHandler
  385 0000001A         CAN3_STAT_IRQHandler
  386 0000001A         CAN3_ERR_IRQHandler
  387 0000001A         AES_IRQHandler
  388 0000001A         TRNG_IRQHandler
  389 0000001A         FPU_IRQHandler
  390 0000001A         USART7_IRQHandler
  391 0000001A         USART8_IRQHandler
  392 0000001A         SPI4_IRQHandler
  393 0000001A         I2SF5_IRQHandler
  394 0000001A         QSPI1_IRQHandler
  395 0000001A         DMAMUX_IRQHandler
  396 0000001A         ACC_IRQHandler
  397 0000001A E7FE            B                .
  398 0000001C         
  399 0000001C                 ENDP
  400 0000001C         
  401 0000001C                 ALIGN
  402 0000001C         
  403 0000001C         ;*******************************************************
                       ************************
  404 0000001C         ; User Stack and Heap initialization
  405 0000001C         ;*******************************************************



ARM Macro Assembler    Page 11 


                       ************************
  406 0000001C                 IF               :DEF:__MICROLIB
  407 0000001C         
  408 0000001C                 EXPORT           __initial_sp
  409 0000001C                 EXPORT           __heap_base
  410 0000001C                 EXPORT           __heap_limit
  411 0000001C         
  412 0000001C                 ELSE
  427                          ENDIF
  428 0000001C         
  429 0000001C                 END
              00000000 
              00000000 
Command Line: --debug --xref --diag_suppress=9931,A1950W --cpu=Cortex-M4.fp.sp 
--depend=.\objects\startup_at32f45x.d -o.\objects\startup_at32f45x.o -IC:\Keil_
v5\ARM\PACK\ArteryTek\AT32F45x_DFP\2.0.0\Device\Include --predefine="__MICROLIB
 SETA 1" --predefine="__UVISION_VERSION SETA 543" --predefine="AT32F455RET7 SET
A 1" --list=.\listings\startup_at32f45x.lst ..\..\..\..\libraries\AT32F45x_Firm
ware_Library\cmsis\cm4\device_support\startup\mdk\startup_at32f45x.s



ARM Macro Assembler    Page 1 Alphabetic symbol ordering
Relocatable symbols

STACK 00000000

Symbol: STACK
   Definitions
      At line 16 in file ..\..\..\..\libraries\AT32F45x_Firmware_Library\cmsis\
cm4\device_support\startup\mdk\startup_at32f45x.s
   Uses
      None
Comment: STACK unused
Stack_Mem 00000000

Symbol: Stack_Mem
   Definitions
      At line 17 in file ..\..\..\..\libraries\AT32F45x_Firmware_Library\cmsis\
cm4\device_support\startup\mdk\startup_at32f45x.s
   Uses
      None
Comment: Stack_Mem unused
__initial_sp 00000400

Symbol: __initial_sp
   Definitions
      At line 18 in file ..\..\..\..\libraries\AT32F45x_Firmware_Library\cmsis\
cm4\device_support\startup\mdk\startup_at32f45x.s
   Uses
      At line 41 in file ..\..\..\..\libraries\AT32F45x_Firmware_Library\cmsis\
cm4\device_support\startup\mdk\startup_at32f45x.s
      At line 408 in file ..\..\..\..\libraries\AT32F45x_Firmware_Library\cmsis
\cm4\device_support\startup\mdk\startup_at32f45x.s

3 symbols



ARM Macro Assembler    Page 1 Alphabetic symbol ordering
Relocatable symbols

HEAP 00000000

Symbol: HEAP
   Definitions
      At line 26 in file ..\..\..\..\libraries\AT32F45x_Firmware_Library\cmsis\
cm4\device_support\startup\mdk\startup_at32f45x.s
   Uses
      None
Comment: HEAP unused
Heap_Mem 00000000

Symbol: Heap_Mem
   Definitions
      At line 28 in file ..\..\..\..\libraries\AT32F45x_Firmware_Library\cmsis\
cm4\device_support\startup\mdk\startup_at32f45x.s
   Uses
      None
Comment: Heap_Mem unused
__heap_base 00000000

Symbol: __heap_base
   Definitions
      At line 27 in file ..\..\..\..\libraries\AT32F45x_Firmware_Library\cmsis\
cm4\device_support\startup\mdk\startup_at32f45x.s
   Uses
      At line 409 in file ..\..\..\..\libraries\AT32F45x_Firmware_Library\cmsis
\cm4\device_support\startup\mdk\startup_at32f45x.s
Comment: __heap_base used once
__heap_limit 00000200

Symbol: __heap_limit
   Definitions
      At line 29 in file ..\..\..\..\libraries\AT32F45x_Firmware_Library\cmsis\
cm4\device_support\startup\mdk\startup_at32f45x.s
   Uses
      At line 410 in file ..\..\..\..\libraries\AT32F45x_Firmware_Library\cmsis
\cm4\device_support\startup\mdk\startup_at32f45x.s
Comment: __heap_limit used once
4 symbols



ARM Macro Assembler    Page 1 Alphabetic symbol ordering
Relocatable symbols

RESET 00000000

Symbol: RESET
   Definitions
      At line 36 in file ..\..\..\..\libraries\AT32F45x_Firmware_Library\cmsis\
cm4\device_support\startup\mdk\startup_at32f45x.s
   Uses
      None
Comment: RESET unused
__Vectors 00000000

Symbol: __Vectors
   Definitions
      At line 41 in file ..\..\..\..\libraries\AT32F45x_Firmware_Library\cmsis\
cm4\device_support\startup\mdk\startup_at32f45x.s
   Uses
      At line 37 in file ..\..\..\..\libraries\AT32F45x_Firmware_Library\cmsis\
cm4\device_support\startup\mdk\startup_at32f45x.s
      At line 165 in file ..\..\..\..\libraries\AT32F45x_Firmware_Library\cmsis
\cm4\device_support\startup\mdk\startup_at32f45x.s

__Vectors_End 000001E0

Symbol: __Vectors_End
   Definitions
      At line 163 in file ..\..\..\..\libraries\AT32F45x_Firmware_Library\cmsis
\cm4\device_support\startup\mdk\startup_at32f45x.s
   Uses
      At line 38 in file ..\..\..\..\libraries\AT32F45x_Firmware_Library\cmsis\
cm4\device_support\startup\mdk\startup_at32f45x.s
      At line 165 in file ..\..\..\..\libraries\AT32F45x_Firmware_Library\cmsis
\cm4\device_support\startup\mdk\startup_at32f45x.s

3 symbols



ARM Macro Assembler    Page 1 Alphabetic symbol ordering
Relocatable symbols

.text 00000000

Symbol: .text
   Definitions
      At line 167 in file ..\..\..\..\libraries\AT32F45x_Firmware_Library\cmsis
\cm4\device_support\startup\mdk\startup_at32f45x.s
   Uses
      None
Comment: .text unused
ACC_IRQHandler 0000001A

Symbol: ACC_IRQHandler
   Definitions
      At line 396 in file ..\..\..\..\libraries\AT32F45x_Firmware_Library\cmsis
\cm4\device_support\startup\mdk\startup_at32f45x.s
   Uses
      At line 162 in file ..\..\..\..\libraries\AT32F45x_Firmware_Library\cmsis
\cm4\device_support\startup\mdk\startup_at32f45x.s
      At line 310 in file ..\..\..\..\libraries\AT32F45x_Firmware_Library\cmsis
\cm4\device_support\startup\mdk\startup_at32f45x.s

ADC1_2_IRQHandler 0000001A

Symbol: ADC1_2_IRQHandler
   Definitions
      At line 329 in file ..\..\..\..\libraries\AT32F45x_Firmware_Library\cmsis
\cm4\device_support\startup\mdk\startup_at32f45x.s
   Uses
      At line 77 in file ..\..\..\..\libraries\AT32F45x_Firmware_Library\cmsis\
cm4\device_support\startup\mdk\startup_at32f45x.s
      At line 243 in file ..\..\..\..\libraries\AT32F45x_Firmware_Library\cmsis
\cm4\device_support\startup\mdk\startup_at32f45x.s

AES_IRQHandler 0000001A

Symbol: AES_IRQHandler
   Definitions
      At line 387 in file ..\..\..\..\libraries\AT32F45x_Firmware_Library\cmsis
\cm4\device_support\startup\mdk\startup_at32f45x.s
   Uses
      At line 138 in file ..\..\..\..\libraries\AT32F45x_Firmware_Library\cmsis
\cm4\device_support\startup\mdk\startup_at32f45x.s
      At line 301 in file ..\..\..\..\libraries\AT32F45x_Firmware_Library\cmsis
\cm4\device_support\startup\mdk\startup_at32f45x.s

BusFault_Handler 0000000E

Symbol: BusFault_Handler
   Definitions
      At line 197 in file ..\..\..\..\libraries\AT32F45x_Firmware_Library\cmsis
\cm4\device_support\startup\mdk\startup_at32f45x.s
   Uses
      At line 46 in file ..\..\..\..\libraries\AT32F45x_Firmware_Library\cmsis\
cm4\device_support\startup\mdk\startup_at32f45x.s
      At line 198 in file ..\..\..\..\libraries\AT32F45x_Firmware_Library\cmsis
\cm4\device_support\startup\mdk\startup_at32f45x.s

CAN1_ERR_IRQHandler 0000001A




ARM Macro Assembler    Page 2 Alphabetic symbol ordering
Relocatable symbols

Symbol: CAN1_ERR_IRQHandler
   Definitions
      At line 333 in file ..\..\..\..\libraries\AT32F45x_Firmware_Library\cmsis
\cm4\device_support\startup\mdk\startup_at32f45x.s
   Uses
      At line 81 in file ..\..\..\..\libraries\AT32F45x_Firmware_Library\cmsis\
cm4\device_support\startup\mdk\startup_at32f45x.s
      At line 247 in file ..\..\..\..\libraries\AT32F45x_Firmware_Library\cmsis
\cm4\device_support\startup\mdk\startup_at32f45x.s

CAN1_RX_IRQHandler 0000001A

Symbol: CAN1_RX_IRQHandler
   Definitions
      At line 331 in file ..\..\..\..\libraries\AT32F45x_Firmware_Library\cmsis
\cm4\device_support\startup\mdk\startup_at32f45x.s
   Uses
      At line 79 in file ..\..\..\..\libraries\AT32F45x_Firmware_Library\cmsis\
cm4\device_support\startup\mdk\startup_at32f45x.s
      At line 245 in file ..\..\..\..\libraries\AT32F45x_Firmware_Library\cmsis
\cm4\device_support\startup\mdk\startup_at32f45x.s

CAN1_STAT_IRQHandler 0000001A

Symbol: CAN1_STAT_IRQHandler
   Definitions
      At line 332 in file ..\..\..\..\libraries\AT32F45x_Firmware_Library\cmsis
\cm4\device_support\startup\mdk\startup_at32f45x.s
   Uses
      At line 80 in file ..\..\..\..\libraries\AT32F45x_Firmware_Library\cmsis\
cm4\device_support\startup\mdk\startup_at32f45x.s
      At line 246 in file ..\..\..\..\libraries\AT32F45x_Firmware_Library\cmsis
\cm4\device_support\startup\mdk\startup_at32f45x.s

CAN1_TX_IRQHandler 0000001A

Symbol: CAN1_TX_IRQHandler
   Definitions
      At line 330 in file ..\..\..\..\libraries\AT32F45x_Firmware_Library\cmsis
\cm4\device_support\startup\mdk\startup_at32f45x.s
   Uses
      At line 78 in file ..\..\..\..\libraries\AT32F45x_Firmware_Library\cmsis\
cm4\device_support\startup\mdk\startup_at32f45x.s
      At line 244 in file ..\..\..\..\libraries\AT32F45x_Firmware_Library\cmsis
\cm4\device_support\startup\mdk\startup_at32f45x.s

CAN2_ERR_IRQHandler 0000001A

Symbol: CAN2_ERR_IRQHandler
   Definitions
      At line 376 in file ..\..\..\..\libraries\AT32F45x_Firmware_Library\cmsis
\cm4\device_support\startup\mdk\startup_at32f45x.s
   Uses
      At line 125 in file ..\..\..\..\libraries\AT32F45x_Firmware_Library\cmsis
\cm4\device_support\startup\mdk\startup_at32f45x.s
      At line 290 in file ..\..\..\..\libraries\AT32F45x_Firmware_Library\cmsis
\cm4\device_support\startup\mdk\startup_at32f45x.s

CAN2_RX_IRQHandler 0000001A



ARM Macro Assembler    Page 3 Alphabetic symbol ordering
Relocatable symbols


Symbol: CAN2_RX_IRQHandler
   Definitions
      At line 374 in file ..\..\..\..\libraries\AT32F45x_Firmware_Library\cmsis
\cm4\device_support\startup\mdk\startup_at32f45x.s
   Uses
      At line 123 in file ..\..\..\..\libraries\AT32F45x_Firmware_Library\cmsis
\cm4\device_support\startup\mdk\startup_at32f45x.s
      At line 288 in file ..\..\..\..\libraries\AT32F45x_Firmware_Library\cmsis
\cm4\device_support\startup\mdk\startup_at32f45x.s

CAN2_STAT_IRQHandler 0000001A

Symbol: CAN2_STAT_IRQHandler
   Definitions
      At line 375 in file ..\..\..\..\libraries\AT32F45x_Firmware_Library\cmsis
\cm4\device_support\startup\mdk\startup_at32f45x.s
   Uses
      At line 124 in file ..\..\..\..\libraries\AT32F45x_Firmware_Library\cmsis
\cm4\device_support\startup\mdk\startup_at32f45x.s
      At line 289 in file ..\..\..\..\libraries\AT32F45x_Firmware_Library\cmsis
\cm4\device_support\startup\mdk\startup_at32f45x.s

CAN2_TX_IRQHandler 0000001A

Symbol: CAN2_TX_IRQHandler
   Definitions
      At line 373 in file ..\..\..\..\libraries\AT32F45x_Firmware_Library\cmsis
\cm4\device_support\startup\mdk\startup_at32f45x.s
   Uses
      At line 122 in file ..\..\..\..\libraries\AT32F45x_Firmware_Library\cmsis
\cm4\device_support\startup\mdk\startup_at32f45x.s
      At line 287 in file ..\..\..\..\libraries\AT32F45x_Firmware_Library\cmsis
\cm4\device_support\startup\mdk\startup_at32f45x.s

CAN3_ERR_IRQHandler 0000001A

Symbol: CAN3_ERR_IRQHandler
   Definitions
      At line 386 in file ..\..\..\..\libraries\AT32F45x_Firmware_Library\cmsis
\cm4\device_support\startup\mdk\startup_at32f45x.s
   Uses
      At line 136 in file ..\..\..\..\libraries\AT32F45x_Firmware_Library\cmsis
\cm4\device_support\startup\mdk\startup_at32f45x.s
      At line 300 in file ..\..\..\..\libraries\AT32F45x_Firmware_Library\cmsis
\cm4\device_support\startup\mdk\startup_at32f45x.s

CAN3_RX_IRQHandler 0000001A

Symbol: CAN3_RX_IRQHandler
   Definitions
      At line 384 in file ..\..\..\..\libraries\AT32F45x_Firmware_Library\cmsis
\cm4\device_support\startup\mdk\startup_at32f45x.s
   Uses
      At line 134 in file ..\..\..\..\libraries\AT32F45x_Firmware_Library\cmsis
\cm4\device_support\startup\mdk\startup_at32f45x.s
      At line 298 in file ..\..\..\..\libraries\AT32F45x_Firmware_Library\cmsis
\cm4\device_support\startup\mdk\startup_at32f45x.s




ARM Macro Assembler    Page 4 Alphabetic symbol ordering
Relocatable symbols

CAN3_STAT_IRQHandler 0000001A

Symbol: CAN3_STAT_IRQHandler
   Definitions
      At line 385 in file ..\..\..\..\libraries\AT32F45x_Firmware_Library\cmsis
\cm4\device_support\startup\mdk\startup_at32f45x.s
   Uses
      At line 135 in file ..\..\..\..\libraries\AT32F45x_Firmware_Library\cmsis
\cm4\device_support\startup\mdk\startup_at32f45x.s
      At line 299 in file ..\..\..\..\libraries\AT32F45x_Firmware_Library\cmsis
\cm4\device_support\startup\mdk\startup_at32f45x.s

CAN3_TX_IRQHandler 0000001A

Symbol: CAN3_TX_IRQHandler
   Definitions
      At line 383 in file ..\..\..\..\libraries\AT32F45x_Firmware_Library\cmsis
\cm4\device_support\startup\mdk\startup_at32f45x.s
   Uses
      At line 133 in file ..\..\..\..\libraries\AT32F45x_Firmware_Library\cmsis
\cm4\device_support\startup\mdk\startup_at32f45x.s
      At line 297 in file ..\..\..\..\libraries\AT32F45x_Firmware_Library\cmsis
\cm4\device_support\startup\mdk\startup_at32f45x.s

CRM_IRQHandler 0000001A

Symbol: CRM_IRQHandler
   Definitions
      At line 316 in file ..\..\..\..\libraries\AT32F45x_Firmware_Library\cmsis
\cm4\device_support\startup\mdk\startup_at32f45x.s
   Uses
      At line 64 in file ..\..\..\..\libraries\AT32F45x_Firmware_Library\cmsis\
cm4\device_support\startup\mdk\startup_at32f45x.s
      At line 230 in file ..\..\..\..\libraries\AT32F45x_Firmware_Library\cmsis
\cm4\device_support\startup\mdk\startup_at32f45x.s

DMA1_Channel1_IRQHandler 0000001A

Symbol: DMA1_Channel1_IRQHandler
   Definitions
      At line 322 in file ..\..\..\..\libraries\AT32F45x_Firmware_Library\cmsis
\cm4\device_support\startup\mdk\startup_at32f45x.s
   Uses
      At line 70 in file ..\..\..\..\libraries\AT32F45x_Firmware_Library\cmsis\
cm4\device_support\startup\mdk\startup_at32f45x.s
      At line 236 in file ..\..\..\..\libraries\AT32F45x_Firmware_Library\cmsis
\cm4\device_support\startup\mdk\startup_at32f45x.s

DMA1_Channel2_IRQHandler 0000001A

Symbol: DMA1_Channel2_IRQHandler
   Definitions
      At line 323 in file ..\..\..\..\libraries\AT32F45x_Firmware_Library\cmsis
\cm4\device_support\startup\mdk\startup_at32f45x.s
   Uses
      At line 71 in file ..\..\..\..\libraries\AT32F45x_Firmware_Library\cmsis\
cm4\device_support\startup\mdk\startup_at32f45x.s
      At line 237 in file ..\..\..\..\libraries\AT32F45x_Firmware_Library\cmsis
\cm4\device_support\startup\mdk\startup_at32f45x.s



ARM Macro Assembler    Page 5 Alphabetic symbol ordering
Relocatable symbols


DMA1_Channel3_IRQHandler 0000001A

Symbol: DMA1_Channel3_IRQHandler
   Definitions
      At line 324 in file ..\..\..\..\libraries\AT32F45x_Firmware_Library\cmsis
\cm4\device_support\startup\mdk\startup_at32f45x.s
   Uses
      At line 72 in file ..\..\..\..\libraries\AT32F45x_Firmware_Library\cmsis\
cm4\device_support\startup\mdk\startup_at32f45x.s
      At line 238 in file ..\..\..\..\libraries\AT32F45x_Firmware_Library\cmsis
\cm4\device_support\startup\mdk\startup_at32f45x.s

DMA1_Channel4_IRQHandler 0000001A

Symbol: DMA1_Channel4_IRQHandler
   Definitions
      At line 325 in file ..\..\..\..\libraries\AT32F45x_Firmware_Library\cmsis
\cm4\device_support\startup\mdk\startup_at32f45x.s
   Uses
      At line 73 in file ..\..\..\..\libraries\AT32F45x_Firmware_Library\cmsis\
cm4\device_support\startup\mdk\startup_at32f45x.s
      At line 239 in file ..\..\..\..\libraries\AT32F45x_Firmware_Library\cmsis
\cm4\device_support\startup\mdk\startup_at32f45x.s

DMA1_Channel5_IRQHandler 0000001A

Symbol: DMA1_Channel5_IRQHandler
   Definitions
      At line 326 in file ..\..\..\..\libraries\AT32F45x_Firmware_Library\cmsis
\cm4\device_support\startup\mdk\startup_at32f45x.s
   Uses
      At line 74 in file ..\..\..\..\libraries\AT32F45x_Firmware_Library\cmsis\
cm4\device_support\startup\mdk\startup_at32f45x.s
      At line 240 in file ..\..\..\..\libraries\AT32F45x_Firmware_Library\cmsis
\cm4\device_support\startup\mdk\startup_at32f45x.s

DMA1_Channel6_IRQHandler 0000001A

Symbol: DMA1_Channel6_IRQHandler
   Definitions
      At line 327 in file ..\..\..\..\libraries\AT32F45x_Firmware_Library\cmsis
\cm4\device_support\startup\mdk\startup_at32f45x.s
   Uses
      At line 75 in file ..\..\..\..\libraries\AT32F45x_Firmware_Library\cmsis\
cm4\device_support\startup\mdk\startup_at32f45x.s
      At line 241 in file ..\..\..\..\libraries\AT32F45x_Firmware_Library\cmsis
\cm4\device_support\startup\mdk\startup_at32f45x.s

DMA1_Channel7_IRQHandler 0000001A

Symbol: DMA1_Channel7_IRQHandler
   Definitions
      At line 328 in file ..\..\..\..\libraries\AT32F45x_Firmware_Library\cmsis
\cm4\device_support\startup\mdk\startup_at32f45x.s
   Uses
      At line 76 in file ..\..\..\..\libraries\AT32F45x_Firmware_Library\cmsis\
cm4\device_support\startup\mdk\startup_at32f45x.s
      At line 242 in file ..\..\..\..\libraries\AT32F45x_Firmware_Library\cmsis



ARM Macro Assembler    Page 6 Alphabetic symbol ordering
Relocatable symbols

\cm4\device_support\startup\mdk\startup_at32f45x.s

DMA2_Channel1_IRQHandler 0000001A

Symbol: DMA2_Channel1_IRQHandler
   Definitions
      At line 366 in file ..\..\..\..\libraries\AT32F45x_Firmware_Library\cmsis
\cm4\device_support\startup\mdk\startup_at32f45x.s
   Uses
      At line 115 in file ..\..\..\..\libraries\AT32F45x_Firmware_Library\cmsis
\cm4\device_support\startup\mdk\startup_at32f45x.s
      At line 280 in file ..\..\..\..\libraries\AT32F45x_Firmware_Library\cmsis
\cm4\device_support\startup\mdk\startup_at32f45x.s

DMA2_Channel2_IRQHandler 0000001A

Symbol: DMA2_Channel2_IRQHandler
   Definitions
      At line 367 in file ..\..\..\..\libraries\AT32F45x_Firmware_Library\cmsis
\cm4\device_support\startup\mdk\startup_at32f45x.s
   Uses
      At line 116 in file ..\..\..\..\libraries\AT32F45x_Firmware_Library\cmsis
\cm4\device_support\startup\mdk\startup_at32f45x.s
      At line 281 in file ..\..\..\..\libraries\AT32F45x_Firmware_Library\cmsis
\cm4\device_support\startup\mdk\startup_at32f45x.s

DMA2_Channel3_IRQHandler 0000001A

Symbol: DMA2_Channel3_IRQHandler
   Definitions
      At line 368 in file ..\..\..\..\libraries\AT32F45x_Firmware_Library\cmsis
\cm4\device_support\startup\mdk\startup_at32f45x.s
   Uses
      At line 117 in file ..\..\..\..\libraries\AT32F45x_Firmware_Library\cmsis
\cm4\device_support\startup\mdk\startup_at32f45x.s
      At line 282 in file ..\..\..\..\libraries\AT32F45x_Firmware_Library\cmsis
\cm4\device_support\startup\mdk\startup_at32f45x.s

DMA2_Channel4_IRQHandler 0000001A

Symbol: DMA2_Channel4_IRQHandler
   Definitions
      At line 369 in file ..\..\..\..\libraries\AT32F45x_Firmware_Library\cmsis
\cm4\device_support\startup\mdk\startup_at32f45x.s
   Uses
      At line 118 in file ..\..\..\..\libraries\AT32F45x_Firmware_Library\cmsis
\cm4\device_support\startup\mdk\startup_at32f45x.s
      At line 283 in file ..\..\..\..\libraries\AT32F45x_Firmware_Library\cmsis
\cm4\device_support\startup\mdk\startup_at32f45x.s

DMA2_Channel5_IRQHandler 0000001A

Symbol: DMA2_Channel5_IRQHandler
   Definitions
      At line 370 in file ..\..\..\..\libraries\AT32F45x_Firmware_Library\cmsis
\cm4\device_support\startup\mdk\startup_at32f45x.s
   Uses
      At line 119 in file ..\..\..\..\libraries\AT32F45x_Firmware_Library\cmsis
\cm4\device_support\startup\mdk\startup_at32f45x.s



ARM Macro Assembler    Page 7 Alphabetic symbol ordering
Relocatable symbols

      At line 284 in file ..\..\..\..\libraries\AT32F45x_Firmware_Library\cmsis
\cm4\device_support\startup\mdk\startup_at32f45x.s

DMA2_Channel6_IRQHandler 0000001A

Symbol: DMA2_Channel6_IRQHandler
   Definitions
      At line 378 in file ..\..\..\..\libraries\AT32F45x_Firmware_Library\cmsis
\cm4\device_support\startup\mdk\startup_at32f45x.s
   Uses
      At line 127 in file ..\..\..\..\libraries\AT32F45x_Firmware_Library\cmsis
\cm4\device_support\startup\mdk\startup_at32f45x.s
      At line 292 in file ..\..\..\..\libraries\AT32F45x_Firmware_Library\cmsis
\cm4\device_support\startup\mdk\startup_at32f45x.s

DMA2_Channel7_IRQHandler 0000001A

Symbol: DMA2_Channel7_IRQHandler
   Definitions
      At line 379 in file ..\..\..\..\libraries\AT32F45x_Firmware_Library\cmsis
\cm4\device_support\startup\mdk\startup_at32f45x.s
   Uses
      At line 128 in file ..\..\..\..\libraries\AT32F45x_Firmware_Library\cmsis
\cm4\device_support\startup\mdk\startup_at32f45x.s
      At line 293 in file ..\..\..\..\libraries\AT32F45x_Firmware_Library\cmsis
\cm4\device_support\startup\mdk\startup_at32f45x.s

DMAMUX_IRQHandler 0000001A

Symbol: DMAMUX_IRQHandler
   Definitions
      At line 395 in file ..\..\..\..\libraries\AT32F45x_Firmware_Library\cmsis
\cm4\device_support\startup\mdk\startup_at32f45x.s
   Uses
      At line 153 in file ..\..\..\..\libraries\AT32F45x_Firmware_Library\cmsis
\cm4\device_support\startup\mdk\startup_at32f45x.s
      At line 309 in file ..\..\..\..\libraries\AT32F45x_Firmware_Library\cmsis
\cm4\device_support\startup\mdk\startup_at32f45x.s

DebugMon_Handler 00000014

Symbol: DebugMon_Handler
   Definitions
      At line 211 in file ..\..\..\..\libraries\AT32F45x_Firmware_Library\cmsis
\cm4\device_support\startup\mdk\startup_at32f45x.s
   Uses
      At line 53 in file ..\..\..\..\libraries\AT32F45x_Firmware_Library\cmsis\
cm4\device_support\startup\mdk\startup_at32f45x.s
      At line 212 in file ..\..\..\..\libraries\AT32F45x_Firmware_Library\cmsis
\cm4\device_support\startup\mdk\startup_at32f45x.s

Default_Handler 0000001A

Symbol: Default_Handler
   Definitions
      At line 224 in file ..\..\..\..\libraries\AT32F45x_Firmware_Library\cmsis
\cm4\device_support\startup\mdk\startup_at32f45x.s
   Uses
      None



ARM Macro Assembler    Page 8 Alphabetic symbol ordering
Relocatable symbols

Comment: Default_Handler unused
EMAC_IRQHandler 0000001A

Symbol: EMAC_IRQHandler
   Definitions
      At line 371 in file ..\..\..\..\libraries\AT32F45x_Firmware_Library\cmsis
\cm4\device_support\startup\mdk\startup_at32f45x.s
   Uses
      At line 120 in file ..\..\..\..\libraries\AT32F45x_Firmware_Library\cmsis
\cm4\device_support\startup\mdk\startup_at32f45x.s
      At line 285 in file ..\..\..\..\libraries\AT32F45x_Firmware_Library\cmsis
\cm4\device_support\startup\mdk\startup_at32f45x.s

EMAC_WKUP_IRQHandler 0000001A

Symbol: EMAC_WKUP_IRQHandler
   Definitions
      At line 372 in file ..\..\..\..\libraries\AT32F45x_Firmware_Library\cmsis
\cm4\device_support\startup\mdk\startup_at32f45x.s
   Uses
      At line 121 in file ..\..\..\..\libraries\AT32F45x_Firmware_Library\cmsis
\cm4\device_support\startup\mdk\startup_at32f45x.s
      At line 286 in file ..\..\..\..\libraries\AT32F45x_Firmware_Library\cmsis
\cm4\device_support\startup\mdk\startup_at32f45x.s

ERTCAlarm_IRQHandler 0000001A

Symbol: ERTCAlarm_IRQHandler
   Definitions
      At line 352 in file ..\..\..\..\libraries\AT32F45x_Firmware_Library\cmsis
\cm4\device_support\startup\mdk\startup_at32f45x.s
   Uses
      At line 100 in file ..\..\..\..\libraries\AT32F45x_Firmware_Library\cmsis
\cm4\device_support\startup\mdk\startup_at32f45x.s
      At line 266 in file ..\..\..\..\libraries\AT32F45x_Firmware_Library\cmsis
\cm4\device_support\startup\mdk\startup_at32f45x.s

ERTC_WKUP_IRQHandler 0000001A

Symbol: ERTC_WKUP_IRQHandler
   Definitions
      At line 314 in file ..\..\..\..\libraries\AT32F45x_Firmware_Library\cmsis
\cm4\device_support\startup\mdk\startup_at32f45x.s
   Uses
      At line 62 in file ..\..\..\..\libraries\AT32F45x_Firmware_Library\cmsis\
cm4\device_support\startup\mdk\startup_at32f45x.s
      At line 228 in file ..\..\..\..\libraries\AT32F45x_Firmware_Library\cmsis
\cm4\device_support\startup\mdk\startup_at32f45x.s

EXINT0_IRQHandler 0000001A

Symbol: EXINT0_IRQHandler
   Definitions
      At line 317 in file ..\..\..\..\libraries\AT32F45x_Firmware_Library\cmsis
\cm4\device_support\startup\mdk\startup_at32f45x.s
   Uses
      At line 65 in file ..\..\..\..\libraries\AT32F45x_Firmware_Library\cmsis\
cm4\device_support\startup\mdk\startup_at32f45x.s
      At line 231 in file ..\..\..\..\libraries\AT32F45x_Firmware_Library\cmsis



ARM Macro Assembler    Page 9 Alphabetic symbol ordering
Relocatable symbols

\cm4\device_support\startup\mdk\startup_at32f45x.s

EXINT15_10_IRQHandler 0000001A

Symbol: EXINT15_10_IRQHandler
   Definitions
      At line 351 in file ..\..\..\..\libraries\AT32F45x_Firmware_Library\cmsis
\cm4\device_support\startup\mdk\startup_at32f45x.s
   Uses
      At line 99 in file ..\..\..\..\libraries\AT32F45x_Firmware_Library\cmsis\
cm4\device_support\startup\mdk\startup_at32f45x.s
      At line 265 in file ..\..\..\..\libraries\AT32F45x_Firmware_Library\cmsis
\cm4\device_support\startup\mdk\startup_at32f45x.s

EXINT1_IRQHandler 0000001A

Symbol: EXINT1_IRQHandler
   Definitions
      At line 318 in file ..\..\..\..\libraries\AT32F45x_Firmware_Library\cmsis
\cm4\device_support\startup\mdk\startup_at32f45x.s
   Uses
      At line 66 in file ..\..\..\..\libraries\AT32F45x_Firmware_Library\cmsis\
cm4\device_support\startup\mdk\startup_at32f45x.s
      At line 232 in file ..\..\..\..\libraries\AT32F45x_Firmware_Library\cmsis
\cm4\device_support\startup\mdk\startup_at32f45x.s

EXINT2_IRQHandler 0000001A

Symbol: EXINT2_IRQHandler
   Definitions
      At line 319 in file ..\..\..\..\libraries\AT32F45x_Firmware_Library\cmsis
\cm4\device_support\startup\mdk\startup_at32f45x.s
   Uses
      At line 67 in file ..\..\..\..\libraries\AT32F45x_Firmware_Library\cmsis\
cm4\device_support\startup\mdk\startup_at32f45x.s
      At line 233 in file ..\..\..\..\libraries\AT32F45x_Firmware_Library\cmsis
\cm4\device_support\startup\mdk\startup_at32f45x.s

EXINT3_IRQHandler 0000001A

Symbol: EXINT3_IRQHandler
   Definitions
      At line 320 in file ..\..\..\..\libraries\AT32F45x_Firmware_Library\cmsis
\cm4\device_support\startup\mdk\startup_at32f45x.s
   Uses
      At line 68 in file ..\..\..\..\libraries\AT32F45x_Firmware_Library\cmsis\
cm4\device_support\startup\mdk\startup_at32f45x.s
      At line 234 in file ..\..\..\..\libraries\AT32F45x_Firmware_Library\cmsis
\cm4\device_support\startup\mdk\startup_at32f45x.s

EXINT4_IRQHandler 0000001A

Symbol: EXINT4_IRQHandler
   Definitions
      At line 321 in file ..\..\..\..\libraries\AT32F45x_Firmware_Library\cmsis
\cm4\device_support\startup\mdk\startup_at32f45x.s
   Uses
      At line 69 in file ..\..\..\..\libraries\AT32F45x_Firmware_Library\cmsis\
cm4\device_support\startup\mdk\startup_at32f45x.s



ARM Macro Assembler    Page 10 Alphabetic symbol ordering
Relocatable symbols

      At line 235 in file ..\..\..\..\libraries\AT32F45x_Firmware_Library\cmsis
\cm4\device_support\startup\mdk\startup_at32f45x.s

EXINT9_5_IRQHandler 0000001A

Symbol: EXINT9_5_IRQHandler
   Definitions
      At line 334 in file ..\..\..\..\libraries\AT32F45x_Firmware_Library\cmsis
\cm4\device_support\startup\mdk\startup_at32f45x.s
   Uses
      At line 82 in file ..\..\..\..\libraries\AT32F45x_Firmware_Library\cmsis\
cm4\device_support\startup\mdk\startup_at32f45x.s
      At line 248 in file ..\..\..\..\libraries\AT32F45x_Firmware_Library\cmsis
\cm4\device_support\startup\mdk\startup_at32f45x.s

FLASH_IRQHandler 0000001A

Symbol: FLASH_IRQHandler
   Definitions
      At line 315 in file ..\..\..\..\libraries\AT32F45x_Firmware_Library\cmsis
\cm4\device_support\startup\mdk\startup_at32f45x.s
   Uses
      At line 63 in file ..\..\..\..\libraries\AT32F45x_Firmware_Library\cmsis\
cm4\device_support\startup\mdk\startup_at32f45x.s
      At line 229 in file ..\..\..\..\libraries\AT32F45x_Firmware_Library\cmsis
\cm4\device_support\startup\mdk\startup_at32f45x.s

FPU_IRQHandler 0000001A

Symbol: FPU_IRQHandler
   Definitions
      At line 389 in file ..\..\..\..\libraries\AT32F45x_Firmware_Library\cmsis
\cm4\device_support\startup\mdk\startup_at32f45x.s
   Uses
      At line 140 in file ..\..\..\..\libraries\AT32F45x_Firmware_Library\cmsis
\cm4\device_support\startup\mdk\startup_at32f45x.s
      At line 303 in file ..\..\..\..\libraries\AT32F45x_Firmware_Library\cmsis
\cm4\device_support\startup\mdk\startup_at32f45x.s

HardFault_Handler 0000000A

Symbol: HardFault_Handler
   Definitions
      At line 187 in file ..\..\..\..\libraries\AT32F45x_Firmware_Library\cmsis
\cm4\device_support\startup\mdk\startup_at32f45x.s
   Uses
      At line 44 in file ..\..\..\..\libraries\AT32F45x_Firmware_Library\cmsis\
cm4\device_support\startup\mdk\startup_at32f45x.s
      At line 188 in file ..\..\..\..\libraries\AT32F45x_Firmware_Library\cmsis
\cm4\device_support\startup\mdk\startup_at32f45x.s

I2C1_ERR_IRQHandler 0000001A

Symbol: I2C1_ERR_IRQHandler
   Definitions
      At line 343 in file ..\..\..\..\libraries\AT32F45x_Firmware_Library\cmsis
\cm4\device_support\startup\mdk\startup_at32f45x.s
   Uses
      At line 91 in file ..\..\..\..\libraries\AT32F45x_Firmware_Library\cmsis\



ARM Macro Assembler    Page 11 Alphabetic symbol ordering
Relocatable symbols

cm4\device_support\startup\mdk\startup_at32f45x.s
      At line 257 in file ..\..\..\..\libraries\AT32F45x_Firmware_Library\cmsis
\cm4\device_support\startup\mdk\startup_at32f45x.s

I2C1_EVT_IRQHandler 0000001A

Symbol: I2C1_EVT_IRQHandler
   Definitions
      At line 342 in file ..\..\..\..\libraries\AT32F45x_Firmware_Library\cmsis
\cm4\device_support\startup\mdk\startup_at32f45x.s
   Uses
      At line 90 in file ..\..\..\..\libraries\AT32F45x_Firmware_Library\cmsis\
cm4\device_support\startup\mdk\startup_at32f45x.s
      At line 256 in file ..\..\..\..\libraries\AT32F45x_Firmware_Library\cmsis
\cm4\device_support\startup\mdk\startup_at32f45x.s

I2C2_ERR_IRQHandler 0000001A

Symbol: I2C2_ERR_IRQHandler
   Definitions
      At line 345 in file ..\..\..\..\libraries\AT32F45x_Firmware_Library\cmsis
\cm4\device_support\startup\mdk\startup_at32f45x.s
   Uses
      At line 93 in file ..\..\..\..\libraries\AT32F45x_Firmware_Library\cmsis\
cm4\device_support\startup\mdk\startup_at32f45x.s
      At line 259 in file ..\..\..\..\libraries\AT32F45x_Firmware_Library\cmsis
\cm4\device_support\startup\mdk\startup_at32f45x.s

I2C2_EVT_IRQHandler 0000001A

Symbol: I2C2_EVT_IRQHandler
   Definitions
      At line 344 in file ..\..\..\..\libraries\AT32F45x_Firmware_Library\cmsis
\cm4\device_support\startup\mdk\startup_at32f45x.s
   Uses
      At line 92 in file ..\..\..\..\libraries\AT32F45x_Firmware_Library\cmsis\
cm4\device_support\startup\mdk\startup_at32f45x.s
      At line 258 in file ..\..\..\..\libraries\AT32F45x_Firmware_Library\cmsis
\cm4\device_support\startup\mdk\startup_at32f45x.s

I2C3_ERR_IRQHandler 0000001A

Symbol: I2C3_ERR_IRQHandler
   Definitions
      At line 382 in file ..\..\..\..\libraries\AT32F45x_Firmware_Library\cmsis
\cm4\device_support\startup\mdk\startup_at32f45x.s
   Uses
      At line 132 in file ..\..\..\..\libraries\AT32F45x_Firmware_Library\cmsis
\cm4\device_support\startup\mdk\startup_at32f45x.s
      At line 296 in file ..\..\..\..\libraries\AT32F45x_Firmware_Library\cmsis
\cm4\device_support\startup\mdk\startup_at32f45x.s

I2C3_EVT_IRQHandler 0000001A

Symbol: I2C3_EVT_IRQHandler
   Definitions
      At line 381 in file ..\..\..\..\libraries\AT32F45x_Firmware_Library\cmsis
\cm4\device_support\startup\mdk\startup_at32f45x.s
   Uses



ARM Macro Assembler    Page 12 Alphabetic symbol ordering
Relocatable symbols

      At line 131 in file ..\..\..\..\libraries\AT32F45x_Firmware_Library\cmsis
\cm4\device_support\startup\mdk\startup_at32f45x.s
      At line 295 in file ..\..\..\..\libraries\AT32F45x_Firmware_Library\cmsis
\cm4\device_support\startup\mdk\startup_at32f45x.s

I2SF5_IRQHandler 0000001A

Symbol: I2SF5_IRQHandler
   Definitions
      At line 393 in file ..\..\..\..\libraries\AT32F45x_Firmware_Library\cmsis
\cm4\device_support\startup\mdk\startup_at32f45x.s
   Uses
      At line 144 in file ..\..\..\..\libraries\AT32F45x_Firmware_Library\cmsis
\cm4\device_support\startup\mdk\startup_at32f45x.s
      At line 307 in file ..\..\..\..\libraries\AT32F45x_Firmware_Library\cmsis
\cm4\device_support\startup\mdk\startup_at32f45x.s

MemManage_Handler 0000000C

Symbol: MemManage_Handler
   Definitions
      At line 192 in file ..\..\..\..\libraries\AT32F45x_Firmware_Library\cmsis
\cm4\device_support\startup\mdk\startup_at32f45x.s
   Uses
      At line 45 in file ..\..\..\..\libraries\AT32F45x_Firmware_Library\cmsis\
cm4\device_support\startup\mdk\startup_at32f45x.s
      At line 193 in file ..\..\..\..\libraries\AT32F45x_Firmware_Library\cmsis
\cm4\device_support\startup\mdk\startup_at32f45x.s

NMI_Handler 00000008

Symbol: NMI_Handler
   Definitions
      At line 182 in file ..\..\..\..\libraries\AT32F45x_Firmware_Library\cmsis
\cm4\device_support\startup\mdk\startup_at32f45x.s
   Uses
      At line 43 in file ..\..\..\..\libraries\AT32F45x_Firmware_Library\cmsis\
cm4\device_support\startup\mdk\startup_at32f45x.s
      At line 183 in file ..\..\..\..\libraries\AT32F45x_Firmware_Library\cmsis
\cm4\device_support\startup\mdk\startup_at32f45x.s

OTGFS1_IRQHandler 0000001A

Symbol: OTGFS1_IRQHandler
   Definitions
      At line 377 in file ..\..\..\..\libraries\AT32F45x_Firmware_Library\cmsis
\cm4\device_support\startup\mdk\startup_at32f45x.s
   Uses
      At line 126 in file ..\..\..\..\libraries\AT32F45x_Firmware_Library\cmsis
\cm4\device_support\startup\mdk\startup_at32f45x.s
      At line 291 in file ..\..\..\..\libraries\AT32F45x_Firmware_Library\cmsis
\cm4\device_support\startup\mdk\startup_at32f45x.s

OTGFS1_WKUP_IRQHandler 0000001A

Symbol: OTGFS1_WKUP_IRQHandler
   Definitions
      At line 353 in file ..\..\..\..\libraries\AT32F45x_Firmware_Library\cmsis
\cm4\device_support\startup\mdk\startup_at32f45x.s



ARM Macro Assembler    Page 13 Alphabetic symbol ordering
Relocatable symbols

   Uses
      At line 101 in file ..\..\..\..\libraries\AT32F45x_Firmware_Library\cmsis
\cm4\device_support\startup\mdk\startup_at32f45x.s
      At line 267 in file ..\..\..\..\libraries\AT32F45x_Firmware_Library\cmsis
\cm4\device_support\startup\mdk\startup_at32f45x.s

PVM_IRQHandler 0000001A

Symbol: PVM_IRQHandler
   Definitions
      At line 312 in file ..\..\..\..\libraries\AT32F45x_Firmware_Library\cmsis
\cm4\device_support\startup\mdk\startup_at32f45x.s
   Uses
      At line 60 in file ..\..\..\..\libraries\AT32F45x_Firmware_Library\cmsis\
cm4\device_support\startup\mdk\startup_at32f45x.s
      At line 226 in file ..\..\..\..\libraries\AT32F45x_Firmware_Library\cmsis
\cm4\device_support\startup\mdk\startup_at32f45x.s

PendSV_Handler 00000016

Symbol: PendSV_Handler
   Definitions
      At line 215 in file ..\..\..\..\libraries\AT32F45x_Firmware_Library\cmsis
\cm4\device_support\startup\mdk\startup_at32f45x.s
   Uses
      At line 55 in file ..\..\..\..\libraries\AT32F45x_Firmware_Library\cmsis\
cm4\device_support\startup\mdk\startup_at32f45x.s
      At line 216 in file ..\..\..\..\libraries\AT32F45x_Firmware_Library\cmsis
\cm4\device_support\startup\mdk\startup_at32f45x.s

QSPI1_IRQHandler 0000001A

Symbol: QSPI1_IRQHandler
   Definitions
      At line 394 in file ..\..\..\..\libraries\AT32F45x_Firmware_Library\cmsis
\cm4\device_support\startup\mdk\startup_at32f45x.s
   Uses
      At line 151 in file ..\..\..\..\libraries\AT32F45x_Firmware_Library\cmsis
\cm4\device_support\startup\mdk\startup_at32f45x.s
      At line 308 in file ..\..\..\..\libraries\AT32F45x_Firmware_Library\cmsis
\cm4\device_support\startup\mdk\startup_at32f45x.s

Reset_Handler 00000000

Symbol: Reset_Handler
   Definitions
      At line 170 in file ..\..\..\..\libraries\AT32F45x_Firmware_Library\cmsis
\cm4\device_support\startup\mdk\startup_at32f45x.s
   Uses
      At line 42 in file ..\..\..\..\libraries\AT32F45x_Firmware_Library\cmsis\
cm4\device_support\startup\mdk\startup_at32f45x.s
      At line 171 in file ..\..\..\..\libraries\AT32F45x_Firmware_Library\cmsis
\cm4\device_support\startup\mdk\startup_at32f45x.s

SDIO1_IRQHandler 0000001A

Symbol: SDIO1_IRQHandler
   Definitions
      At line 359 in file ..\..\..\..\libraries\AT32F45x_Firmware_Library\cmsis



ARM Macro Assembler    Page 14 Alphabetic symbol ordering
Relocatable symbols

\cm4\device_support\startup\mdk\startup_at32f45x.s
   Uses
      At line 108 in file ..\..\..\..\libraries\AT32F45x_Firmware_Library\cmsis
\cm4\device_support\startup\mdk\startup_at32f45x.s
      At line 273 in file ..\..\..\..\libraries\AT32F45x_Firmware_Library\cmsis
\cm4\device_support\startup\mdk\startup_at32f45x.s

SPI1_IRQHandler 0000001A

Symbol: SPI1_IRQHandler
   Definitions
      At line 346 in file ..\..\..\..\libraries\AT32F45x_Firmware_Library\cmsis
\cm4\device_support\startup\mdk\startup_at32f45x.s
   Uses
      At line 94 in file ..\..\..\..\libraries\AT32F45x_Firmware_Library\cmsis\
cm4\device_support\startup\mdk\startup_at32f45x.s
      At line 260 in file ..\..\..\..\libraries\AT32F45x_Firmware_Library\cmsis
\cm4\device_support\startup\mdk\startup_at32f45x.s

SPI2_I2S2EXT_IRQHandler 0000001A

Symbol: SPI2_I2S2EXT_IRQHandler
   Definitions
      At line 347 in file ..\..\..\..\libraries\AT32F45x_Firmware_Library\cmsis
\cm4\device_support\startup\mdk\startup_at32f45x.s
   Uses
      At line 95 in file ..\..\..\..\libraries\AT32F45x_Firmware_Library\cmsis\
cm4\device_support\startup\mdk\startup_at32f45x.s
      At line 261 in file ..\..\..\..\libraries\AT32F45x_Firmware_Library\cmsis
\cm4\device_support\startup\mdk\startup_at32f45x.s

SPI3_I2S3EXT_IRQHandler 0000001A

Symbol: SPI3_I2S3EXT_IRQHandler
   Definitions
      At line 361 in file ..\..\..\..\libraries\AT32F45x_Firmware_Library\cmsis
\cm4\device_support\startup\mdk\startup_at32f45x.s
   Uses
      At line 110 in file ..\..\..\..\libraries\AT32F45x_Firmware_Library\cmsis
\cm4\device_support\startup\mdk\startup_at32f45x.s
      At line 275 in file ..\..\..\..\libraries\AT32F45x_Firmware_Library\cmsis
\cm4\device_support\startup\mdk\startup_at32f45x.s

SPI4_IRQHandler 0000001A

Symbol: SPI4_IRQHandler
   Definitions
      At line 392 in file ..\..\..\..\libraries\AT32F45x_Firmware_Library\cmsis
\cm4\device_support\startup\mdk\startup_at32f45x.s
   Uses
      At line 143 in file ..\..\..\..\libraries\AT32F45x_Firmware_Library\cmsis
\cm4\device_support\startup\mdk\startup_at32f45x.s
      At line 306 in file ..\..\..\..\libraries\AT32F45x_Firmware_Library\cmsis
\cm4\device_support\startup\mdk\startup_at32f45x.s

SVC_Handler 00000012

Symbol: SVC_Handler
   Definitions



ARM Macro Assembler    Page 15 Alphabetic symbol ordering
Relocatable symbols

      At line 206 in file ..\..\..\..\libraries\AT32F45x_Firmware_Library\cmsis
\cm4\device_support\startup\mdk\startup_at32f45x.s
   Uses
      At line 52 in file ..\..\..\..\libraries\AT32F45x_Firmware_Library\cmsis\
cm4\device_support\startup\mdk\startup_at32f45x.s
      At line 207 in file ..\..\..\..\libraries\AT32F45x_Firmware_Library\cmsis
\cm4\device_support\startup\mdk\startup_at32f45x.s

SysTick_Handler 00000018

Symbol: SysTick_Handler
   Definitions
      At line 219 in file ..\..\..\..\libraries\AT32F45x_Firmware_Library\cmsis
\cm4\device_support\startup\mdk\startup_at32f45x.s
   Uses
      At line 56 in file ..\..\..\..\libraries\AT32F45x_Firmware_Library\cmsis\
cm4\device_support\startup\mdk\startup_at32f45x.s
      At line 220 in file ..\..\..\..\libraries\AT32F45x_Firmware_Library\cmsis
\cm4\device_support\startup\mdk\startup_at32f45x.s

TAMP_STAMP_IRQHandler 0000001A

Symbol: TAMP_STAMP_IRQHandler
   Definitions
      At line 313 in file ..\..\..\..\libraries\AT32F45x_Firmware_Library\cmsis
\cm4\device_support\startup\mdk\startup_at32f45x.s
   Uses
      At line 61 in file ..\..\..\..\libraries\AT32F45x_Firmware_Library\cmsis\
cm4\device_support\startup\mdk\startup_at32f45x.s
      At line 227 in file ..\..\..\..\libraries\AT32F45x_Firmware_Library\cmsis
\cm4\device_support\startup\mdk\startup_at32f45x.s

TMR1_BRK_TMR9_IRQHandler 0000001A

Symbol: TMR1_BRK_TMR9_IRQHandler
   Definitions
      At line 335 in file ..\..\..\..\libraries\AT32F45x_Firmware_Library\cmsis
\cm4\device_support\startup\mdk\startup_at32f45x.s
   Uses
      At line 83 in file ..\..\..\..\libraries\AT32F45x_Firmware_Library\cmsis\
cm4\device_support\startup\mdk\startup_at32f45x.s
      At line 249 in file ..\..\..\..\libraries\AT32F45x_Firmware_Library\cmsis
\cm4\device_support\startup\mdk\startup_at32f45x.s

TMR1_CH_IRQHandler 0000001A

Symbol: TMR1_CH_IRQHandler
   Definitions
      At line 338 in file ..\..\..\..\libraries\AT32F45x_Firmware_Library\cmsis
\cm4\device_support\startup\mdk\startup_at32f45x.s
   Uses
      At line 86 in file ..\..\..\..\libraries\AT32F45x_Firmware_Library\cmsis\
cm4\device_support\startup\mdk\startup_at32f45x.s
      At line 252 in file ..\..\..\..\libraries\AT32F45x_Firmware_Library\cmsis
\cm4\device_support\startup\mdk\startup_at32f45x.s

TMR1_OVF_TMR10_IRQHandler 0000001A

Symbol: TMR1_OVF_TMR10_IRQHandler



ARM Macro Assembler    Page 16 Alphabetic symbol ordering
Relocatable symbols

   Definitions
      At line 336 in file ..\..\..\..\libraries\AT32F45x_Firmware_Library\cmsis
\cm4\device_support\startup\mdk\startup_at32f45x.s
   Uses
      At line 84 in file ..\..\..\..\libraries\AT32F45x_Firmware_Library\cmsis\
cm4\device_support\startup\mdk\startup_at32f45x.s
      At line 250 in file ..\..\..\..\libraries\AT32F45x_Firmware_Library\cmsis
\cm4\device_support\startup\mdk\startup_at32f45x.s

TMR1_TRG_HALL_TMR11_IRQHandler 0000001A

Symbol: TMR1_TRG_HALL_TMR11_IRQHandler
   Definitions
      At line 337 in file ..\..\..\..\libraries\AT32F45x_Firmware_Library\cmsis
\cm4\device_support\startup\mdk\startup_at32f45x.s
   Uses
      At line 85 in file ..\..\..\..\libraries\AT32F45x_Firmware_Library\cmsis\
cm4\device_support\startup\mdk\startup_at32f45x.s
      At line 251 in file ..\..\..\..\libraries\AT32F45x_Firmware_Library\cmsis
\cm4\device_support\startup\mdk\startup_at32f45x.s

TMR2_GLOBAL_IRQHandler 0000001A

Symbol: TMR2_GLOBAL_IRQHandler
   Definitions
      At line 339 in file ..\..\..\..\libraries\AT32F45x_Firmware_Library\cmsis
\cm4\device_support\startup\mdk\startup_at32f45x.s
   Uses
      At line 87 in file ..\..\..\..\libraries\AT32F45x_Firmware_Library\cmsis\
cm4\device_support\startup\mdk\startup_at32f45x.s
      At line 253 in file ..\..\..\..\libraries\AT32F45x_Firmware_Library\cmsis
\cm4\device_support\startup\mdk\startup_at32f45x.s

TMR3_GLOBAL_IRQHandler 0000001A

Symbol: TMR3_GLOBAL_IRQHandler
   Definitions
      At line 340 in file ..\..\..\..\libraries\AT32F45x_Firmware_Library\cmsis
\cm4\device_support\startup\mdk\startup_at32f45x.s
   Uses
      At line 88 in file ..\..\..\..\libraries\AT32F45x_Firmware_Library\cmsis\
cm4\device_support\startup\mdk\startup_at32f45x.s
      At line 254 in file ..\..\..\..\libraries\AT32F45x_Firmware_Library\cmsis
\cm4\device_support\startup\mdk\startup_at32f45x.s

TMR4_GLOBAL_IRQHandler 0000001A

Symbol: TMR4_GLOBAL_IRQHandler
   Definitions
      At line 341 in file ..\..\..\..\libraries\AT32F45x_Firmware_Library\cmsis
\cm4\device_support\startup\mdk\startup_at32f45x.s
   Uses
      At line 89 in file ..\..\..\..\libraries\AT32F45x_Firmware_Library\cmsis\
cm4\device_support\startup\mdk\startup_at32f45x.s
      At line 255 in file ..\..\..\..\libraries\AT32F45x_Firmware_Library\cmsis
\cm4\device_support\startup\mdk\startup_at32f45x.s

TMR5_GLOBAL_IRQHandler 0000001A




ARM Macro Assembler    Page 17 Alphabetic symbol ordering
Relocatable symbols

Symbol: TMR5_GLOBAL_IRQHandler
   Definitions
      At line 360 in file ..\..\..\..\libraries\AT32F45x_Firmware_Library\cmsis
\cm4\device_support\startup\mdk\startup_at32f45x.s
   Uses
      At line 109 in file ..\..\..\..\libraries\AT32F45x_Firmware_Library\cmsis
\cm4\device_support\startup\mdk\startup_at32f45x.s
      At line 274 in file ..\..\..\..\libraries\AT32F45x_Firmware_Library\cmsis
\cm4\device_support\startup\mdk\startup_at32f45x.s

TMR6_DAC_GLOBAL_IRQHandler 0000001A

Symbol: TMR6_DAC_GLOBAL_IRQHandler
   Definitions
      At line 364 in file ..\..\..\..\libraries\AT32F45x_Firmware_Library\cmsis
\cm4\device_support\startup\mdk\startup_at32f45x.s
   Uses
      At line 113 in file ..\..\..\..\libraries\AT32F45x_Firmware_Library\cmsis
\cm4\device_support\startup\mdk\startup_at32f45x.s
      At line 278 in file ..\..\..\..\libraries\AT32F45x_Firmware_Library\cmsis
\cm4\device_support\startup\mdk\startup_at32f45x.s

TMR7_GLOBAL_IRQHandler 0000001A

Symbol: TMR7_GLOBAL_IRQHandler
   Definitions
      At line 365 in file ..\..\..\..\libraries\AT32F45x_Firmware_Library\cmsis
\cm4\device_support\startup\mdk\startup_at32f45x.s
   Uses
      At line 114 in file ..\..\..\..\libraries\AT32F45x_Firmware_Library\cmsis
\cm4\device_support\startup\mdk\startup_at32f45x.s
      At line 279 in file ..\..\..\..\libraries\AT32F45x_Firmware_Library\cmsis
\cm4\device_support\startup\mdk\startup_at32f45x.s

TMR8_BRK_TMR12_IRQHandler 0000001A

Symbol: TMR8_BRK_TMR12_IRQHandler
   Definitions
      At line 354 in file ..\..\..\..\libraries\AT32F45x_Firmware_Library\cmsis
\cm4\device_support\startup\mdk\startup_at32f45x.s
   Uses
      At line 102 in file ..\..\..\..\libraries\AT32F45x_Firmware_Library\cmsis
\cm4\device_support\startup\mdk\startup_at32f45x.s
      At line 268 in file ..\..\..\..\libraries\AT32F45x_Firmware_Library\cmsis
\cm4\device_support\startup\mdk\startup_at32f45x.s

TMR8_CH_IRQHandler 0000001A

Symbol: TMR8_CH_IRQHandler
   Definitions
      At line 357 in file ..\..\..\..\libraries\AT32F45x_Firmware_Library\cmsis
\cm4\device_support\startup\mdk\startup_at32f45x.s
   Uses
      At line 105 in file ..\..\..\..\libraries\AT32F45x_Firmware_Library\cmsis
\cm4\device_support\startup\mdk\startup_at32f45x.s
      At line 271 in file ..\..\..\..\libraries\AT32F45x_Firmware_Library\cmsis
\cm4\device_support\startup\mdk\startup_at32f45x.s

TMR8_OVF_TMR13_IRQHandler 0000001A



ARM Macro Assembler    Page 18 Alphabetic symbol ordering
Relocatable symbols


Symbol: TMR8_OVF_TMR13_IRQHandler
   Definitions
      At line 355 in file ..\..\..\..\libraries\AT32F45x_Firmware_Library\cmsis
\cm4\device_support\startup\mdk\startup_at32f45x.s
   Uses
      At line 103 in file ..\..\..\..\libraries\AT32F45x_Firmware_Library\cmsis
\cm4\device_support\startup\mdk\startup_at32f45x.s
      At line 269 in file ..\..\..\..\libraries\AT32F45x_Firmware_Library\cmsis
\cm4\device_support\startup\mdk\startup_at32f45x.s

TMR8_TRG_HALL_TMR14_IRQHandler 0000001A

Symbol: TMR8_TRG_HALL_TMR14_IRQHandler
   Definitions
      At line 356 in file ..\..\..\..\libraries\AT32F45x_Firmware_Library\cmsis
\cm4\device_support\startup\mdk\startup_at32f45x.s
   Uses
      At line 104 in file ..\..\..\..\libraries\AT32F45x_Firmware_Library\cmsis
\cm4\device_support\startup\mdk\startup_at32f45x.s
      At line 270 in file ..\..\..\..\libraries\AT32F45x_Firmware_Library\cmsis
\cm4\device_support\startup\mdk\startup_at32f45x.s

TRNG_IRQHandler 0000001A

Symbol: TRNG_IRQHandler
   Definitions
      At line 388 in file ..\..\..\..\libraries\AT32F45x_Firmware_Library\cmsis
\cm4\device_support\startup\mdk\startup_at32f45x.s
   Uses
      At line 139 in file ..\..\..\..\libraries\AT32F45x_Firmware_Library\cmsis
\cm4\device_support\startup\mdk\startup_at32f45x.s
      At line 302 in file ..\..\..\..\libraries\AT32F45x_Firmware_Library\cmsis
\cm4\device_support\startup\mdk\startup_at32f45x.s

USART1_IRQHandler 0000001A

Symbol: USART1_IRQHandler
   Definitions
      At line 348 in file ..\..\..\..\libraries\AT32F45x_Firmware_Library\cmsis
\cm4\device_support\startup\mdk\startup_at32f45x.s
   Uses
      At line 96 in file ..\..\..\..\libraries\AT32F45x_Firmware_Library\cmsis\
cm4\device_support\startup\mdk\startup_at32f45x.s
      At line 262 in file ..\..\..\..\libraries\AT32F45x_Firmware_Library\cmsis
\cm4\device_support\startup\mdk\startup_at32f45x.s

USART2_IRQHandler 0000001A

Symbol: USART2_IRQHandler
   Definitions
      At line 349 in file ..\..\..\..\libraries\AT32F45x_Firmware_Library\cmsis
\cm4\device_support\startup\mdk\startup_at32f45x.s
   Uses
      At line 97 in file ..\..\..\..\libraries\AT32F45x_Firmware_Library\cmsis\
cm4\device_support\startup\mdk\startup_at32f45x.s
      At line 263 in file ..\..\..\..\libraries\AT32F45x_Firmware_Library\cmsis
\cm4\device_support\startup\mdk\startup_at32f45x.s




ARM Macro Assembler    Page 19 Alphabetic symbol ordering
Relocatable symbols

USART3_IRQHandler 0000001A

Symbol: USART3_IRQHandler
   Definitions
      At line 350 in file ..\..\..\..\libraries\AT32F45x_Firmware_Library\cmsis
\cm4\device_support\startup\mdk\startup_at32f45x.s
   Uses
      At line 98 in file ..\..\..\..\libraries\AT32F45x_Firmware_Library\cmsis\
cm4\device_support\startup\mdk\startup_at32f45x.s
      At line 264 in file ..\..\..\..\libraries\AT32F45x_Firmware_Library\cmsis
\cm4\device_support\startup\mdk\startup_at32f45x.s

USART4_IRQHandler 0000001A

Symbol: USART4_IRQHandler
   Definitions
      At line 362 in file ..\..\..\..\libraries\AT32F45x_Firmware_Library\cmsis
\cm4\device_support\startup\mdk\startup_at32f45x.s
   Uses
      At line 111 in file ..\..\..\..\libraries\AT32F45x_Firmware_Library\cmsis
\cm4\device_support\startup\mdk\startup_at32f45x.s
      At line 276 in file ..\..\..\..\libraries\AT32F45x_Firmware_Library\cmsis
\cm4\device_support\startup\mdk\startup_at32f45x.s

USART5_IRQHandler 0000001A

Symbol: USART5_IRQHandler
   Definitions
      At line 363 in file ..\..\..\..\libraries\AT32F45x_Firmware_Library\cmsis
\cm4\device_support\startup\mdk\startup_at32f45x.s
   Uses
      At line 112 in file ..\..\..\..\libraries\AT32F45x_Firmware_Library\cmsis
\cm4\device_support\startup\mdk\startup_at32f45x.s
      At line 277 in file ..\..\..\..\libraries\AT32F45x_Firmware_Library\cmsis
\cm4\device_support\startup\mdk\startup_at32f45x.s

USART6_IRQHandler 0000001A

Symbol: USART6_IRQHandler
   Definitions
      At line 380 in file ..\..\..\..\libraries\AT32F45x_Firmware_Library\cmsis
\cm4\device_support\startup\mdk\startup_at32f45x.s
   Uses
      At line 130 in file ..\..\..\..\libraries\AT32F45x_Firmware_Library\cmsis
\cm4\device_support\startup\mdk\startup_at32f45x.s
      At line 294 in file ..\..\..\..\libraries\AT32F45x_Firmware_Library\cmsis
\cm4\device_support\startup\mdk\startup_at32f45x.s

USART7_IRQHandler 0000001A

Symbol: USART7_IRQHandler
   Definitions
      At line 390 in file ..\..\..\..\libraries\AT32F45x_Firmware_Library\cmsis
\cm4\device_support\startup\mdk\startup_at32f45x.s
   Uses
      At line 141 in file ..\..\..\..\libraries\AT32F45x_Firmware_Library\cmsis
\cm4\device_support\startup\mdk\startup_at32f45x.s
      At line 304 in file ..\..\..\..\libraries\AT32F45x_Firmware_Library\cmsis
\cm4\device_support\startup\mdk\startup_at32f45x.s



ARM Macro Assembler    Page 20 Alphabetic symbol ordering
Relocatable symbols


USART8_IRQHandler 0000001A

Symbol: USART8_IRQHandler
   Definitions
      At line 391 in file ..\..\..\..\libraries\AT32F45x_Firmware_Library\cmsis
\cm4\device_support\startup\mdk\startup_at32f45x.s
   Uses
      At line 142 in file ..\..\..\..\libraries\AT32F45x_Firmware_Library\cmsis
\cm4\device_support\startup\mdk\startup_at32f45x.s
      At line 305 in file ..\..\..\..\libraries\AT32F45x_Firmware_Library\cmsis
\cm4\device_support\startup\mdk\startup_at32f45x.s

UsageFault_Handler 00000010

Symbol: UsageFault_Handler
   Definitions
      At line 202 in file ..\..\..\..\libraries\AT32F45x_Firmware_Library\cmsis
\cm4\device_support\startup\mdk\startup_at32f45x.s
   Uses
      At line 47 in file ..\..\..\..\libraries\AT32F45x_Firmware_Library\cmsis\
cm4\device_support\startup\mdk\startup_at32f45x.s
      At line 203 in file ..\..\..\..\libraries\AT32F45x_Firmware_Library\cmsis
\cm4\device_support\startup\mdk\startup_at32f45x.s

WWDT_IRQHandler 0000001A

Symbol: WWDT_IRQHandler
   Definitions
      At line 311 in file ..\..\..\..\libraries\AT32F45x_Firmware_Library\cmsis
\cm4\device_support\startup\mdk\startup_at32f45x.s
   Uses
      At line 59 in file ..\..\..\..\libraries\AT32F45x_Firmware_Library\cmsis\
cm4\device_support\startup\mdk\startup_at32f45x.s
      At line 225 in file ..\..\..\..\libraries\AT32F45x_Firmware_Library\cmsis
\cm4\device_support\startup\mdk\startup_at32f45x.s

XMC_IRQHandler 0000001A

Symbol: XMC_IRQHandler
   Definitions
      At line 358 in file ..\..\..\..\libraries\AT32F45x_Firmware_Library\cmsis
\cm4\device_support\startup\mdk\startup_at32f45x.s
   Uses
      At line 107 in file ..\..\..\..\libraries\AT32F45x_Firmware_Library\cmsis
\cm4\device_support\startup\mdk\startup_at32f45x.s
      At line 272 in file ..\..\..\..\libraries\AT32F45x_Firmware_Library\cmsis
\cm4\device_support\startup\mdk\startup_at32f45x.s

98 symbols



ARM Macro Assembler    Page 1 Alphabetic symbol ordering
Absolute symbols

Heap_Size 00000200

Symbol: Heap_Size
   Definitions
      At line 24 in file ..\..\..\..\libraries\AT32F45x_Firmware_Library\cmsis\
cm4\device_support\startup\mdk\startup_at32f45x.s
   Uses
      At line 28 in file ..\..\..\..\libraries\AT32F45x_Firmware_Library\cmsis\
cm4\device_support\startup\mdk\startup_at32f45x.s
Comment: Heap_Size used once
Stack_Size 00000400

Symbol: Stack_Size
   Definitions
      At line 14 in file ..\..\..\..\libraries\AT32F45x_Firmware_Library\cmsis\
cm4\device_support\startup\mdk\startup_at32f45x.s
   Uses
      At line 17 in file ..\..\..\..\libraries\AT32F45x_Firmware_Library\cmsis\
cm4\device_support\startup\mdk\startup_at32f45x.s
Comment: Stack_Size used once
__Vectors_Size 000001E0

Symbol: __Vectors_Size
   Definitions
      At line 165 in file ..\..\..\..\libraries\AT32F45x_Firmware_Library\cmsis
\cm4\device_support\startup\mdk\startup_at32f45x.s
   Uses
      At line 39 in file ..\..\..\..\libraries\AT32F45x_Firmware_Library\cmsis\
cm4\device_support\startup\mdk\startup_at32f45x.s
Comment: __Vectors_Size used once
3 symbols



ARM Macro Assembler    Page 1 Alphabetic symbol ordering
External symbols

SystemInit 00000000

Symbol: SystemInit
   Definitions
      At line 173 in file ..\..\..\..\libraries\AT32F45x_Firmware_Library\cmsis
\cm4\device_support\startup\mdk\startup_at32f45x.s
   Uses
      At line 174 in file ..\..\..\..\libraries\AT32F45x_Firmware_Library\cmsis
\cm4\device_support\startup\mdk\startup_at32f45x.s
Comment: SystemInit used once
__main 00000000

Symbol: __main
   Definitions
      At line 172 in file ..\..\..\..\libraries\AT32F45x_Firmware_Library\cmsis
\cm4\device_support\startup\mdk\startup_at32f45x.s
   Uses
      At line 176 in file ..\..\..\..\libraries\AT32F45x_Firmware_Library\cmsis
\cm4\device_support\startup\mdk\startup_at32f45x.s
Comment: __main used once
2 symbols
449 symbols in table
